Archive member included because of file (symbol)

C:\Users\mido2008\Documents\LPCXpresso_7.6.2_326\workspace2\arm_pro_mini_lib\Release\libarm_pro_mini_lib.a(usb_serial.o)
                              ./src/Smart_Garden_Lights.o (usb_serial::setup())
C:\Users\mido2008\Documents\LPCXpresso_7.6.2_326\workspace2\arm_pro_mini_lib\Release\libarm_pro_mini_lib.a(cr_startup_lpc11uxx.o)
                              (ResetISR)
C:\Users\mido2008\Documents\LPCXpresso_7.6.2_326\workspace2\arm_pro_mini_lib\Release\libarm_pro_mini_lib.a(sysinit.o)
                              C:\Users\mido2008\Documents\LPCXpresso_7.6.2_326\workspace2\arm_pro_mini_lib\Release\libarm_pro_mini_lib.a(cr_startup_lpc11uxx.o) (SystemInit)
C:\Users\mido2008\Documents\LPCXpresso_7.6.2_326\workspace2\arm_pro_mini_lib\Release\libarm_pro_mini_lib.a(clock_11xx.o)
                              C:\Users\mido2008\Documents\LPCXpresso_7.6.2_326\workspace2\arm_pro_mini_lib\Release\libarm_pro_mini_lib.a(usb_serial.o) (Chip_Clock_SetUSBClockSource)
C:\Users\mido2008\Documents\LPCXpresso_7.6.2_326\workspace2\arm_pro_mini_lib\Release\libarm_pro_mini_lib.a(iocon_11xx.o)
                              ./src/Smart_Garden_Lights.o (Chip_IOCON_PinMuxSet)
C:\Users\mido2008\Documents\LPCXpresso_7.6.2_326\workspace2\arm_pro_mini_lib\Release\libarm_pro_mini_lib.a(sysctl_11xx.o)
                              C:\Users\mido2008\Documents\LPCXpresso_7.6.2_326\workspace2\arm_pro_mini_lib\Release\libarm_pro_mini_lib.a(usb_serial.o) (Chip_SYSCTL_PowerUp)
C:\Users\mido2008\Documents\LPCXpresso_7.6.2_326\workspace2\arm_pro_mini_lib\Release\libarm_pro_mini_lib.a(timer_11xx.o)
                              ./src/Smart_Garden_Lights.o (Chip_TIMER_Init)
C:\Users\mido2008\Documents\LPCXpresso_7.6.2_326\workspace2\arm_pro_mini_lib\Release\libarm_pro_mini_lib.a(board_sys_init.o)
                              C:\Users\mido2008\Documents\LPCXpresso_7.6.2_326\workspace2\arm_pro_mini_lib\Release\libarm_pro_mini_lib.a(sysinit.o) (Board_SystemInit)
C:\Users\mido2008\Documents\LPCXpresso_7.6.2_326\workspace2\arm_pro_mini_lib\Release\libarm_pro_mini_lib.a(arm_pro_mini.o)
                              ./src/Smart_Garden_Lights.o (setup)
C:\Users\mido2008\Documents\LPCXpresso_7.6.2_326\workspace2\arm_pro_mini_lib\Release\libarm_pro_mini_lib.a(isp_button_monitor.o)
                              ./src/Smart_Garden_Lights.o (isp_button_monitor::setup())
C:\Users\mido2008\Documents\LPCXpresso_7.6.2_326\workspace2\arm_pro_mini_lib\Release\libarm_pro_mini_lib.a(cdc_desc.o)
                              C:\Users\mido2008\Documents\LPCXpresso_7.6.2_326\workspace2\arm_pro_mini_lib\Release\libarm_pro_mini_lib.a(usb_serial.o) (USB_StringDescriptor)
C:\Users\mido2008\Documents\LPCXpresso_7.6.2_326\workspace2\arm_pro_mini_lib\Release\libarm_pro_mini_lib.a(cdc_vcom.o)
                              C:\Users\mido2008\Documents\LPCXpresso_7.6.2_326\workspace2\arm_pro_mini_lib\Release\libarm_pro_mini_lib.a(usb_serial.o) (g_vCOM)
C:\Users\mido2008\Documents\LPCXpresso_7.6.2_326\workspace2\arm_pro_mini_lib\Release\libarm_pro_mini_lib.a(chip_11xx.o)
                              C:\Users\mido2008\Documents\LPCXpresso_7.6.2_326\workspace2\arm_pro_mini_lib\Release\libarm_pro_mini_lib.a(arm_pro_mini.o) (SystemCoreClockUpdate)
C:\Users\mido2008\Documents\LPCXpresso_7.6.2_326\workspace2\arm_pro_mini_lib\Release\libarm_pro_mini_lib.a(gpio_11xx_1.o)
                              C:\Users\mido2008\Documents\LPCXpresso_7.6.2_326\workspace2\arm_pro_mini_lib\Release\libarm_pro_mini_lib.a(arm_pro_mini.o) (Chip_GPIO_Init)
C:\Users\mido2008\Documents\LPCXpresso_7.6.2_326\workspace2\arm_pro_mini_lib\Release\libarm_pro_mini_lib.a(wwdt_11xx.o)
                              C:\Users\mido2008\Documents\LPCXpresso_7.6.2_326\workspace2\arm_pro_mini_lib\Release\libarm_pro_mini_lib.a(arm_pro_mini.o) (Chip_WWDT_DeInit)
c:/nxp/lpcxpresso_7.6.2_326/lpcxpresso/tools/bin/../lib/gcc/arm-none-eabi/4.9.3/armv6-m\libgcc.a(_udivsi3.o)
                              ./src/Smart_Garden_Lights.o (__aeabi_uidiv)
c:/nxp/lpcxpresso_7.6.2_326/lpcxpresso/tools/bin/../lib/gcc/arm-none-eabi/4.9.3/armv6-m\libgcc.a(_divsi3.o)
                              ./src/Smart_Garden_Lights.o (__aeabi_idiv)
c:/nxp/lpcxpresso_7.6.2_326/lpcxpresso/tools/bin/../lib/gcc/arm-none-eabi/4.9.3/armv6-m\libgcc.a(_dvmd_tls.o)
                              c:/nxp/lpcxpresso_7.6.2_326/lpcxpresso/tools/bin/../lib/gcc/arm-none-eabi/4.9.3/armv6-m\libgcc.a(_udivsi3.o) (__aeabi_idiv0)
c:/nxp/lpcxpresso_7.6.2_326/lpcxpresso/tools/bin/../lib/gcc/arm-none-eabi/4.9.3/armv6-m\libgcc.a(divsf3.o)
                              ./src/Smart_Garden_Lights.o (__aeabi_fdiv)
c:/nxp/lpcxpresso_7.6.2_326/lpcxpresso/tools/bin/../lib/gcc/arm-none-eabi/4.9.3/armv6-m\libgcc.a(mulsf3.o)
                              ./src/Smart_Garden_Lights.o (__aeabi_fmul)
c:/nxp/lpcxpresso_7.6.2_326/lpcxpresso/tools/bin/../lib/gcc/arm-none-eabi/4.9.3/armv6-m\libgcc.a(subsf3.o)
[...]
Memory Configuration

Name             Origin             Length             Attributes
MFlash64         0x00000000         0x00010000         xr
RamLoc8          0x10000000         0x00002000         xrw
RamUsb2          0x20004000         0x00000800         xrw
SRAM1_2          0x20000000         0x00000800         xrw
*default*        0x00000000         0xffffffff

Linker script and memory map

LOAD ./src/Smart_Garden_Lights.o
LOAD C:\Users\mido2008\Documents\LPCXpresso_7.6.2_326\workspace2\arm_pro_mini_lib\Release\libarm_pro_mini_lib.a
START GROUP
LOAD c:/nxp/lpcxpresso_7.6.2_326/lpcxpresso/tools/bin/../lib/gcc/arm-none-eabi/4.9.3/armv6-m\libgcc.a
LOAD c:/nxp/lpcxpresso_7.6.2_326/lpcxpresso/tools/bin/../lib/gcc/arm-none-eabi/4.9.3/../../../../arm-none-eabi/lib/armv6-m\libc_nano.a
LOAD c:/nxp/lpcxpresso_7.6.2_326/lpcxpresso/tools/bin/../lib/gcc/arm-none-eabi/4.9.3/../../../../arm-none-eabi/lib/armv6-m\libstdc++_nano.a
LOAD c:/nxp/lpcxpresso_7.6.2_326/lpcxpresso/tools/bin/../lib/gcc/arm-none-eabi/4.9.3/../../../../arm-none-eabi/lib/armv6-m\libm.a
LOAD c:/nxp/lpcxpresso_7.6.2_326/lpcxpresso/tools/bin/../lib/gcc/arm-none-eabi/4.9.3/../../../../arm-none-eabi/lib/armv6-m\libcr_newlib_nohost.a
LOAD c:/nxp/lpcxpresso_7.6.2_326/lpcxpresso/tools/bin/../lib/gcc/arm-none-eabi/4.9.3/armv6-m\crti.o
LOAD c:/nxp/lpcxpresso_7.6.2_326/lpcxpresso/tools/bin/../lib/gcc/arm-none-eabi/4.9.3/armv6-m\crtn.o
LOAD c:/nxp/lpcxpresso_7.6.2_326/lpcxpresso/tools/bin/../lib/gcc/arm-none-eabi/4.9.3/armv6-m\crtbegin.o
LOAD c:/nxp/lpcxpresso_7.6.2_326/lpcxpresso/tools/bin/../lib/gcc/arm-none-eabi/4.9.3/armv6-m\crtend.o
END GROUP
                0x00010000                __top_MFlash64 = 0x10000
                0x10002000                __top_RamLoc8 = 0x10002000
                0x20004800                __top_RamUsb2 = 0x20004800
                0x20000800                __top_SRAM1_2 = 0x20000800

.text           0x00000000     0xbe08
 FILL mask 0xff
                0x00000000                __vectors_start__ = ABSOLUTE (.)
 *(.isr_vector)
 .isr_vector    0x00000000       0xc0 C:\Users\mido2008\Documents\LPCXpresso_7.6.2_326\workspace2\arm_pro_mini_lib\Release\libarm_pro_mini_lib.a(cr_startup_lpc11uxx.o)
                0x00000000                g_pfnVectors
                0x000000c0                . = ALIGN (0x4)
                0x000000c0                __section_table_start = .
                0x000000c0                __data_section_table = .
                0x000000c0        0x4 LONG 0xbe08 LOADADDR (.data)
                0x000000c4        0x4 LONG 0x10000000 ADDR (.data)
                0x000000c8        0x4 LONG 0xf0 SIZEOF (.data)
                0x000000cc        0x4 LONG 0xbe08 LOADADDR (.data_RAM2)
                0x000000d0        0x4 LONG 0x20004000 ADDR (.data_RAM2)
                0x000000d4        0x4 LONG 0x0 SIZEOF (.data_RAM2)
                0x000000d8        0x4 LONG 0xbe08 LOADADDR (.data_RAM3)
                0x000000dc        0x4 LONG 0x20000000 ADDR (.data_RAM3)
                0x000000e0        0x4 LONG 0x0 SIZEOF (.data_RAM3)
                0x000000e4                __data_section_table_end = .
                0x000000e4                __bss_section_table = .
                0x000000e4        0x4 LONG 0x100000f0 ADDR (.bss)
                0x000000e8        0x4 LONG 0x238 SIZEOF (.bss)
                0x000000ec        0x4 LONG 0x20004000 ADDR (.bss_RAM2)
                0x000000f0        0x4 LONG 0x0 SIZEOF (.bss_RAM2)
                0x000000f4        0x4 LONG 0x20000000 ADDR (.bss_RAM3)
                0x000000f8        0x4 LONG 0x0 SIZEOF (.bss_RAM3)
                0x000000fc                __bss_section_table_end = .
                0x000000fc                __section_table_end = .
 *(.after_vectors*)
 .after_vectors
                0x000000fc       0x84 C:\Users\mido2008\Documents\LPCXpresso_7.6.2_326\workspace2\arm_pro_mini_lib\Release\libarm_pro_mini_lib.a(cr_startup_lpc11uxx.o)
                0x000000fc                NMI_Handler
                0x000000fe                HardFault_Handler
                0x00000100                SVC_Handler
                0x00000102                PendSV_Handler
                0x00000104                SysTick_Handler
                0x00000106                UART_IRQHandler
                0x00000106                TIMER32_0_IRQHandler
                0x00000106                FLEX_INT7_IRQHandler
                0x00000106                FLEX_INT1_IRQHandler
                0x00000106                IntDefaultHandler
                0x00000106                SSP0_IRQHandler
                0x00000106                USBWakeup_IRQHandler
                0x00000106                FLEX_INT0_IRQHandler
                0x00000106                FLEX_INT2_IRQHandler
                0x00000106                TIMER16_1_IRQHandler
                0x00000106                USB_FIQHandler
                0x00000106                FLEX_INT5_IRQHandler
                0x00000106                ADC_IRQHandler
                0x00000106                SSP1_IRQHandler
                0x00000106                FLEX_INT3_IRQHandler
                0x00000106                FMC_IRQHandler
                0x00000106                BOD_IRQHandler
                0x00000106                I2C_IRQHandler
                0x00000106                FLEX_INT6_IRQHandler
                0x00000106                WDT_IRQHandler
                0x00000106                TIMER16_0_IRQHandler
                0x00000106                GINT0_IRQHandler
                0x00000106                FLEX_INT4_IRQHandler
                0x00000106                GINT1_IRQHandler
                0x00000108                data_init(unsigned int, unsigned int, unsigned int)
                0x0000011a                bss_init(unsigned int, unsigned int)
                0x0000012a                ResetISR
 *(.text*)
 .text._Z6scanf3PKcz
                0x00000180       0x7c ./src/Smart_Garden_Lights.o
                0x00000180                scanf3(char const*, ...)
 .text._Z11Do_the_Mathv
                0x000001fc      0x9a4 ./src/Smart_Garden_Lights.o
                0x000001fc                Do_the_Math()
 .text._Z9INTERRUPTv
                0x00000ba0       0xa4 ./src/Smart_Garden_Lights.o
                0x00000ba0                INTERRUPT()
 .text.TIMER32_1_IRQHandler
                0x00000c44       0x14 ./src/Smart_Garden_Lights.o
                0x00000c44                TIMER32_1_IRQHandler
 .text.startup.main
                0x00000c58      0x218 ./src/Smart_Garden_Lights.o
                0x00000c58                main
 .text.startup._GLOBAL__sub_I__Z7RADIANSd
                0x00000e70       0x58 ./src/Smart_Garden_Lights.o
 .text.find_IntfDesc
                0x00000ec8       0x1a C:\Users\mido2008\Documents\LPCXpresso_7.6.2_326\workspace2\arm_pro_mini_lib\Release\libarm_pro_mini_lib.a(usb_serial.o)
                0x00000ec8                find_IntfDesc
 *fill*         0x00000ee2        0x2 
 .text.USB_IRQHandler
                0x00000ee4       0x3c C:\Users\mido2008\Documents\LPCXpresso_7.6.2_326\workspace2\arm_pro_mini_lib\Release\libarm_pro_mini_lib.a(usb_serial.o)
                0x00000ee4                USB_IRQHandler
 .text._ZN10usb_serial5setupEv
                0x00000f20       0xd8 C:\Users\mido2008\Documents\LPCXpresso_7.6.2_326\workspace2\arm_pro_mini_lib\Release\libarm_pro_mini_lib.a(usb_serial.o)
                0x00000f20                usb_serial::setup()
 .text._ZN10usb_serial11Read_SerialEPh
                0x00000ff8       0x1c C:\Users\mido2008\Documents\LPCXpresso_7.6.2_326\workspace2\arm_pro_mini_lib\Release\libarm_pro_mini_lib.a(usb_serial.o)
                0x00000ff8                usb_serial::Read_Serial(unsigned char*)
 .text.SystemInit
                0x00001014        0x8 C:\Users\mido2008\Documents\LPCXpresso_7.6.2_326\workspace2\arm_pro_mini_lib\Release\libarm_pro_mini_lib.a(sysinit.o)
                0x00001014                SystemInit
 .text.Chip_Clock_SetSystemPLLSource
                0x0000101c       0x14 C:\Users\mido2008\Documents\LPCXpresso_7.6.2_326\workspace2\arm_pro_mini_lib\Release\libarm_pro_mini_lib.a(clock_11xx.o)
                0x0000101c                Chip_Clock_SetSystemPLLSource
 .text.Chip_Clock_SetUSBPLLSource
                0x00001030       0x14 C:\Users\mido2008\Documents\LPCXpresso_7.6.2_326\workspace2\arm_pro_mini_lib\Release\libarm_pro_mini_lib.a(clock_11xx.o)
                0x00001030                Chip_Clock_SetUSBPLLSource
 .text.Chip_Clock_SetMainClockSource
                0x00001044       0x14 C:\Users\mido2008\Documents\LPCXpresso_7.6.2_326\workspace2\arm_pro_mini_lib\Release\libarm_pro_mini_lib.a(clock_11xx.o)
                0x00001044                Chip_Clock_SetMainClockSource
 .text.Chip_Clock_SetUSBClockSource
                0x00001058       0x1c C:\Users\mido2008\Documents\LPCXpresso_7.6.2_326\workspace2\arm_pro_mini_lib\Release\libarm_pro_mini_lib.a(clock_11xx.o)
                0x00001058                Chip_Clock_SetUSBClockSource
 .text.Chip_Clock_GetWDTOSCRate
                0x00001074       0x28 C:\Users\mido2008\Documents\LPCXpresso_7.6.2_326\workspace2\arm_pro_mini_lib\Release\libarm_pro_mini_lib.a(clock_11xx.o)
                0x00001074                Chip_Clock_GetWDTOSCRate
 .text.Chip_Clock_GetSystemPLLInClockRate
                0x0000109c       0x28 C:\Users\mido2008\Documents\LPCXpresso_7.6.2_326\workspace2\arm_pro_mini_lib\Release\libarm_pro_mini_lib.a(clock_11xx.o)
                0x0000109c                Chip_Clock_GetSystemPLLInClockRate
 .text.Chip_Clock_GetSystemPLLOutClockRate
                0x000010c4       0x18 C:\Users\mido2008\Documents\LPCXpresso_7.6.2_326\workspace2\arm_pro_mini_lib\Release\libarm_pro_mini_lib.a(clock_11xx.o)
                0x000010c4                Chip_Clock_GetSystemPLLOutClockRate
 .text.Chip_Clock_GetMainClockRate
                0x000010dc       0x34 C:\Users\mido2008\Documents\LPCXpresso_7.6.2_326\workspace2\arm_pro_mini_lib\Release\libarm_pro_mini_lib.a(clock_11xx.o)
                0x000010dc                Chip_Clock_GetMainClockRate
 .text.Chip_Clock_GetSystemClockRate
                0x00001110       0x14 C:\Users\mido2008\Documents\LPCXpresso_7.6.2_326\workspace2\arm_pro_mini_lib\Release\libarm_pro_mini_lib.a(clock_11xx.o)
                0x00001110                Chip_Clock_GetSystemClockRate
 .text.Chip_IOCON_PinMuxSet
                0x00001124        0xc C:\Users\mido2008\Documents\LPCXpresso_7.6.2_326\workspace2\arm_pro_mini_lib\Release\libarm_pro_mini_lib.a(iocon_11xx.o)
                0x00001124                Chip_IOCON_PinMuxSet
 .text.Chip_SYSCTL_PowerDown
                0x00001130       0x20 C:\Users\mido2008\Documents\LPCXpresso_7.6.2_326\workspace2\arm_pro_mini_lib\Release\libarm_pro_mini_lib.a(sysctl_11xx.o)
                0x00001130                Chip_SYSCTL_PowerDown
 .text.Chip_SYSCTL_PowerUp
                0x00001150       0x24 C:\Users\mido2008\Documents\LPCXpresso_7.6.2_326\workspace2\arm_pro_mini_lib\Release\libarm_pro_mini_lib.a(sysctl_11xx.o)
                0x00001150                Chip_SYSCTL_PowerUp
 .text.Chip_TIMER_Init
                0x00001174       0x3c C:\Users\mido2008\Documents\LPCXpresso_7.6.2_326\workspace2\arm_pro_mini_lib\Release\libarm_pro_mini_lib.a(timer_11xx.o)
                0x00001174                Chip_TIMER_Init
 .text.Chip_TIMER_Reset
                0x000011b0       0x18 C:\Users\mido2008\Documents\LPCXpresso_7.6.2_326\workspace2\arm_pro_mini_lib\Release\libarm_pro_mini_lib.a(timer_11xx.o)
                0x000011b0                Chip_TIMER_Reset
 .text.Board_SystemInit
                0x000011c8       0xc4 C:\Users\mido2008\Documents\LPCXpresso_7.6.2_326\workspace2\arm_pro_mini_lib\Release\libarm_pro_mini_lib.a(board_sys_init.o)
                0x000011c8                Board_SystemInit
 .text._read    0x0000128c       0x30 C:\Users\mido2008\Documents\LPCXpresso_7.6.2_326\workspace2\arm_pro_mini_lib\Release\libarm_pro_mini_lib.a(board_sys_init.o)
                0x0000128c                _read
 .text._write   0x000012bc       0x24 C:\Users\mido2008\Documents\LPCXpresso_7.6.2_326\workspace2\arm_pro_mini_lib\Release\libarm_pro_mini_lib.a(board_sys_init.o)
                0x000012bc                _write
 .text.setup    0x000012e0       0x10 C:\Users\mido2008\Documents\LPCXpresso_7.6.2_326\workspace2\arm_pro_mini_lib\Release\libarm_pro_mini_lib.a(arm_pro_mini.o)
                0x000012e0                setup
 .text.ReinvokeISP
                0x000012f0       0x8c C:\Users\mido2008\Documents\LPCXpresso_7.6.2_326\workspace2\arm_pro_mini_lib\Release\libarm_pro_mini_lib.a(arm_pro_mini.o)
                0x000012f0                ReinvokeISP
 .text._ZN18isp_button_monitor5setupEv
                0x0000137c       0x12 C:\Users\mido2008\Documents\LPCXpresso_7.6.2_326\workspace2\arm_pro_mini_lib\Release\libarm_pro_mini_lib.a(isp_button_monitor.o)
                0x0000137c                isp_button_monitor::setup()
 .text._ZN18isp_button_monitor4loopEv
                0x0000138e       0x12 C:\Users\mido2008\Documents\LPCXpresso_7.6.2_326\workspace2\arm_pro_mini_lib\Release\libarm_pro_mini_lib.a(isp_button_monitor.o)
                0x0000138e                isp_button_monitor::loop()
 .text.VCOM_bulk_in_hdlr
                0x000013a0       0x10 C:\Users\mido2008\Documents\LPCXpresso_7.6.2_326\workspace2\arm_pro_mini_lib\Release\libarm_pro_mini_lib.a(cdc_vcom.o)
 .text.VCOM_SetLineCode
                0x000013b0       0x10 C:\Users\mido2008\Documents\LPCXpresso_7.6.2_326\workspace2\arm_pro_mini_lib\Release\libarm_pro_mini_lib.a(cdc_vcom.o)
 .text.VCOM_bulk_out_hdlr
                0x000013c0       0x78 C:\Users\mido2008\Documents\LPCXpresso_7.6.2_326\workspace2\arm_pro_mini_lib\Release\libarm_pro_mini_lib.a(cdc_vcom.o)
 .text.vcom_init
                0x00001438       0xb4 C:\Users\mido2008\Documents\LPCXpresso_7.6.2_326\workspace2\arm_pro_mini_lib\Release\libarm_pro_mini_lib.a(cdc_vcom.o)
                0x00001438                vcom_init
 .text.vcom_bread
                0x000014ec       0x58 C:\Users\mido2008\Documents\LPCXpresso_7.6.2_326\workspace2\arm_pro_mini_lib\Release\libarm_pro_mini_lib.a(cdc_vcom.o)
                0x000014ec                vcom_bread
 .text.vcom_write
                0x00001544       0x64 C:\Users\mido2008\Documents\LPCXpresso_7.6.2_326\workspace2\arm_pro_mini_lib\Release\libarm_pro_mini_lib.a(cdc_vcom.o)
                0x00001544                vcom_write
 .text.SystemCoreClockUpdate
                0x000015a8       0x10 C:\Users\mido2008\Documents\LPCXpresso_7.6.2_326\workspace2\arm_pro_mini_lib\Release\libarm_pro_mini_lib.a(chip_11xx.o)
                0x000015a8                SystemCoreClockUpdate
 .text.Chip_GPIO_Init
                0x000015b8       0x10 C:\Users\mido2008\Documents\LPCXpresso_7.6.2_326\workspace2\arm_pro_mini_lib\Release\libarm_pro_mini_lib.a(gpio_11xx_1.o)
                0x000015b8                Chip_GPIO_Init
 .text.Chip_WWDT_DeInit
                0x000015c8       0x14 C:\Users\mido2008\Documents\LPCXpresso_7.6.2_326\workspace2\arm_pro_mini_lib\Release\libarm_pro_mini_lib.a(wwdt_11xx.o)
                0x000015c8                Chip_WWDT_DeInit
 .text          0x000015dc      0x120 c:/nxp/lpcxpresso_7.6.2_326/lpcxpresso/tools/bin/../lib/gcc/arm-none-eabi/4.9.3/armv6-m\libgcc.a(_udivsi3.o)
                0x000015dc                __aeabi_uidiv
                0x000015dc                __udivsi3
                0x000016e8                __aeabi_uidivmod
 .text          0x000016fc      0x1e0 c:/nxp/lpcxpresso_7.6.2_326/lpcxpresso/tools/bin/../lib/gcc/arm-none-eabi/4.9.3/armv6-m\libgcc.a(_divsi3.o)
                0x000016fc                __divsi3
                0x000016fc                __aeabi_idiv
                0x000018c8                __aeabi_idivmod
 .text          0x000018dc        0x4 c:/nxp/lpcxpresso_7.6.2_326/lpcxpresso/tools/bin/../lib/gcc/arm-none-eabi/4.9.3/armv6-m\libgcc.a(_dvmd_tls.o)
                0x000018dc                __aeabi_idiv0
                0x000018dc                __aeabi_ldiv0
 .text          0x000018e0      0x270 c:/nxp/lpcxpresso_7.6.2_326/lpcxpresso/tools/bin/../lib/gcc/arm-none-eabi/4.9.3/armv6-m\libgcc.a(divsf3.o)
                0x000018e0                __aeabi_fdiv
 .text          0x00001b50      0x264 c:/nxp/lpcxpresso_7.6.2_326/lpcxpresso/tools/bin/../lib/gcc/arm-none-eabi/4.9.3/armv6-m\libgcc.a(mulsf3.o)
                0x00001b50                __aeabi_fmul
 .text          0x00001db4      0x2fc c:/nxp/lpcxpresso_7.6.2_326/lpcxpresso/tools/bin/../lib/gcc/arm-none-eabi/4.9.3/armv6-m\libgcc.a(subsf3.o)
                0x00001db4                __aeabi_fsub
 .text          0x000020b0      0x650 c:/nxp/lpcxpresso_7.6.2_326/lpcxpresso/tools/bin/../lib/gcc/arm-none-eabi/4.9.3/armv6-m\libgcc.a(adddf3.o)
                0x000020b0                __aeabi_dadd
 .text          0x00002700      0x648 c:/nxp/lpcxpresso_7.6.2_326/lpcxpresso/tools/bin/../lib/gcc/arm-none-eabi/4.9.3/armv6-m\libgcc.a(divdf3.o)
                0x00002700                __aeabi_ddiv
 .text          0x00002d48      0x534 c:/nxp/lpcxpresso_7.6.2_326/lpcxpresso/tools/bin/../lib/gcc/arm-none-eabi/4.9.3/armv6-m\libgcc.a(muldf3.o)
                0x00002d48                __aeabi_dmul
 .text          0x0000327c      0x6f4 c:/nxp/lpcxpresso_7.6.2_326/lpcxpresso/tools/bin/../lib/gcc/arm-none-eabi/4.9.3/armv6-m\libgcc.a(subdf3.o)
                0x0000327c                __aeabi_dsub
 .text          0x00003970       0x6c c:/nxp/lpcxpresso_7.6.2_326/lpcxpresso/tools/bin/../lib/gcc/arm-none-eabi/4.9.3/armv6-m\libgcc.a(fixdfsi.o)
                0x00003970                __aeabi_d2iz
 .text          0x000039dc       0x78 c:/nxp/lpcxpresso_7.6.2_326/lpcxpresso/tools/bin/../lib/gcc/arm-none-eabi/4.9.3/armv6-m\libgcc.a(floatsidf.o)
                0x000039dc                __aeabi_i2d
 .text          0x00003a54       0xa8 c:/nxp/lpcxpresso_7.6.2_326/lpcxpresso/tools/bin/../lib/gcc/arm-none-eabi/4.9.3/armv6-m\libgcc.a(extendsfdf2.o)
                0x00003a54                __aeabi_f2d
 .text          0x00003afc       0x3c c:/nxp/lpcxpresso_7.6.2_326/lpcxpresso/tools/bin/../lib/gcc/arm-none-eabi/4.9.3/armv6-m\libgcc.a(_clzsi2.o)
                0x00003afc                __clzsi2
 .text.__libc_init_array
                0x00003b38       0x4c c:/nxp/lpcxpresso_7.6.2_326/lpcxpresso/tools/bin/../lib/gcc/arm-none-eabi/4.9.3/../../../../arm-none-eabi/lib/armv6-m\libc_nano.a(lib_a-init.o)
                0x00003b38                __libc_init_array
 .text.memcpy   0x00003b84       0x12 c:/nxp/lpcxpresso_7.6.2_326/lpcxpresso/tools/bin/../lib/gcc/arm-none-eabi/4.9.3/../../../../arm-none-eabi/lib/armv6-m\libc_nano.a(lib_a-memcpy.o)
                0x00003b84                memcpy
 .text.memset   0x00003b96       0x10 c:/nxp/lpcxpresso_7.6.2_326/lpcxpresso/tools/bin/../lib/gcc/arm-none-eabi/4.9.3/../../../../arm-none-eabi/lib/armv6-m\libc_nano.a(lib_a-memset.o)
                0x00003b96                memset
 .text.__cvt    0x00003ba6       0xc8 c:/nxp/lpcxpresso_7.6.2_326/lpcxpresso/tools/bin/../lib/gcc/arm-none-eabi/4.9.3/../../../../arm-none-eabi/lib/armv6-m\libc_nano.a(lib_a-nano-vfprintf_float.o)
                0x00003ba6                __cvt
 .text.__exponent
                0x00003c6e       0x62 c:/nxp/lpcxpresso_7.6.2_326/lpcxpresso/tools/bin/../lib/gcc/arm-none-eabi/4.9.3/../../../../arm-none-eabi/lib/armv6-m\libc_nano.a(lib_a-nano-vfprintf_float.o)
                0x00003c6e                __exponent
 .text._printf_float
                0x00003cd0      0x470 c:/nxp/lpcxpresso_7.6.2_326/lpcxpresso/tools/bin/../lib/gcc/arm-none-eabi/4.9.3/../../../../arm-none-eabi/lib/armv6-m\libc_nano.a(lib_a-nano-vfprintf_float.o)
                0x00003cd0                _printf_float
 .text._printf_common
                0x00004140       0xdc c:/nxp/lpcxpresso_7.6.2_326/lpcxpresso/tools/bin/../lib/gcc/arm-none-eabi/4.9.3/../../../../arm-none-eabi/lib/armv6-m\libc_nano.a(lib_a-nano-vfprintf_i.o)
                0x00004140                _printf_common
 .text._printf_i
                0x0000421c      0x230 c:/nxp/lpcxpresso_7.6.2_326/lpcxpresso/tools/bin/../lib/gcc/arm-none-eabi/4.9.3/../../../../arm-none-eabi/lib/armv6-m\libc_nano.a(lib_a-nano-vfprintf_i.o)
                0x0000421c                _printf_i
 .text._scanf_float
                0x0000444c      0x3d4 c:/nxp/lpcxpresso_7.6.2_326/lpcxpresso/tools/bin/../lib/gcc/arm-none-eabi/4.9.3/../../../../arm-none-eabi/lib/armv6-m\libc_nano.a(lib_a-nano-vfscanf_float.o)
                0x0000444c                _scanf_float
 .text.printf   0x00004820       0x34 c:/nxp/lpcxpresso_7.6.2_326/lpcxpresso/tools/bin/../lib/gcc/arm-none-eabi/4.9.3/../../../../arm-none-eabi/lib/armv6-m\libc_nano.a(lib_a-printf.o)
                0x00004820                iprintf
                0x00004820                printf
 .text.__fpclassifyd
                0x00004854       0x50 c:/nxp/lpcxpresso_7.6.2_326/lpcxpresso/tools/bin/../lib/gcc/arm-none-eabi/4.9.3/../../../../arm-none-eabi/lib/armv6-m\libc_nano.a(lib_a-s_fpclassify.o)
                0x00004854                __fpclassifyd
 .text.modf     0x000048a4       0xa0 c:/nxp/lpcxpresso_7.6.2_326/lpcxpresso/tools/bin/../lib/gcc/arm-none-eabi/4.9.3/../../../../arm-none-eabi/lib/armv6-m\libc_nano.a(lib_a-s_modf.o)
                0x000048a4                modf
 .text.nanf     0x00004944        0x8 c:/nxp/lpcxpresso_7.6.2_326/lpcxpresso/tools/bin/../lib/gcc/arm-none-eabi/4.9.3/../../../../arm-none-eabi/lib/armv6-m\libc_nano.a(lib_a-sf_nan.o)
                0x00004944                nanf
 .text.sprintf  0x0000494c       0x44 c:/nxp/lpcxpresso_7.6.2_326/lpcxpresso/tools/bin/../lib/gcc/arm-none-eabi/4.9.3/../../../../arm-none-eabi/lib/armv6-m\libc_nano.a(lib_a-sprintf.o)
                0x0000494c                siprintf
                0x0000494c                sprintf
 .text.strlen   0x00004990        0xe c:/nxp/lpcxpresso_7.6.2_326/lpcxpresso/tools/bin/../lib/gcc/arm-none-eabi/4.9.3/../../../../arm-none-eabi/lib/armv6-m\libc_nano.a(lib_a-strlen.o)
                0x00004990                strlen
 .text.match    0x0000499e       0x28 c:/nxp/lpcxpresso_7.6.2_326/lpcxpresso/tools/bin/../lib/gcc/arm-none-eabi/4.9.3/../../../../arm-none-eabi/lib/armv6-m\libc_nano.a(lib_a-strtod.o)
 *fill*         0x000049c6        0x2 
 .text.unlikely.sulp
                0x000049c8       0x2c c:/nxp/lpcxpresso_7.6.2_326/lpcxpresso/tools/bin/../lib/gcc/arm-none-eabi/4.9.3/../../../../arm-none-eabi/lib/armv6-m\libc_nano.a(lib_a-strtod.o)
 .text._strtod_r
                0x000049f4      0xc34 c:/nxp/lpcxpresso_7.6.2_326/lpcxpresso/tools/bin/../lib/gcc/arm-none-eabi/4.9.3/../../../../arm-none-eabi/lib/armv6-m\libc_nano.a(lib_a-strtod.o)
                0x000049f4                _strtod_r
 .text._strtol_r
                0x00005628      0x120 c:/nxp/lpcxpresso_7.6.2_326/lpcxpresso/tools/bin/../lib/gcc/arm-none-eabi/4.9.3/../../../../arm-none-eabi/lib/armv6-m\libc_nano.a(lib_a-strtol.o)
                0x00005628                _strtol_r
 .text._vsscanf_r
                0x00005748       0x44 c:/nxp/lpcxpresso_7.6.2_326/lpcxpresso/tools/bin/../lib/gcc/arm-none-eabi/4.9.3/../../../../arm-none-eabi/lib/armv6-m\libc_nano.a(lib_a-vsscanf.o)
                0x00005748                _vsscanf_r
                0x00005748                _vsiscanf_r
 .text.vsscanf  0x0000578c       0x1c c:/nxp/lpcxpresso_7.6.2_326/lpcxpresso/tools/bin/../lib/gcc/arm-none-eabi/4.9.3/../../../../arm-none-eabi/lib/armv6-m\libc_nano.a(lib_a-vsscanf.o)
                0x0000578c                vsiscanf
                0x0000578c                vsscanf
 .text.quorem   0x000057a8      0x10e c:/nxp/lpcxpresso_7.6.2_326/lpcxpresso/tools/bin/../lib/gcc/arm-none-eabi/4.9.3/../../../../arm-none-eabi/lib/armv6-m\libc_nano.a(lib_a-dtoa.o)
 *fill*         0x000058b6        0x2 
 .text._dtoa_r  0x000058b8      0xc00 c:/nxp/lpcxpresso_7.6.2_326/lpcxpresso/tools/bin/../lib/gcc/arm-none-eabi/4.9.3/../../../../arm-none-eabi/lib/armv6-m\libc_nano.a(lib_a-dtoa.o)
                0x000058b8                _dtoa_r
 .text._cleanup_r
                0x000064b8       0x10 c:/nxp/lpcxpresso_7.6.2_326/lpcxpresso/tools/bin/../lib/gcc/arm-none-eabi/4.9.3/../../../../arm-none-eabi/lib/armv6-m\libc_nano.a(lib_a-findfp.o)
                0x000064b8                _cleanup_r
 .text.std.isra.0
                0x000064c8       0x48 c:/nxp/lpcxpresso_7.6.2_326/lpcxpresso/tools/bin/../lib/gcc/arm-none-eabi/4.9.3/../../../../arm-none-eabi/lib/armv6-m\libc_nano.a(lib_a-findfp.o)
 .text.__sfmoreglue
                0x00006510       0x2c c:/nxp/lpcxpresso_7.6.2_326/lpcxpresso/tools/bin/../lib/gcc/arm-none-eabi/4.9.3/../../../../arm-none-eabi/lib/armv6-m\libc_nano.a(lib_a-findfp.o)
                0x00006510                __sfmoreglue
 .text.__sinit  0x0000653c       0x64 c:/nxp/lpcxpresso_7.6.2_326/lpcxpresso/tools/bin/../lib/gcc/arm-none-eabi/4.9.3/../../../../arm-none-eabi/lib/armv6-m\libc_nano.a(lib_a-findfp.o)
                0x0000653c                __sinit
 .text.__sfp    0x000065a0       0x7c c:/nxp/lpcxpresso_7.6.2_326/lpcxpresso/tools/bin/../lib/gcc/arm-none-eabi/4.9.3/../../../../arm-none-eabi/lib/armv6-m\libc_nano.a(lib_a-findfp.o)
                0x000065a0                __sfp
 .text._fwalk_reent
                0x0000661c       0x42 c:/nxp/lpcxpresso_7.6.2_326/lpcxpresso/tools/bin/../lib/gcc/arm-none-eabi/4.9.3/../../../../arm-none-eabi/lib/armv6-m\libc_nano.a(lib_a-fwalk.o)
                0x0000661c                _fwalk_reent
 .text.rshift   0x0000665e       0x68 c:/nxp/lpcxpresso_7.6.2_326/lpcxpresso/tools/bin/../lib/gcc/arm-none-eabi/4.9.3/../../../../arm-none-eabi/lib/armv6-m\libc_nano.a(lib_a-gdtoa-gethex.o)
 .text.__hexdig_fun
                0x000066c6       0x2a c:/nxp/lpcxpresso_7.6.2_326/lpcxpresso/tools/bin/../lib/gcc/arm-none-eabi/4.9.3/../../../../arm-none-eabi/lib/armv6-m\libc_nano.a(lib_a-gdtoa-gethex.o)
                0x000066c6                __hexdig_fun
 .text.__gethex
                0x000066f0      0x448 c:/nxp/lpcxpresso_7.6.2_326/lpcxpresso/tools/bin/../lib/gcc/arm-none-eabi/4.9.3/../../../../arm-none-eabi/lib/armv6-m\libc_nano.a(lib_a-gdtoa-gethex.o)
                0x000066f0                __gethex
 .text.L_shift  0x00006b38       0x24 c:/nxp/lpcxpresso_7.6.2_326/lpcxpresso/tools/bin/../lib/gcc/arm-none-eabi/4.9.3/../../../../arm-none-eabi/lib/armv6-m\libc_nano.a(lib_a-gdtoa-hexnan.o)
 .text.__hexnan
                0x00006b5c      0x130 c:/nxp/lpcxpresso_7.6.2_326/lpcxpresso/tools/bin/../lib/gcc/arm-none-eabi/4.9.3/../../../../arm-none-eabi/lib/armv6-m\libc_nano.a(lib_a-gdtoa-hexnan.o)
                0x00006b5c                __hexnan
 .text._localeconv_r
                0x00006c8c        0x8 c:/nxp/lpcxpresso_7.6.2_326/lpcxpresso/tools/bin/../lib/gcc/arm-none-eabi/4.9.3/../../../../arm-none-eabi/lib/armv6-m\libc_nano.a(lib_a-locale.o)
                0x00006c8c                _localeconv_r
 .text.malloc   0x00006c94       0x14 c:/nxp/lpcxpresso_7.6.2_326/lpcxpresso/tools/bin/../lib/gcc/arm-none-eabi/4.9.3/../../../../arm-none-eabi/lib/armv6-m\libc_nano.a(lib_a-malloc.o)
                0x00006c94                malloc
 .text.memchr   0x00006ca8       0x16 c:/nxp/lpcxpresso_7.6.2_326/lpcxpresso/tools/bin/../lib/gcc/arm-none-eabi/4.9.3/../../../../arm-none-eabi/lib/armv6-m\libc_nano.a(lib_a-memchr.o)
                0x00006ca8                memchr
 .text._Balloc  0x00006cbe       0x70 c:/nxp/lpcxpresso_7.6.2_326/lpcxpresso/tools/bin/../lib/gcc/arm-none-eabi/4.9.3/../../../../arm-none-eabi/lib/armv6-m\libc_nano.a(lib_a-mprec.o)
                0x00006cbe                _Balloc
 .text._Bfree   0x00006d2e       0x32 c:/nxp/lpcxpresso_7.6.2_326/lpcxpresso/tools/bin/../lib/gcc/arm-none-eabi/4.9.3/../../../../arm-none-eabi/lib/armv6-m\libc_nano.a(lib_a-mprec.o)
                0x00006d2e                _Bfree
 .text.__multadd
                0x00006d60       0x78 c:/nxp/lpcxpresso_7.6.2_326/lpcxpresso/tools/bin/../lib/gcc/arm-none-eabi/4.9.3/../../../../arm-none-eabi/lib/armv6-m\libc_nano.a(lib_a-mprec.o)
                0x00006d60                __multadd
 .text.__s2b    0x00006dd8       0x80 c:/nxp/lpcxpresso_7.6.2_326/lpcxpresso/tools/bin/../lib/gcc/arm-none-eabi/4.9.3/../../../../arm-none-eabi/lib/armv6-m\libc_nano.a(lib_a-mprec.o)
                0x00006dd8                __s2b
 .text.__hi0bits
                0x00006e58       0x36 c:/nxp/lpcxpresso_7.6.2_326/lpcxpresso/tools/bin/../lib/gcc/arm-none-eabi/4.9.3/../../../../arm-none-eabi/lib/armv6-m\libc_nano.a(lib_a-mprec.o)
                0x00006e58                __hi0bits
 .text.__lo0bits
                0x00006e8e       0x5e c:/nxp/lpcxpresso_7.6.2_326/lpcxpresso/tools/bin/../lib/gcc/arm-none-eabi/4.9.3/../../../../arm-none-eabi/lib/armv6-m\libc_nano.a(lib_a-mprec.o)
                0x00006e8e                __lo0bits
 .text.__i2b    0x00006eec       0x12 c:/nxp/lpcxpresso_7.6.2_326/lpcxpresso/tools/bin/../lib/gcc/arm-none-eabi/4.9.3/../../../../arm-none-eabi/lib/armv6-m\libc_nano.a(lib_a-mprec.o)
                0x00006eec                __i2b
 .text.__multiply
                0x00006efe      0x11a c:/nxp/lpcxpresso_7.6.2_326/lpcxpresso/tools/bin/../lib/gcc/arm-none-eabi/4.9.3/../../../../arm-none-eabi/lib/armv6-m\libc_nano.a(lib_a-mprec.o)
                0x00006efe                __multiply
 .text.__pow5mult
                0x00007018       0xa4 c:/nxp/lpcxpresso_7.6.2_326/lpcxpresso/tools/bin/../lib/gcc/arm-none-eabi/4.9.3/../../../../arm-none-eabi/lib/armv6-m\libc_nano.a(lib_a-mprec.o)
                0x00007018                __pow5mult
 .text.__lshift
                0x000070bc       0xa4 c:/nxp/lpcxpresso_7.6.2_326/lpcxpresso/tools/bin/../lib/gcc/arm-none-eabi/4.9.3/../../../../arm-none-eabi/lib/armv6-m\libc_nano.a(lib_a-mprec.o)
                0x000070bc                __lshift
 .text.__mcmp   0x00007160       0x36 c:/nxp/lpcxpresso_7.6.2_326/lpcxpresso/tools/bin/../lib/gcc/arm-none-eabi/4.9.3/../../../../arm-none-eabi/lib/armv6-m\libc_nano.a(lib_a-mprec.o)
                0x00007160                __mcmp
 .text.__mdiff  0x00007196       0xd6 c:/nxp/lpcxpresso_7.6.2_326/lpcxpresso/tools/bin/../lib/gcc/arm-none-eabi/4.9.3/../../../../arm-none-eabi/lib/armv6-m\libc_nano.a(lib_a-mprec.o)
                0x00007196                __mdiff
 .text.__ulp    0x0000726c       0x48 c:/nxp/lpcxpresso_7.6.2_326/lpcxpresso/tools/bin/../lib/gcc/arm-none-eabi/4.9.3/../../../../arm-none-eabi/lib/armv6-m\libc_nano.a(lib_a-mprec.o)
                0x0000726c                __ulp
 .text.__b2d    0x000072b4       0xa4 c:/nxp/lpcxpresso_7.6.2_326/lpcxpresso/tools/bin/../lib/gcc/arm-none-eabi/4.9.3/../../../../arm-none-eabi/lib/armv6-m\libc_nano.a(lib_a-mprec.o)
                0x000072b4                __b2d
 .text.__d2b    0x00007358       0xa8 c:/nxp/lpcxpresso_7.6.2_326/lpcxpresso/tools/bin/../lib/gcc/arm-none-eabi/4.9.3/../../../../arm-none-eabi/lib/armv6-m\libc_nano.a(lib_a-mprec.o)
                0x00007358                __d2b
 .text.__ratio  0x00007400       0x54 c:/nxp/lpcxpresso_7.6.2_326/lpcxpresso/tools/bin/../lib/gcc/arm-none-eabi/4.9.3/../../../../arm-none-eabi/lib/armv6-m\libc_nano.a(lib_a-mprec.o)
                0x00007400                __ratio
 .text.__copybits
                0x00007454       0x2c c:/nxp/lpcxpresso_7.6.2_326/lpcxpresso/tools/bin/../lib/gcc/arm-none-eabi/4.9.3/../../../../arm-none-eabi/lib/armv6-m\libc_nano.a(lib_a-mprec.o)
                0x00007454                __copybits
 .text.__any_on
                0x00007480       0x42 c:/nxp/lpcxpresso_7.6.2_326/lpcxpresso/tools/bin/../lib/gcc/arm-none-eabi/4.9.3/../../../../arm-none-eabi/lib/armv6-m\libc_nano.a(lib_a-mprec.o)
                0x00007480                __any_on
 .text._calloc_r
                0x000074c2       0x1c c:/nxp/lpcxpresso_7.6.2_326/lpcxpresso/tools/bin/../lib/gcc/arm-none-eabi/4.9.3/../../../../arm-none-eabi/lib/armv6-m\libc_nano.a(lib_a-nano-callocr.o)
                0x000074c2                _calloc_r
 *fill*         0x000074de        0x2 
 .text._free_r  0x000074e0       0x8c c:/nxp/lpcxpresso_7.6.2_326/lpcxpresso/tools/bin/../lib/gcc/arm-none-eabi/4.9.3/../../../../arm-none-eabi/lib/armv6-m\libc_nano.a(lib_a-nano-freer.o)
                0x000074e0                _free_r
 .text._malloc_r
                0x0000756c       0xb0 c:/nxp/lpcxpresso_7.6.2_326/lpcxpresso/tools/bin/../lib/gcc/arm-none-eabi/4.9.3/../../../../arm-none-eabi/lib/armv6-m\libc_nano.a(lib_a-nano-mallocr.o)
                0x0000756c                _malloc_r
 .text.__ssputs_r
                0x0000761c       0xc0 c:/nxp/lpcxpresso_7.6.2_326/lpcxpresso/tools/bin/../lib/gcc/arm-none-eabi/4.9.3/../../../../arm-none-eabi/lib/armv6-m\libc_nano.a(lib_a-nano-svfprintf.o)
                0x0000761c                __ssputs_r
 .text._svfprintf_r
                0x000076dc      0x1ec c:/nxp/lpcxpresso_7.6.2_326/lpcxpresso/tools/bin/../lib/gcc/arm-none-eabi/4.9.3/../../../../arm-none-eabi/lib/armv6-m\libc_nano.a(lib_a-nano-svfprintf.o)
                0x000076dc                _svfiprintf_r
                0x000076dc                _svfprintf_r
 .text._sungetc_r
                0x000078c8       0x7a c:/nxp/lpcxpresso_7.6.2_326/lpcxpresso/tools/bin/../lib/gcc/arm-none-eabi/4.9.3/../../../../arm-none-eabi/lib/armv6-m\libc_nano.a(lib_a-nano-svfscanf.o)
                0x000078c8                _sungetc_r
 .text.__ssrefill_r
                0x00007942       0x3e c:/nxp/lpcxpresso_7.6.2_326/lpcxpresso/tools/bin/../lib/gcc/arm-none-eabi/4.9.3/../../../../arm-none-eabi/lib/armv6-m\libc_nano.a(lib_a-nano-svfscanf.o)
                0x00007942                __ssrefill_r
 .text.__ssvfscanf_r
                0x00007980      0x2f0 c:/nxp/lpcxpresso_7.6.2_326/lpcxpresso/tools/bin/../lib/gcc/arm-none-eabi/4.9.3/../../../../arm-none-eabi/lib/armv6-m\libc_nano.a(lib_a-nano-svfscanf.o)
                0x00007980                __ssvfiscanf_r
                0x00007980                __ssvfscanf_r
 .text.__sfputc_r
                0x00007c70       0x2a c:/nxp/lpcxpresso_7.6.2_326/lpcxpresso/tools/bin/../lib/gcc/arm-none-eabi/4.9.3/../../../../arm-none-eabi/lib/armv6-m\libc_nano.a(lib_a-nano-vfprintf.o)
 .text.__sfputs_r
                0x00007c9a       0x24 c:/nxp/lpcxpresso_7.6.2_326/lpcxpresso/tools/bin/../lib/gcc/arm-none-eabi/4.9.3/../../../../arm-none-eabi/lib/armv6-m\libc_nano.a(lib_a-nano-vfprintf.o)
                0x00007c9a                __sfputs_r
 *fill*         0x00007cbe        0x2 
 .text._vfprintf_r
                0x00007cc0      0x220 c:/nxp/lpcxpresso_7.6.2_326/lpcxpresso/tools/bin/../lib/gcc/arm-none-eabi/4.9.3/../../../../arm-none-eabi/lib/armv6-m\libc_nano.a(lib_a-nano-vfprintf.o)
                0x00007cc0                _vfprintf_r
                0x00007cc0                _vfiprintf_r
 .text._scanf_chars
                0x00007ee0       0xbc c:/nxp/lpcxpresso_7.6.2_326/lpcxpresso/tools/bin/../lib/gcc/arm-none-eabi/4.9.3/../../../../arm-none-eabi/lib/armv6-m\libc_nano.a(lib_a-nano-vfscanf_i.o)
                0x00007ee0                _scanf_chars
 .text._scanf_i
                0x00007f9c      0x1f4 c:/nxp/lpcxpresso_7.6.2_326/lpcxpresso/tools/bin/../lib/gcc/arm-none-eabi/4.9.3/../../../../arm-none-eabi/lib/armv6-m\libc_nano.a(lib_a-nano-vfscanf_i.o)
                0x00007f9c                _scanf_i
 .text._sbrk_r  0x00008190       0x24 c:/nxp/lpcxpresso_7.6.2_326/lpcxpresso/tools/bin/../lib/gcc/arm-none-eabi/4.9.3/../../../../arm-none-eabi/lib/armv6-m\libc_nano.a(lib_a-sbrkr.o)
                0x00008190                _sbrk_r
 .text.__sccl   0x000081b4       0x66 c:/nxp/lpcxpresso_7.6.2_326/lpcxpresso/tools/bin/../lib/gcc/arm-none-eabi/4.9.3/../../../../arm-none-eabi/lib/armv6-m\libc_nano.a(lib_a-sccl.o)
                0x000081b4                __sccl
 *fill*         0x0000821a        0x2 
 .text.__sread  0x0000821c       0x28 c:/nxp/lpcxpresso_7.6.2_326/lpcxpresso/tools/bin/../lib/gcc/arm-none-eabi/4.9.3/../../../../arm-none-eabi/lib/armv6-m\libc_nano.a(lib_a-stdio.o)
                0x0000821c                __sread
 .text.__seofread
                0x00008244        0x4 c:/nxp/lpcxpresso_7.6.2_326/lpcxpresso/tools/bin/../lib/gcc/arm-none-eabi/4.9.3/../../../../arm-none-eabi/lib/armv6-m\libc_nano.a(lib_a-stdio.o)
                0x00008244                __seofread
 .text.__swrite
                0x00008248       0x38 c:/nxp/lpcxpresso_7.6.2_326/lpcxpresso/tools/bin/../lib/gcc/arm-none-eabi/4.9.3/../../../../arm-none-eabi/lib/armv6-m\libc_nano.a(lib_a-stdio.o)
                0x00008248                __swrite
 .text.__sseek  0x00008280       0x2c c:/nxp/lpcxpresso_7.6.2_326/lpcxpresso/tools/bin/../lib/gcc/arm-none-eabi/4.9.3/../../../../arm-none-eabi/lib/armv6-m\libc_nano.a(lib_a-stdio.o)
                0x00008280                __sseek
 .text.__sclose
                0x000082ac        0xc c:/nxp/lpcxpresso_7.6.2_326/lpcxpresso/tools/bin/../lib/gcc/arm-none-eabi/4.9.3/../../../../arm-none-eabi/lib/armv6-m\libc_nano.a(lib_a-stdio.o)
                0x000082ac                __sclose
 .text.strncmp  0x000082b8       0x28 c:/nxp/lpcxpresso_7.6.2_326/lpcxpresso/tools/bin/../lib/gcc/arm-none-eabi/4.9.3/../../../../arm-none-eabi/lib/armv6-m\libc_nano.a(lib_a-strncmp.o)
                0x000082b8                strncmp
 .text._strtoul_r
                0x000082e0      0x104 c:/nxp/lpcxpresso_7.6.2_326/lpcxpresso/tools/bin/../lib/gcc/arm-none-eabi/4.9.3/../../../../arm-none-eabi/lib/armv6-m\libc_nano.a(lib_a-strtoul.o)
                0x000082e0                _strtoul_r
 .text.__submore
                0x000083e4       0x7c c:/nxp/lpcxpresso_7.6.2_326/lpcxpresso/tools/bin/../lib/gcc/arm-none-eabi/4.9.3/../../../../arm-none-eabi/lib/armv6-m\libc_nano.a(lib_a-ungetc.o)
                0x000083e4                __submore
 .text.__swbuf_r
                0x00008460       0xb0 c:/nxp/lpcxpresso_7.6.2_326/lpcxpresso/tools/bin/../lib/gcc/arm-none-eabi/4.9.3/../../../../arm-none-eabi/lib/armv6-m\libc_nano.a(lib_a-wbuf.o)
                0x00008460                __swbuf_r
 .text._write_r
                0x00008510       0x28 c:/nxp/lpcxpresso_7.6.2_326/lpcxpresso/tools/bin/../lib/gcc/arm-none-eabi/4.9.3/../../../../arm-none-eabi/lib/armv6-m\libc_nano.a(lib_a-writer.o)
                0x00008510                _write_r
 .text.__swsetup_r
                0x00008538       0xe8 c:/nxp/lpcxpresso_7.6.2_326/lpcxpresso/tools/bin/../lib/gcc/arm-none-eabi/4.9.3/../../../../arm-none-eabi/lib/armv6-m\libc_nano.a(lib_a-wsetup.o)
                0x00008538                __swsetup_r
 .text._close_r
                0x00008620       0x24 c:/nxp/lpcxpresso_7.6.2_326/lpcxpresso/tools/bin/../lib/gcc/arm-none-eabi/4.9.3/../../../../arm-none-eabi/lib/armv6-m\libc_nano.a(lib_a-closer.o)
                0x00008620                _close_r
 .text.__sflush_r
                0x00008644      0x112 c:/nxp/lpcxpresso_7.6.2_326/lpcxpresso/tools/bin/../lib/gcc/arm-none-eabi/4.9.3/../../../../arm-none-eabi/lib/armv6-m\libc_nano.a(lib_a-fflush.o)
                0x00008644                __sflush_r
 *fill*         0x00008756        0x2 
 .text._fflush_r
                0x00008758       0x58 c:/nxp/lpcxpresso_7.6.2_326/lpcxpresso/tools/bin/../lib/gcc/arm-none-eabi/4.9.3/../../../../arm-none-eabi/lib/armv6-m\libc_nano.a(lib_a-fflush.o)
                0x00008758                _fflush_r
 .text._lseek_r
                0x000087b0       0x28 c:/nxp/lpcxpresso_7.6.2_326/lpcxpresso/tools/bin/../lib/gcc/arm-none-eabi/4.9.3/../../../../arm-none-eabi/lib/armv6-m\libc_nano.a(lib_a-lseekr.o)
                0x000087b0                _lseek_r
 .text.__smakebuf_r
                0x000087d8       0xb0 c:/nxp/lpcxpresso_7.6.2_326/lpcxpresso/tools/bin/../lib/gcc/arm-none-eabi/4.9.3/../../../../arm-none-eabi/lib/armv6-m\libc_nano.a(lib_a-makebuf.o)
                0x000087d8                __smakebuf_r
 .text.memmove  0x00008888       0x28 c:/nxp/lpcxpresso_7.6.2_326/lpcxpresso/tools/bin/../lib/gcc/arm-none-eabi/4.9.3/../../../../arm-none-eabi/lib/armv6-m\libc_nano.a(lib_a-memmove.o)
                0x00008888                memmove
 .text._realloc_r
                0x000088b0       0x4c c:/nxp/lpcxpresso_7.6.2_326/lpcxpresso/tools/bin/../lib/gcc/arm-none-eabi/4.9.3/../../../../arm-none-eabi/lib/armv6-m\libc_nano.a(lib_a-nano-reallocr.o)
                0x000088b0                _realloc_r
 .text._read_r  0x000088fc       0x28 c:/nxp/lpcxpresso_7.6.2_326/lpcxpresso/tools/bin/../lib/gcc/arm-none-eabi/4.9.3/../../../../arm-none-eabi/lib/armv6-m\libc_nano.a(lib_a-readr.o)
                0x000088fc                _read_r
 .text._fstat_r
                0x00008924       0x24 c:/nxp/lpcxpresso_7.6.2_326/lpcxpresso/tools/bin/../lib/gcc/arm-none-eabi/4.9.3/../../../../arm-none-eabi/lib/armv6-m\libc_nano.a(lib_a-fstatr.o)
                0x00008924                _fstat_r
 .text._isatty_r
                0x00008948       0x24 c:/nxp/lpcxpresso_7.6.2_326/lpcxpresso/tools/bin/../lib/gcc/arm-none-eabi/4.9.3/../../../../arm-none-eabi/lib/armv6-m\libc_nano.a(lib_a-isattyr.o)
                0x00008948                _isatty_r
 .text._malloc_usable_size_r
                0x0000896c       0x16 c:/nxp/lpcxpresso_7.6.2_326/lpcxpresso/tools/bin/../lib/gcc/arm-none-eabi/4.9.3/../../../../arm-none-eabi/lib/armv6-m\libc_nano.a(lib_a-nano-msizer.o)
                0x0000896c                _malloc_usable_size_r
 *fill*         0x00008982        0x2 
 .text.cos      0x00008984       0x9c c:/nxp/lpcxpresso_7.6.2_326/lpcxpresso/tools/bin/../lib/gcc/arm-none-eabi/4.9.3/../../../../arm-none-eabi/lib/armv6-m\libm.a(lib_a-s_cos.o)
                0x00008984                cos
 .text.sin      0x00008a20       0xa0 c:/nxp/lpcxpresso_7.6.2_326/lpcxpresso/tools/bin/../lib/gcc/arm-none-eabi/4.9.3/../../../../arm-none-eabi/lib/armv6-m\libm.a(lib_a-s_sin.o)
                0x00008a20                sin
 .text.tan      0x00008ac0       0x58 c:/nxp/lpcxpresso_7.6.2_326/lpcxpresso/tools/bin/../lib/gcc/arm-none-eabi/4.9.3/../../../../arm-none-eabi/lib/armv6-m\libm.a(lib_a-s_tan.o)
                0x00008ac0                tan
 .text.acos     0x00008b18       0xb4 c:/nxp/lpcxpresso_7.6.2_326/lpcxpresso/tools/bin/../lib/gcc/arm-none-eabi/4.9.3/../../../../arm-none-eabi/lib/armv6-m\libm.a(lib_a-w_acos.o)
                0x00008b18                acos
 .text.asin     0x00008bcc       0xb4 c:/nxp/lpcxpresso_7.6.2_326/lpcxpresso/tools/bin/../lib/gcc/arm-none-eabi/4.9.3/../../../../arm-none-eabi/lib/armv6-m\libm.a(lib_a-w_asin.o)
                0x00008bcc                asin
 .text.fmod     0x00008c80       0xc8 c:/nxp/lpcxpresso_7.6.2_326/lpcxpresso/tools/bin/../lib/gcc/arm-none-eabi/4.9.3/../../../../arm-none-eabi/lib/armv6-m\libm.a(lib_a-w_fmod.o)
                0x00008c80                fmod
 .text.__ieee754_acos
                0x00008d48      0x404 c:/nxp/lpcxpresso_7.6.2_326/lpcxpresso/tools/bin/../lib/gcc/arm-none-eabi/4.9.3/../../../../arm-none-eabi/lib/armv6-m\libm.a(lib_a-e_acos.o)
                0x00008d48                __ieee754_acos
 .text.__ieee754_asin
                0x0000914c      0x3d4 c:/nxp/lpcxpresso_7.6.2_326/lpcxpresso/tools/bin/../lib/gcc/arm-none-eabi/4.9.3/../../../../arm-none-eabi/lib/armv6-m\libm.a(lib_a-e_asin.o)
                0x0000914c                __ieee754_asin
 .text.__ieee754_fmod
                0x00009520      0x288 c:/nxp/lpcxpresso_7.6.2_326/lpcxpresso/tools/bin/../lib/gcc/arm-none-eabi/4.9.3/../../../../arm-none-eabi/lib/armv6-m\libm.a(lib_a-e_fmod.o)
                0x00009520                __ieee754_fmod
 .text.__ieee754_rem_pio2
                0x000097a8      0x430 c:/nxp/lpcxpresso_7.6.2_326/lpcxpresso/tools/bin/../lib/gcc/arm-none-eabi/4.9.3/../../../../arm-none-eabi/lib/armv6-m\libm.a(lib_a-e_rem_pio2.o)
                0x000097a8                __ieee754_rem_pio2
 .text.__ieee754_sqrt
                0x00009bd8      0x1ec c:/nxp/lpcxpresso_7.6.2_326/lpcxpresso/tools/bin/../lib/gcc/arm-none-eabi/4.9.3/../../../../arm-none-eabi/lib/armv6-m\libm.a(lib_a-e_sqrt.o)
                0x00009bd8                __ieee754_sqrt
 .text.__kernel_cos
                0x00009dc4      0x234 c:/nxp/lpcxpresso_7.6.2_326/lpcxpresso/tools/bin/../lib/gcc/arm-none-eabi/4.9.3/../../../../arm-none-eabi/lib/armv6-m\libm.a(lib_a-k_cos.o)
                0x00009dc4                __kernel_cos
 .text.__kernel_rem_pio2
                0x00009ff8      0x890 c:/nxp/lpcxpresso_7.6.2_326/lpcxpresso/tools/bin/../lib/gcc/arm-none-eabi/4.9.3/../../../../arm-none-eabi/lib/armv6-m\libm.a(lib_a-k_rem_pio2.o)
                0x00009ff8                __kernel_rem_pio2
 .text.__kernel_sin
                0x0000a888      0x160 c:/nxp/lpcxpresso_7.6.2_326/lpcxpresso/tools/bin/../lib/gcc/arm-none-eabi/4.9.3/../../../../arm-none-eabi/lib/armv6-m\libm.a(lib_a-k_sin.o)
                0x0000a888                __kernel_sin
 .text.__kernel_tan
                0x0000a9e8      0x394 c:/nxp/lpcxpresso_7.6.2_326/lpcxpresso/tools/bin/../lib/gcc/arm-none-eabi/4.9.3/../../../../arm-none-eabi/lib/armv6-m\libm.a(lib_a-k_tan.o)
                0x0000a9e8                __kernel_tan
 .text.fabs     0x0000ad7c        0x8 c:/nxp/lpcxpresso_7.6.2_326/lpcxpresso/tools/bin/../lib/gcc/arm-none-eabi/4.9.3/../../../../arm-none-eabi/lib/armv6-m\libm.a(lib_a-s_fabs.o)
                0x0000ad7c                fabs
 .text.floor    0x0000ad84      0x14c c:/nxp/lpcxpresso_7.6.2_326/lpcxpresso/tools/bin/../lib/gcc/arm-none-eabi/4.9.3/../../../../arm-none-eabi/lib/armv6-m\libm.a(lib_a-s_floor.o)
                0x0000ad84                floor
 .text.matherr  0x0000aed0        0x4 c:/nxp/lpcxpresso_7.6.2_326/lpcxpresso/tools/bin/../lib/gcc/arm-none-eabi/4.9.3/../../../../arm-none-eabi/lib/armv6-m\libm.a(lib_a-s_matherr.o)
                0x0000aed0                matherr
 .text.nan      0x0000aed4        0xc c:/nxp/lpcxpresso_7.6.2_326/lpcxpresso/tools/bin/../lib/gcc/arm-none-eabi/4.9.3/../../../../arm-none-eabi/lib/armv6-m\libm.a(lib_a-s_nan.o)
                0x0000aed4                nan
 .text.scalbn   0x0000aee0       0xf8 c:/nxp/lpcxpresso_7.6.2_326/lpcxpresso/tools/bin/../lib/gcc/arm-none-eabi/4.9.3/../../../../arm-none-eabi/lib/armv6-m\libm.a(lib_a-s_scalbn.o)
                0x0000aee0                scalbn
 .text.copysign
                0x0000afd8       0x10 c:/nxp/lpcxpresso_7.6.2_326/lpcxpresso/tools/bin/../lib/gcc/arm-none-eabi/4.9.3/../../../../arm-none-eabi/lib/armv6-m\libm.a(lib_a-s_copysign.o)
                0x0000afd8                copysign
 .text._sbrk    0x0000afe8       0x40 c:/nxp/lpcxpresso_7.6.2_326/lpcxpresso/tools/bin/../lib/gcc/arm-none-eabi/4.9.3/../../../../arm-none-eabi/lib/armv6-m\libcr_newlib_nohost.a(_cr_sbrk.o)
                0x0000afe8                _sbrk
 .text._close   0x0000b028       0x10 c:/nxp/lpcxpresso_7.6.2_326/lpcxpresso/tools/bin/../lib/gcc/arm-none-eabi/4.9.3/../../../../arm-none-eabi/lib/armv6-m\libcr_newlib_nohost.a(close.o)
                0x0000b028                _close
 .text._fstat   0x0000b038       0x10 c:/nxp/lpcxpresso_7.6.2_326/lpcxpresso/tools/bin/../lib/gcc/arm-none-eabi/4.9.3/../../../../arm-none-eabi/lib/armv6-m\libcr_newlib_nohost.a(fstat.o)
                0x0000b038                _fstat
 .text._isatty  0x0000b048       0x10 c:/nxp/lpcxpresso_7.6.2_326/lpcxpresso/tools/bin/../lib/gcc/arm-none-eabi/4.9.3/../../../../arm-none-eabi/lib/armv6-m\libcr_newlib_nohost.a(isatty.o)
                0x0000b048                _isatty
 .text._lseek   0x0000b058       0x10 c:/nxp/lpcxpresso_7.6.2_326/lpcxpresso/tools/bin/../lib/gcc/arm-none-eabi/4.9.3/../../../../arm-none-eabi/lib/armv6-m\libcr_newlib_nohost.a(lseek.o)
                0x0000b058                _lseek
 .text.__check_heap_overflow
                0x0000b068       0x14 c:/nxp/lpcxpresso_7.6.2_326/lpcxpresso/tools/bin/../lib/gcc/arm-none-eabi/4.9.3/../../../../arm-none-eabi/lib/armv6-m\libcr_newlib_nohost.a(_cr_check_heap.o)
                0x0000b068                __check_heap_overflow
 .text          0x0000b07c       0x60 c:/nxp/lpcxpresso_7.6.2_326/lpcxpresso/tools/bin/../lib/gcc/arm-none-eabi/4.9.3/armv6-m\crtbegin.o
 .text          0x0000b0dc       0x14 c:/nxp/lpcxpresso_7.6.2_326/lpcxpresso/tools/bin/../lib/gcc/arm-none-eabi/4.9.3/armv6-m\libgcc.a(_thumb1_case_uqi.o)
                0x0000b0dc                __gnu_thumb1_case_uqi
 .text          0x0000b0f0       0x7c c:/nxp/lpcxpresso_7.6.2_326/lpcxpresso/tools/bin/../lib/gcc/arm-none-eabi/4.9.3/armv6-m\libgcc.a(_arm_cmpdf2.o)
                0x0000b0f0                __aeabi_cdrcmple
                0x0000b100                __aeabi_cdcmple
                0x0000b100                __aeabi_cdcmpeq
                0x0000b110                __aeabi_dcmpeq
                0x0000b11c                __aeabi_dcmplt
                0x0000b130                __aeabi_dcmple
                0x0000b144                __aeabi_dcmpgt
                0x0000b158                __aeabi_dcmpge
 .text          0x0000b16c       0x3c c:/nxp/lpcxpresso_7.6.2_326/lpcxpresso/tools/bin/../lib/gcc/arm-none-eabi/4.9.3/armv6-m\libgcc.a(_fixunsdfsi.o)
                0x0000b16c                __aeabi_d2uiz
                0x0000b16c                __fixunsdfsi
 .text          0x0000b1a8       0x88 c:/nxp/lpcxpresso_7.6.2_326/lpcxpresso/tools/bin/../lib/gcc/arm-none-eabi/4.9.3/armv6-m\libgcc.a(eqdf2.o)
                0x0000b1a8                __nedf2
                0x0000b1a8                __eqdf2
 .text          0x0000b230       0xe0 c:/nxp/lpcxpresso_7.6.2_326/lpcxpresso/tools/bin/../lib/gcc/arm-none-eabi/4.9.3/armv6-m\libgcc.a(gedf2.o)
                0x0000b230                __gedf2
                0x0000b230                __gtdf2
 .text          0x0000b310       0xcc c:/nxp/lpcxpresso_7.6.2_326/lpcxpresso/tools/bin/../lib/gcc/arm-none-eabi/4.9.3/armv6-m\libgcc.a(ledf2.o)
                0x0000b310                __ledf2
                0x0000b310                __ltdf2
 .text          0x0000b3dc       0x64 c:/nxp/lpcxpresso_7.6.2_326/lpcxpresso/tools/bin/../lib/gcc/arm-none-eabi/4.9.3/armv6-m\libgcc.a(floatunsidf.o)
                0x0000b3dc                __aeabi_ui2d
 .text          0x0000b440      0x120 c:/nxp/lpcxpresso_7.6.2_326/lpcxpresso/tools/bin/../lib/gcc/arm-none-eabi/4.9.3/armv6-m\libgcc.a(truncdfsf2.o)
                0x0000b440                __aeabi_d2f
 .text.__errno  0x0000b560        0xc c:/nxp/lpcxpresso_7.6.2_326/lpcxpresso/tools/bin/../lib/gcc/arm-none-eabi/4.9.3/../../../../arm-none-eabi/lib/armv6-m\libc_nano.a(lib_a-errno.o)
                0x0000b560                __errno
 *(.rodata .rodata.* .constdata .constdata.*)
 .rodata.str1.1
                0x0000b56c      0x142 ./src/Smart_Garden_Lights.o
                                0x14a (size before relaxing)
 *fill*         0x0000b6ae        0x2 
 .rodata.wdtOSCRate
                0x0000b6b0       0x40 C:\Users\mido2008\Documents\LPCXpresso_7.6.2_326\workspace2\arm_pro_mini_lib\Release\libarm_pro_mini_lib.a(clock_11xx.o)
 .rodata.str1.1
                0x0000b6f0        0xd C:\Users\mido2008\Documents\LPCXpresso_7.6.2_326\workspace2\arm_pro_mini_lib\Release\libarm_pro_mini_lib.a(board_sys_init.o)
 *fill*         0x0000b6fd        0x3 
 .rodata.pinmuxing
                0x0000b700       0x14 C:\Users\mido2008\Documents\LPCXpresso_7.6.2_326\workspace2\arm_pro_mini_lib\Release\libarm_pro_mini_lib.a(board_sys_init.o)
 .rodata.OscRateIn
                0x0000b714        0x4 C:\Users\mido2008\Documents\LPCXpresso_7.6.2_326\workspace2\arm_pro_mini_lib\Release\libarm_pro_mini_lib.a(arm_pro_mini.o)
                0x0000b714                OscRateIn
 .rodata.USB_StringDescriptor
                0x0000b718       0x38 C:\Users\mido2008\Documents\LPCXpresso_7.6.2_326\workspace2\arm_pro_mini_lib\Release\libarm_pro_mini_lib.a(cdc_desc.o)
                0x0000b718                USB_StringDescriptor
 .rodata.USB_DeviceDescriptor
                0x0000b750       0x14 C:\Users\mido2008\Documents\LPCXpresso_7.6.2_326\workspace2\arm_pro_mini_lib\Release\libarm_pro_mini_lib.a(cdc_desc.o)
                0x0000b750                USB_DeviceDescriptor
 .rodata        0x0000b764       0x80 c:/nxp/lpcxpresso_7.6.2_326/lpcxpresso/tools/bin/../lib/gcc/arm-none-eabi/4.9.3/armv6-m\libgcc.a(divsf3.o)
 .rodata        0x0000b7e4       0x40 c:/nxp/lpcxpresso_7.6.2_326/lpcxpresso/tools/bin/../lib/gcc/arm-none-eabi/4.9.3/armv6-m\libgcc.a(mulsf3.o)
 .rodata        0x0000b824       0x40 c:/nxp/lpcxpresso_7.6.2_326/lpcxpresso/tools/bin/../lib/gcc/arm-none-eabi/4.9.3/armv6-m\libgcc.a(divdf3.o)
 .rodata        0x0000b864       0x40 c:/nxp/lpcxpresso_7.6.2_326/lpcxpresso/tools/bin/../lib/gcc/arm-none-eabi/4.9.3/armv6-m\libgcc.a(muldf3.o)
 .rodata.str1.1
                0x0000b8a4       0x10 c:/nxp/lpcxpresso_7.6.2_326/lpcxpresso/tools/bin/../lib/gcc/arm-none-eabi/4.9.3/../../../../arm-none-eabi/lib/armv6-m\libc_nano.a(lib_a-nano-vfprintf_float.o)
                                 0x12 (size before relaxing)
 .rodata.str1.1
                0x0000b8b4       0x22 c:/nxp/lpcxpresso_7.6.2_326/lpcxpresso/tools/bin/../lib/gcc/arm-none-eabi/4.9.3/../../../../arm-none-eabi/lib/armv6-m\libc_nano.a(lib_a-nano-vfprintf_i.o)
 .rodata.str1.1
                0x0000b8d6        0x5 c:/nxp/lpcxpresso_7.6.2_326/lpcxpresso/tools/bin/../lib/gcc/arm-none-eabi/4.9.3/../../../../arm-none-eabi/lib/armv6-m\libc_nano.a(lib_a-nano-vfscanf_float.o)
 *fill*         0x0000b8db        0x1 
 .rodata.fpi.5242
                0x0000b8dc       0x14 c:/nxp/lpcxpresso_7.6.2_326/lpcxpresso/tools/bin/../lib/gcc/arm-none-eabi/4.9.3/../../../../arm-none-eabi/lib/armv6-m\libc_nano.a(lib_a-strtod.o)
 .rodata.str1.1
                0x00000000        0x5 c:/nxp/lpcxpresso_7.6.2_326/lpcxpresso/tools/bin/../lib/gcc/arm-none-eabi/4.9.3/../../../../arm-none-eabi/lib/armv6-m\libc_nano.a(lib_a-strtod.o)
                                  0xc (size before relaxing)
 .rodata.tinytens
                0x0000b8f0       0x28 c:/nxp/lpcxpresso_7.6.2_326/lpcxpresso/tools/bin/../lib/gcc/arm-none-eabi/4.9.3/../../../../arm-none-eabi/lib/armv6-m\libc_nano.a(lib_a-strtod.o)
 .rodata.fpinan.5278
                0x0000b918       0x14 c:/nxp/lpcxpresso_7.6.2_326/lpcxpresso/tools/bin/../lib/gcc/arm-none-eabi/4.9.3/../../../../arm-none-eabi/lib/armv6-m\libc_nano.a(lib_a-strtod.o)
 .rodata._ctype_
                0x0000b92c      0x101 c:/nxp/lpcxpresso_7.6.2_326/lpcxpresso/tools/bin/../lib/gcc/arm-none-eabi/4.9.3/../../../../arm-none-eabi/lib/armv6-m\libc_nano.a(lib_a-ctype_.o)
                0x0000b92c                _ctype_
 .rodata.str1.1
                0x0000ba2d        0xd c:/nxp/lpcxpresso_7.6.2_326/lpcxpresso/tools/bin/../lib/gcc/arm-none-eabi/4.9.3/../../../../arm-none-eabi/lib/armv6-m\libc_nano.a(lib_a-dtoa.o)
                                  0xf (size before relaxing)
 *fill*         0x0000ba3a        0x2 
 .rodata.__sf_fake_stdin
                0x0000ba3c       0x20 c:/nxp/lpcxpresso_7.6.2_326/lpcxpresso/tools/bin/../lib/gcc/arm-none-eabi/4.9.3/../../../../arm-none-eabi/lib/armv6-m\libc_nano.a(lib_a-findfp.o)
                0x0000ba3c                __sf_fake_stdin
 .rodata.__sf_fake_stdout
                0x0000ba5c       0x20 c:/nxp/lpcxpresso_7.6.2_326/lpcxpresso/tools/bin/../lib/gcc/arm-none-eabi/4.9.3/../../../../arm-none-eabi/lib/armv6-m\libc_nano.a(lib_a-findfp.o)
                0x0000ba5c                __sf_fake_stdout
 .rodata.__sf_fake_stderr
                0x0000ba7c       0x20 c:/nxp/lpcxpresso_7.6.2_326/lpcxpresso/tools/bin/../lib/gcc/arm-none-eabi/4.9.3/../../../../arm-none-eabi/lib/armv6-m\libc_nano.a(lib_a-findfp.o)
                0x0000ba7c                __sf_fake_stderr
 .rodata.str1.1
                0x0000ba9c        0x2 c:/nxp/lpcxpresso_7.6.2_326/lpcxpresso/tools/bin/../lib/gcc/arm-none-eabi/4.9.3/../../../../arm-none-eabi/lib/armv6-m\libc_nano.a(lib_a-impure.o)
 *fill*         0x0000ba9e        0x2 
 .rodata._global_impure_ptr
                0x0000baa0        0x4 c:/nxp/lpcxpresso_7.6.2_326/lpcxpresso/tools/bin/../lib/gcc/arm-none-eabi/4.9.3/../../../../arm-none-eabi/lib/armv6-m\libc_nano.a(lib_a-impure.o)
                0x0000baa0                _global_impure_ptr
 .rodata.str1.1
                0x0000baa4        0x8 c:/nxp/lpcxpresso_7.6.2_326/lpcxpresso/tools/bin/../lib/gcc/arm-none-eabi/4.9.3/../../../../arm-none-eabi/lib/armv6-m\libc_nano.a(lib_a-locale.o)
                                  0xb (size before relaxing)
 *fill*         0x0000baac        0x4 
 .rodata.__mprec_tens
                0x0000bab0       0xc8 c:/nxp/lpcxpresso_7.6.2_326/lpcxpresso/tools/bin/../lib/gcc/arm-none-eabi/4.9.3/../../../../arm-none-eabi/lib/armv6-m\libc_nano.a(lib_a-mprec.o)
                0x0000bab0                __mprec_tens
 .rodata.__mprec_bigtens
                0x0000bb78       0x28 c:/nxp/lpcxpresso_7.6.2_326/lpcxpresso/tools/bin/../lib/gcc/arm-none-eabi/4.9.3/../../../../arm-none-eabi/lib/armv6-m\libc_nano.a(lib_a-mprec.o)
                0x0000bb78                __mprec_bigtens
 .rodata.p05.5277
                0x0000bba0        0xc c:/nxp/lpcxpresso_7.6.2_326/lpcxpresso/tools/bin/../lib/gcc/arm-none-eabi/4.9.3/../../../../arm-none-eabi/lib/armv6-m\libc_nano.a(lib_a-mprec.o)
 .rodata.str1.1
                0x0000bbac       0x11 c:/nxp/lpcxpresso_7.6.2_326/lpcxpresso/tools/bin/../lib/gcc/arm-none-eabi/4.9.3/../../../../arm-none-eabi/lib/armv6-m\libc_nano.a(lib_a-nano-svfprintf.o)
 .rodata.str1.1
                0x00000000        0x4 c:/nxp/lpcxpresso_7.6.2_326/lpcxpresso/tools/bin/../lib/gcc/arm-none-eabi/4.9.3/../../../../arm-none-eabi/lib/armv6-m\libc_nano.a(lib_a-nano-svfscanf.o)
 .rodata.str1.1
                0x00000000       0x11 c:/nxp/lpcxpresso_7.6.2_326/lpcxpresso/tools/bin/../lib/gcc/arm-none-eabi/4.9.3/../../../../arm-none-eabi/lib/armv6-m\libc_nano.a(lib_a-nano-vfprintf.o)
 *fill*         0x0000bbbd        0x3 
 .rodata        0x0000bbc0        0xc c:/nxp/lpcxpresso_7.6.2_326/lpcxpresso/tools/bin/../lib/gcc/arm-none-eabi/4.9.3/../../../../arm-none-eabi/lib/armv6-m\libc_nano.a(lib_a-nano-vfscanf_i.o)
 .rodata.str1.1
                0x0000bbcc       0x1b c:/nxp/lpcxpresso_7.6.2_326/lpcxpresso/tools/bin/../lib/gcc/arm-none-eabi/4.9.3/../../../../arm-none-eabi/lib/armv6-m\libc_nano.a(lib_a-nano-vfscanf_i.o)
 *fill*         0x0000bbe7        0x1 
 .rodata.str1.4
                0x0000bbe8        0x5 c:/nxp/lpcxpresso_7.6.2_326/lpcxpresso/tools/bin/../lib/gcc/arm-none-eabi/4.9.3/../../../../arm-none-eabi/lib/armv6-m\libm.a(lib_a-w_acos.o)
                                  0xc (size before relaxing)
 *fill*         0x0000bbed        0x3 
 .rodata.str1.4
                0x0000bbf0        0x5 c:/nxp/lpcxpresso_7.6.2_326/lpcxpresso/tools/bin/../lib/gcc/arm-none-eabi/4.9.3/../../../../arm-none-eabi/lib/armv6-m\libm.a(lib_a-w_asin.o)
                                  0xc (size before relaxing)
 *fill*         0x0000bbf5        0x3 
 .rodata.str1.4
                0x0000bbf8        0x8 c:/nxp/lpcxpresso_7.6.2_326/lpcxpresso/tools/bin/../lib/gcc/arm-none-eabi/4.9.3/../../../../arm-none-eabi/lib/armv6-m\libm.a(lib_a-w_fmod.o)
 .rodata.Zero   0x0000bc00       0x10 c:/nxp/lpcxpresso_7.6.2_326/lpcxpresso/tools/bin/../lib/gcc/arm-none-eabi/4.9.3/../../../../arm-none-eabi/lib/armv6-m\libm.a(lib_a-e_fmod.o)
 .rodata.npio2_hw
                0x0000bc10       0x80 c:/nxp/lpcxpresso_7.6.2_326/lpcxpresso/tools/bin/../lib/gcc/arm-none-eabi/4.9.3/../../../../arm-none-eabi/lib/armv6-m\libm.a(lib_a-e_rem_pio2.o)
 .rodata.two_over_pi
                0x0000bc90      0x108 c:/nxp/lpcxpresso_7.6.2_326/lpcxpresso/tools/bin/../lib/gcc/arm-none-eabi/4.9.3/../../../../arm-none-eabi/lib/armv6-m\libm.a(lib_a-e_rem_pio2.o)
 .rodata.init_jk
                0x0000bd98       0x10 c:/nxp/lpcxpresso_7.6.2_326/lpcxpresso/tools/bin/../lib/gcc/arm-none-eabi/4.9.3/../../../../arm-none-eabi/lib/armv6-m\libm.a(lib_a-k_rem_pio2.o)
 .rodata.PIo2   0x0000bda8       0x40 c:/nxp/lpcxpresso_7.6.2_326/lpcxpresso/tools/bin/../lib/gcc/arm-none-eabi/4.9.3/../../../../arm-none-eabi/lib/armv6-m\libm.a(lib_a-k_rem_pio2.o)
                0x0000bde8                . = ALIGN (0x4)
                0x0000bde8                . = ALIGN (0x4)
 *(.init)
 .init          0x0000bde8        0x4 c:/nxp/lpcxpresso_7.6.2_326/lpcxpresso/tools/bin/../lib/gcc/arm-none-eabi/4.9.3/armv6-m\crti.o
                0x0000bde8                _init
 .init          0x0000bdec        0x8 c:/nxp/lpcxpresso_7.6.2_326/lpcxpresso/tools/bin/../lib/gcc/arm-none-eabi/4.9.3/armv6-m\crtn.o
                0x0000bdf4                . = ALIGN (0x4)
                0x0000bdf4                __preinit_array_start = .
 *(.preinit_array)
                0x0000bdf4                __preinit_array_end = .
                0x0000bdf4                . = ALIGN (0x4)
                0x0000bdf4                __init_array_start = .
 *(SORT(.init_array.*))
 *(.init_array)
 .init_array    0x0000bdf4        0x4 ./src/Smart_Garden_Lights.o
 .init_array    0x0000bdf8        0x4 c:/nxp/lpcxpresso_7.6.2_326/lpcxpresso/tools/bin/../lib/gcc/arm-none-eabi/4.9.3/armv6-m\crtbegin.o
                0x0000bdfc                __init_array_end = .
 *(.fini)
 .fini          0x0000bdfc        0x4 c:/nxp/lpcxpresso_7.6.2_326/lpcxpresso/tools/bin/../lib/gcc/arm-none-eabi/4.9.3/armv6-m\crti.o
                0x0000bdfc                _fini
 .fini          0x0000be00        0x8 c:/nxp/lpcxpresso_7.6.2_326/lpcxpresso/tools/bin/../lib/gcc/arm-none-eabi/4.9.3/armv6-m\crtn.o
                0x0000be08                . = ALIGN (0x4)
 *crtbegin.o(.ctors)
 *(EXCLUDE_FILE(*crtend.o) .ctors)
 *(SORT(.ctors.*))
 *crtend.o(.ctors)
                0x0000be08                . = ALIGN (0x4)
 *crtbegin.o(.dtors)
 *(EXCLUDE_FILE(*crtend.o) .dtors)
 *(SORT(.dtors.*))
 *crtend.o(.dtors)
                0x0000be08                . = ALIGN (0x4)

.glue_7         0x0000be08        0x0
 .glue_7        0x00000000        0x0 linker stubs

.glue_7t        0x0000be08        0x0
 .glue_7t       0x00000000        0x0 linker stubs

.vfp11_veneer   0x0000be08        0x0
 .vfp11_veneer  0x00000000        0x0 linker stubs

.v4_bx          0x0000be08        0x0
 .v4_bx         0x00000000        0x0 linker stubs

.iplt           0x0000be08        0x0
 .iplt          0x00000000        0x0 ./src/Smart_Garden_Lights.o

.rel.dyn        0x0000be08        0x0
 .rel.iplt      0x00000000        0x0 ./src/Smart_Garden_Lights.o

.eh_frame       0x0000be08        0x0
 .eh_frame      0x0000be08        0x0 c:/nxp/lpcxpresso_7.6.2_326/lpcxpresso/tools/bin/../lib/gcc/arm-none-eabi/4.9.3/armv6-m\crtbegin.o

.ARM.extab
 *(.ARM.extab* .gnu.linkonce.armextab.*)
                0x0000be08                __exidx_start = .

.ARM.exidx
 *(.ARM.exidx* .gnu.linkonce.armexidx.*)
                0x0000be08                __exidx_end = .
                0x0000be08                _etext = .

.data_RAM2      0x20004000        0x0 load address 0x0000be08
 FILL mask 0xff
                0x20004000                PROVIDE (__start_data_RAM2, .)
 *(.ramfunc.$RAM2)
 *(.ramfunc.$RamUsb2)
 *(.data.$RAM2*)
 *(.data.$RamUsb2*)
                0x20004000                . = ALIGN (0x4)
                0x20004000                PROVIDE (__end_data_RAM2, .)

.data_RAM3      0x20000000        0x0 load address 0x0000be08
 FILL mask 0xff
                0x20000000                PROVIDE (__start_data_RAM3, .)
 *(.ramfunc.$RAM3)
 *(.ramfunc.$SRAM1_2)
 *(.data.$RAM3*)
 *(.data.$SRAM1_2*)
                0x20000000                . = ALIGN (0x4)
                0x20000000                PROVIDE (__end_data_RAM3, .)

.uninit_RESERVED
                0x10000000        0x0
 *(.bss.$RESERVED*)
                0x10000000                . = ALIGN (0x4)
                0x10000000                _end_uninit_RESERVED = .

.data           0x10000000       0xf0 load address 0x0000be08
 FILL mask 0xff
                0x10000000                _data = .
 *(vtable)
 *(.ramfunc*)
 *(.data*)
 .data.USB_FsConfigDescriptor
                0x10000000       0x4c C:\Users\mido2008\Documents\LPCXpresso_7.6.2_326\workspace2\arm_pro_mini_lib\Release\libarm_pro_mini_lib.a(cdc_desc.o)
                0x10000000                USB_FsConfigDescriptor
 .data.__ctype_ptr__
                0x1000004c        0x4 c:/nxp/lpcxpresso_7.6.2_326/lpcxpresso/tools/bin/../lib/gcc/arm-none-eabi/4.9.3/../../../../arm-none-eabi/lib/armv6-m\libc_nano.a(lib_a-ctype_.o)
                0x1000004c                __ctype_ptr__
 .data.impure_data
                0x10000050       0x60 c:/nxp/lpcxpresso_7.6.2_326/lpcxpresso/tools/bin/../lib/gcc/arm-none-eabi/4.9.3/../../../../arm-none-eabi/lib/armv6-m\libc_nano.a(lib_a-impure.o)
 .data._impure_ptr
                0x100000b0        0x4 c:/nxp/lpcxpresso_7.6.2_326/lpcxpresso/tools/bin/../lib/gcc/arm-none-eabi/4.9.3/../../../../arm-none-eabi/lib/armv6-m\libc_nano.a(lib_a-impure.o)
                0x100000b0                _impure_ptr
 .data.lconv    0x100000b4       0x38 c:/nxp/lpcxpresso_7.6.2_326/lpcxpresso/tools/bin/../lib/gcc/arm-none-eabi/4.9.3/../../../../arm-none-eabi/lib/armv6-m\libc_nano.a(lib_a-locale.o)
 .data.__fdlib_version
                0x100000ec        0x1 c:/nxp/lpcxpresso_7.6.2_326/lpcxpresso/tools/bin/../lib/gcc/arm-none-eabi/4.9.3/../../../../arm-none-eabi/lib/armv6-m\libm.a(lib_a-s_lib_ver.o)
                0x100000ec                __fdlib_version
                0x100000f0                . = ALIGN (0x4)
 *fill*         0x100000ed        0x3 ff
                0x100000f0                _edata = .

.igot.plt       0x100000f0        0x0 load address 0x0000bef8
 .igot.plt      0x00000000        0x0 ./src/Smart_Garden_Lights.o

.jcr            0x100000f0        0x0 load address 0x0000bef8
 .jcr           0x100000f0        0x0 c:/nxp/lpcxpresso_7.6.2_326/lpcxpresso/tools/bin/../lib/gcc/arm-none-eabi/4.9.3/armv6-m\crtbegin.o

.bss_RAM2       0x20004000        0x0
                0x20004000                PROVIDE (__start_bss_RAM2, .)
 *(.bss.$RAM2*)
 *(.bss.$RamUsb2*)
                0x20004000                . = ALIGN (0x4)
                0x20004000                PROVIDE (__end_bss_RAM2, .)

.bss_RAM3       0x20000000        0x0
                0x20000000                PROVIDE (__start_bss_RAM3, .)
 *(.bss.$RAM3*)
 *(.bss.$SRAM1_2*)
                0x20000000                . = ALIGN (0x4)
                0x20000000                PROVIDE (__end_bss_RAM3, .)

.bss            0x100000f0      0x238
                0x100000f0                _bss = .
 *(.bss*)
 .bss._ZL12Sun_App_Long
                0x100000f0        0x8 ./src/Smart_Garden_Lights.o
 .bss._ZL11Sunset_Time
                0x100000f8        0x8 ./src/Smart_Garden_Lights.o
 .bss._ZL5Month
                0x10000100        0x4 ./src/Smart_Garden_Lights.o
 *fill*         0x10000104        0x4 
 .bss._ZL10Obliq_Corr
                0x10000108        0x8 ./src/Smart_Garden_Lights.o
 .bss._ZL13Sun_Eq_of_Ctr
                0x10000110        0x8 ./src/Smart_Garden_Lights.o
 .bss._ZL5var_y
                0x10000118        0x8 ./src/Smart_Garden_Lights.o
 .bss._ZL14Sunrise_TimeMM
                0x10000120        0x4 ./src/Smart_Garden_Lights.o
 *fill*         0x10000124        0x4 
 .bss._ZL10Solar_Noon
                0x10000128        0x8 ./src/Smart_Garden_Lights.o
 .bss._ZL9Longitude
                0x10000130        0x4 ./src/Smart_Garden_Lights.o
 *fill*         0x10000134        0x4 
 .bss._ZL18Geom_Mean_Long_Sun
                0x10000138        0x8 ./src/Smart_Garden_Lights.o
 .bss._ZL8Latitude
                0x10000140        0x4 ./src/Smart_Garden_Lights.o
 .bss._ZL3led   0x10000144        0x4 ./src/Smart_Garden_Lights.o
 .bss._ZL9SyS_Ready
                0x10000148        0x1 ./src/Smart_Garden_Lights.o
 *fill*         0x10000149        0x7 
 .bss._ZL18Eccent_Earth_Orbit
                0x10000150        0x8 ./src/Smart_Garden_Lights.o
 .bss._ZL8prescale
                0x10000158        0x4 ./src/Smart_Garden_Lights.o
 .bss._ZL4Hour  0x1000015c        0x4 ./src/Smart_Garden_Lights.o
 .bss._ZL6T_Zone
                0x10000160        0x4 ./src/Smart_Garden_Lights.o
 *fill*         0x10000164        0x4 
 .bss._ZL19Mean_Obliq_Ecliptic
                0x10000168        0x8 ./src/Smart_Garden_Lights.o
 .bss._ZL12Sunrise_Time
                0x10000170        0x8 ./src/Smart_Garden_Lights.o
 .bss._ZL6Minute
                0x10000178        0x4 ./src/Smart_Garden_Lights.o
 *fill*         0x1000017c        0x4 
 .bss._ZL13Sun_True_Long
                0x10000180        0x8 ./src/Smart_Garden_Lights.o
 .bss._ZL7scanf_m
                0x10000188        0x4 ./src/Smart_Garden_Lights.o
 *fill*         0x1000018c        0x4 
 .bss._ZL4Date  0x10000190        0x8 ./src/Smart_Garden_Lights.o
 .bss._ZL3Day   0x10000198        0x4 ./src/Smart_Garden_Lights.o
 *fill*         0x1000019c        0x4 
 .bss._ZL10Julian_Day
                0x100001a0        0x8 ./src/Smart_Garden_Lights.o
 .bss._ZL14Julian_Century
                0x100001a8        0x8 ./src/Smart_Garden_Lights.o
 .bss._ZL14Sunrise_TimeHH
                0x100001b0        0x4 ./src/Smart_Garden_Lights.o
 .bss._ZL13Sunset_TimeHH
                0x100001b4        0x4 ./src/Smart_Garden_Lights.o
 .bss._ZL5dumpZ
                0x100001b8        0x8 ./src/Smart_Garden_Lights.o
 .bss._ZL10Sun_Declin
                0x100001c0        0x8 ./src/Smart_Garden_Lights.o
 .bss._ZL9HA_Sunris
                0x100001c8        0x8 ./src/Smart_Garden_Lights.o
 .bss._ZL18Geom_Mean_Anom_Sun
                0x100001d0        0x8 ./src/Smart_Garden_Lights.o
 .bss._ZZ6scanf3PKczE3buf
                0x100001d8        0x1 ./src/Smart_Garden_Lights.o
 .bss._ZZ6scanf3PKczE4buf2
                0x100001d9       0x7f ./src/Smart_Garden_Lights.o
 .bss._ZL10Eq_of_Time
                0x10000258        0x8 ./src/Smart_Garden_Lights.o
 .bss._ZL15system_clock_hz
                0x10000260        0x4 ./src/Smart_Garden_Lights.o
 .bss._ZL4Year  0x10000264        0x4 ./src/Smart_Garden_Lights.o
 .bss._ZL5dummy
                0x10000268        0x1 ./src/Smart_Garden_Lights.o
 *fill*         0x10000269        0x3 
 .bss._ZL13Sunset_TimeMM
                0x1000026c        0x4 ./src/Smart_Garden_Lights.o
 .bss._ZZN10usb_serial5setupEvE9usb_param
                0x10000270       0x44 C:\Users\mido2008\Documents\LPCXpresso_7.6.2_326\workspace2\arm_pro_mini_lib\Release\libarm_pro_mini_lib.a(usb_serial.o)
 .bss._ZL6g_hUsb
                0x100002b4        0x4 C:\Users\mido2008\Documents\LPCXpresso_7.6.2_326\workspace2\arm_pro_mini_lib\Release\libarm_pro_mini_lib.a(usb_serial.o)
 .bss.g_pUsbApi
                0x100002b8        0x4 C:\Users\mido2008\Documents\LPCXpresso_7.6.2_326\workspace2\arm_pro_mini_lib\Release\libarm_pro_mini_lib.a(usb_serial.o)
                0x100002b8                g_pUsbApi
 .bss._ZZN10usb_serial5setupEvE4desc
                0x100002bc       0x14 C:\Users\mido2008\Documents\LPCXpresso_7.6.2_326\workspace2\arm_pro_mini_lib\Release\libarm_pro_mini_lib.a(usb_serial.o)
 .bss._ZN12arm_pro_miniL7commandE
                0x100002d0       0x14 C:\Users\mido2008\Documents\LPCXpresso_7.6.2_326\workspace2\arm_pro_mini_lib\Release\libarm_pro_mini_lib.a(arm_pro_mini.o)
 .bss.__malloc_sbrk_start
                0x100002e4        0x4 c:/nxp/lpcxpresso_7.6.2_326/lpcxpresso/tools/bin/../lib/gcc/arm-none-eabi/4.9.3/../../../../arm-none-eabi/lib/armv6-m\libc_nano.a(lib_a-nano-mallocr.o)
                0x100002e4                __malloc_sbrk_start
 .bss.__malloc_free_list
                0x100002e8        0x4 c:/nxp/lpcxpresso_7.6.2_326/lpcxpresso/tools/bin/../lib/gcc/arm-none-eabi/4.9.3/../../../../arm-none-eabi/lib/armv6-m\libc_nano.a(lib_a-nano-mallocr.o)
                0x100002e8                __malloc_free_list
 .bss           0x100002ec       0x1c c:/nxp/lpcxpresso_7.6.2_326/lpcxpresso/tools/bin/../lib/gcc/arm-none-eabi/4.9.3/armv6-m\crtbegin.o
 *(COMMON)
 COMMON         0x10000308       0x14 C:\Users\mido2008\Documents\LPCXpresso_7.6.2_326\workspace2\arm_pro_mini_lib\Release\libarm_pro_mini_lib.a(cdc_vcom.o)
                0x10000308                g_vCOM
 COMMON         0x1000031c        0x4 C:\Users\mido2008\Documents\LPCXpresso_7.6.2_326\workspace2\arm_pro_mini_lib\Release\libarm_pro_mini_lib.a(chip_11xx.o)
                0x1000031c                SystemCoreClock
 COMMON         0x10000320        0x4 c:/nxp/lpcxpresso_7.6.2_326/lpcxpresso/tools/bin/../lib/gcc/arm-none-eabi/4.9.3/../../../../arm-none-eabi/lib/armv6-m\libc_nano.a(lib_a-reent.o)
                0x10000320                errno
 COMMON         0x10000324        0x4 c:/nxp/lpcxpresso_7.6.2_326/lpcxpresso/tools/bin/../lib/gcc/arm-none-eabi/4.9.3/../../../../arm-none-eabi/lib/armv6-m\libcr_newlib_nohost.a(_cr_sbrk.o)
                0x10000324                __end_of_heap
                0x10000328                . = ALIGN (0x4)
                0x10000328                _ebss = .
                0x10000328                PROVIDE (end, .)

.noinit_RAM2    0x20004000        0x0
 *(.noinit.$RAM2*)
 *(.noinit.$RamUsb2*)
                0x20004000                . = ALIGN (0x4)

.noinit_RAM3    0x20000000        0x0
 *(.noinit.$RAM3*)
 *(.noinit.$SRAM1_2*)
                0x20000000                . = ALIGN (0x4)

.noinit         0x10000328        0x0
                0x10000328                _noinit = .
 *(.noinit*)
                0x10000328                . = ALIGN (0x4)
                0x10000328                _end_noinit = .
                0x10000328                PROVIDE (_pvHeapStart, DEFINED (__user_heap_base)?__user_heap_base:.)
                0x10002000                PROVIDE (_vStackTop, DEFINED (__user_stack_top)?__user_stack_top:(__top_RamLoc8 - 0x0))
OUTPUT(Smart_Garden_Lights.axf elf32-littlearm)

.comment        0x00000000       0x70
 .comment       0x00000000       0x70 ./src/Smart_Garden_Lights.o
                                 0x71 (size before relaxing)
 .comment       0x00000000       0x71 C:\Users\mido2008\Documents\LPCXpresso_7.6.2_326\workspace2\arm_pro_mini_lib\Release\libarm_pro_mini_lib.a(usb_serial.o)
 .comment       0x00000000       0x71 C:\Users\mido2008\Documents\LPCXpresso_7.6.2_326\workspace2\arm_pro_mini_lib\Release\libarm_pro_mini_lib.a(cr_startup_lpc11uxx.o)
 .comment       0x00000000       0x71 C:\Users\mido2008\Documents\LPCXpresso_7.6.2_326\workspace2\arm_pro_mini_lib\Release\libarm_pro_mini_lib.a(sysinit.o)
 .comment       0x00000000       0x71 C:\Users\mido2008\Documents\LPCXpresso_7.6.2_326\workspace2\arm_pro_mini_lib\Release\libarm_pro_mini_lib.a(clock_11xx.o)
 .comment       0x00000000       0x71 C:\Users\mido2008\Documents\LPCXpresso_7.6.2_326\workspace2\arm_pro_mini_lib\Release\libarm_pro_mini_lib.a(iocon_11xx.o)
 .comment       0x00000000       0x71 C:\Users\mido2008\Documents\LPCXpresso_7.6.2_326\workspace2\arm_pro_mini_lib\Release\libarm_pro_mini_lib.a(sysctl_11xx.o)
 .comment       0x00000000       0x71 C:\Users\mido2008\Documents\LPCXpresso_7.6.2_326\workspace2\arm_pro_mini_lib\Release\libarm_pro_mini_lib.a(timer_11xx.o)
 .comment       0x00000000       0x71 C:\Users\mido2008\Documents\LPCXpresso_7.6.2_326\workspace2\arm_pro_mini_lib\Release\libarm_pro_mini_lib.a(board_sys_init.o)
 .comment       0x00000000       0x71 C:\Users\mido2008\Documents\LPCXpresso_7.6.2_326\workspace2\arm_pro_mini_lib\Release\libarm_pro_mini_lib.a(arm_pro_mini.o)
 .comment       0x00000000       0x71 C:\Users\mido2008\Documents\LPCXpresso_7.6.2_326\workspace2\arm_pro_mini_lib\Release\libarm_pro_mini_lib.a(isp_button_monitor.o)
 .comment       0x00000000       0x71 C:\Users\mido2008\Documents\LPCXpresso_7.6.2_326\workspace2\arm_pro_mini_lib\Release\libarm_pro_mini_lib.a(cdc_desc.o)
 .comment       0x00000000       0x71 C:\Users\mido2008\Documents\LPCXpresso_7.6.2_326\workspace2\arm_pro_mini_lib\Release\libarm_pro_mini_lib.a(cdc_vcom.o)
 .comment       0x00000000       0x71 C:\Users\mido2008\Documents\LPCXpresso_7.6.2_326\workspace2\arm_pro_mini_lib\Release\libarm_pro_mini_lib.a(chip_11xx.o)
 .comment       0x00000000       0x71 C:\Users\mido2008\Documents\LPCXpresso_7.6.2_326\workspace2\arm_pro_mini_lib\Release\libarm_pro_mini_lib.a(gpio_11xx_1.o)
 .comment       0x00000000       0x71 C:\Users\mido2008\Documents\LPCXpresso_7.6.2_326\workspace2\arm_pro_mini_lib\Release\libarm_pro_mini_lib.a(wwdt_11xx.o)
 .comment       0x00000000       0x71 c:/nxp/lpcxpresso_7.6.2_326/lpcxpresso/tools/bin/../lib/gcc/arm-none-eabi/4.9.3/../../../../arm-none-eabi/lib/armv6-m\libcr_newlib_nohost.a(_cr_sbrk.o)
 .comment       0x00000000       0x71 c:/nxp/lpcxpresso_7.6.2_326/lpcxpresso/tools/bin/../lib/gcc/arm-none-eabi/4.9.3/../../../../arm-none-eabi/lib/armv6-m\libcr_newlib_nohost.a(close.o)
 .comment       0x00000000       0x71 c:/nxp/lpcxpresso_7.6.2_326/lpcxpresso/tools/bin/../lib/gcc/arm-none-eabi/4.9.3/../../../../arm-none-eabi/lib/armv6-m\libcr_newlib_nohost.a(fstat.o)
 .comment       0x00000000       0x71 c:/nxp/lpcxpresso_7.6.2_326/lpcxpresso/tools/bin/../lib/gcc/arm-none-eabi/4.9.3/../../../../arm-none-eabi/lib/armv6-m\libcr_newlib_nohost.a(isatty.o)
 .comment       0x00000000       0x71 c:/nxp/lpcxpresso_7.6.2_326/lpcxpresso/tools/bin/../lib/gcc/arm-none-eabi/4.9.3/../../../../arm-none-eabi/lib/armv6-m\libcr_newlib_nohost.a(lseek.o)
 .comment       0x00000000       0x71 c:/nxp/lpcxpresso_7.6.2_326/lpcxpresso/tools/bin/../lib/gcc/arm-none-eabi/4.9.3/../../../../arm-none-eabi/lib/armv6-m\libcr_newlib_nohost.a(_cr_check_heap.o)

.ARM.attributes
                0x00000000       0x2f
 .ARM.attributes
                0x00000000       0x31 ./src/Smart_Garden_Lights.o
 .ARM.attributes
                0x00000031       0x31 C:\Users\mido2008\Documents\LPCXpresso_7.6.2_326\workspace2\arm_pro_mini_lib\Release\libarm_pro_mini_lib.a(usb_serial.o)
 .ARM.attributes
                0x00000062       0x31 C:\Users\mido2008\Documents\LPCXpresso_7.6.2_326\workspace2\arm_pro_mini_lib\Release\libarm_pro_mini_lib.a(cr_startup_lpc11uxx.o)
 .ARM.attributes
                0x00000093       0x31 C:\Users\mido2008\Documents\LPCXpresso_7.6.2_326\workspace2\arm_pro_mini_lib\Release\libarm_pro_mini_lib.a(sysinit.o)
 .ARM.attributes
                0x000000c4       0x31 C:\Users\mido2008\Documents\LPCXpresso_7.6.2_326\workspace2\arm_pro_mini_lib\Release\libarm_pro_mini_lib.a(clock_11xx.o)
 .ARM.attributes
                0x000000f5       0x31 C:\Users\mido2008\Documents\LPCXpresso_7.6.2_326\workspace2\arm_pro_mini_lib\Release\libarm_pro_mini_lib.a(iocon_11xx.o)
 .ARM.attributes
                0x00000126       0x31 C:\Users\mido2008\Documents\LPCXpresso_7.6.2_326\workspace2\arm_pro_mini_lib\Release\libarm_pro_mini_lib.a(sysctl_11xx.o)
 .ARM.attributes
                0x00000157       0x31 C:\Users\mido2008\Documents\LPCXpresso_7.6.2_326\workspace2\arm_pro_mini_lib\Release\libarm_pro_mini_lib.a(timer_11xx.o)
 .ARM.attributes
                0x00000188       0x31 C:\Users\mido2008\Documents\LPCXpresso_7.6.2_326\workspace2\arm_pro_mini_lib\Release\libarm_pro_mini_lib.a(board_sys_init.o)
 .ARM.attributes
                0x000001b9       0x31 C:\Users\mido2008\Documents\LPCXpresso_7.6.2_326\workspace2\arm_pro_mini_lib\Release\libarm_pro_mini_lib.a(arm_pro_mini.o)
 .ARM.attributes
                0x000001ea       0x31 C:\Users\mido2008\Documents\LPCXpresso_7.6.2_326\workspace2\arm_pro_mini_lib\Release\libarm_pro_mini_lib.a(isp_button_monitor.o)
 .ARM.attributes
                0x0000021b       0x31 C:\Users\mido2008\Documents\LPCXpresso_7.6.2_326\workspace2\arm_pro_mini_lib\Release\libarm_pro_mini_lib.a(cdc_desc.o)
 .ARM.attributes
                0x0000024c       0x31 C:\Users\mido2008\Documents\LPCXpresso_7.6.2_326\workspace2\arm_pro_mini_lib\Release\libarm_pro_mini_lib.a(cdc_vcom.o)
 .ARM.attributes
                0x0000027d       0x31 C:\Users\mido2008\Documents\LPCXpresso_7.6.2_326\workspace2\arm_pro_mini_lib\Release\libarm_pro_mini_lib.a(chip_11xx.o)
 .ARM.attributes
                0x000002ae       0x31 C:\Users\mido2008\Documents\LPCXpresso_7.6.2_326\workspace2\arm_pro_mini_lib\Release\libarm_pro_mini_lib.a(gpio_11xx_1.o)
 .ARM.attributes
                0x000002df       0x31 C:\Users\mido2008\Documents\LPCXpresso_7.6.2_326\workspace2\arm_pro_mini_lib\Release\libarm_pro_mini_lib.a(wwdt_11xx.o)
 .ARM.attributes
                0x00000310       0x1e c:/nxp/lpcxpresso_7.6.2_326/lpcxpresso/tools/bin/../lib/gcc/arm-none-eabi/4.9.3/armv6-m\libgcc.a(_udivsi3.o)
 .ARM.attributes
                0x0000032e       0x1e c:/nxp/lpcxpresso_7.6.2_326/lpcxpresso/tools/bin/../lib/gcc/arm-none-eabi/4.9.3/armv6-m\libgcc.a(_divsi3.o)
 .ARM.attributes
                0x0000034c       0x1e c:/nxp/lpcxpresso_7.6.2_326/lpcxpresso/tools/bin/../lib/gcc/arm-none-eabi/4.9.3/armv6-m\libgcc.a(_dvmd_tls.o)
 .ARM.attributes
                0x0000036a       0x2c c:/nxp/lpcxpresso_7.6.2_326/lpcxpresso/tools/bin/../lib/gcc/arm-none-eabi/4.9.3/armv6-m\libgcc.a(divsf3.o)
 .ARM.attributes
                0x00000396       0x2c c:/nxp/lpcxpresso_7.6.2_326/lpcxpresso/tools/bin/../lib/gcc/arm-none-eabi/4.9.3/armv6-m\libgcc.a(mulsf3.o)
 .ARM.attributes
                0x000003c2       0x2c c:/nxp/lpcxpresso_7.6.2_326/lpcxpresso/tools/bin/../lib/gcc/arm-none-eabi/4.9.3/armv6-m\libgcc.a(subsf3.o)
 .ARM.attributes
                0x000003ee       0x2c c:/nxp/lpcxpresso_7.6.2_326/lpcxpresso/tools/bin/../lib/gcc/arm-none-eabi/4.9.3/armv6-m\libgcc.a(adddf3.o)
 .ARM.attributes
                0x0000041a       0x2c c:/nxp/lpcxpresso_7.6.2_326/lpcxpresso/tools/bin/../lib/gcc/arm-none-eabi/4.9.3/armv6-m\libgcc.a(divdf3.o)
 .ARM.attributes
                0x00000446       0x2c c:/nxp/lpcxpresso_7.6.2_326/lpcxpresso/tools/bin/../lib/gcc/arm-none-eabi/4.9.3/armv6-m\libgcc.a(muldf3.o)
 .ARM.attributes
                0x00000472       0x2c c:/nxp/lpcxpresso_7.6.2_326/lpcxpresso/tools/bin/../lib/gcc/arm-none-eabi/4.9.3/armv6-m\libgcc.a(subdf3.o)
 .ARM.attributes
                0x0000049e       0x2c c:/nxp/lpcxpresso_7.6.2_326/lpcxpresso/tools/bin/../lib/gcc/arm-none-eabi/4.9.3/armv6-m\libgcc.a(fixdfsi.o)
 .ARM.attributes
                0x000004ca       0x2c c:/nxp/lpcxpresso_7.6.2_326/lpcxpresso/tools/bin/../lib/gcc/arm-none-eabi/4.9.3/armv6-m\libgcc.a(floatsidf.o)
 .ARM.attributes
                0x000004f6       0x2c c:/nxp/lpcxpresso_7.6.2_326/lpcxpresso/tools/bin/../lib/gcc/arm-none-eabi/4.9.3/armv6-m\libgcc.a(extendsfdf2.o)
 .ARM.attributes
                0x00000522       0x1e c:/nxp/lpcxpresso_7.6.2_326/lpcxpresso/tools/bin/../lib/gcc/arm-none-eabi/4.9.3/armv6-m\libgcc.a(_clzsi2.o)
 .ARM.attributes
                0x00000540       0x2c c:/nxp/lpcxpresso_7.6.2_326/lpcxpresso/tools/bin/../lib/gcc/arm-none-eabi/4.9.3/../../../../arm-none-eabi/lib/armv6-m\libc_nano.a(lib_a-init.o)
 .ARM.attributes
                0x0000056c       0x2c c:/nxp/lpcxpresso_7.6.2_326/lpcxpresso/tools/bin/../lib/gcc/arm-none-eabi/4.9.3/../../../../arm-none-eabi/lib/armv6-m\libc_nano.a(lib_a-memcpy.o)
 .ARM.attributes
                0x00000598       0x2c c:/nxp/lpcxpresso_7.6.2_326/lpcxpresso/tools/bin/../lib/gcc/arm-none-eabi/4.9.3/../../../../arm-none-eabi/lib/armv6-m\libc_nano.a(lib_a-memset.o)
 .ARM.attributes
                0x000005c4       0x2c c:/nxp/lpcxpresso_7.6.2_326/lpcxpresso/tools/bin/../lib/gcc/arm-none-eabi/4.9.3/../../../../arm-none-eabi/lib/armv6-m\libc_nano.a(lib_a-nano-vfprintf_float.o)
 .ARM.attributes
                0x000005f0       0x2c c:/nxp/lpcxpresso_7.6.2_326/lpcxpresso/tools/bin/../lib/gcc/arm-none-eabi/4.9.3/../../../../arm-none-eabi/lib/armv6-m\libc_nano.a(lib_a-nano-vfprintf_i.o)
 .ARM.attributes
                0x0000061c       0x2c c:/nxp/lpcxpresso_7.6.2_326/lpcxpresso/tools/bin/../lib/gcc/arm-none-eabi/4.9.3/../../../../arm-none-eabi/lib/armv6-m\libc_nano.a(lib_a-nano-vfscanf_float.o)
 .ARM.attributes
                0x00000648       0x2c c:/nxp/lpcxpresso_7.6.2_326/lpcxpresso/tools/bin/../lib/gcc/arm-none-eabi/4.9.3/../../../../arm-none-eabi/lib/armv6-m\libc_nano.a(lib_a-printf.o)
 .ARM.attributes
                0x00000674       0x2c c:/nxp/lpcxpresso_7.6.2_326/lpcxpresso/tools/bin/../lib/gcc/arm-none-eabi/4.9.3/../../../../arm-none-eabi/lib/armv6-m\libc_nano.a(lib_a-s_fpclassify.o)
 .ARM.attributes
                0x000006a0       0x2c c:/nxp/lpcxpresso_7.6.2_326/lpcxpresso/tools/bin/../lib/gcc/arm-none-eabi/4.9.3/../../../../arm-none-eabi/lib/armv6-m\libc_nano.a(lib_a-s_modf.o)
 .ARM.attributes
                0x000006cc       0x2c c:/nxp/lpcxpresso_7.6.2_326/lpcxpresso/tools/bin/../lib/gcc/arm-none-eabi/4.9.3/../../../../arm-none-eabi/lib/armv6-m\libc_nano.a(lib_a-sf_nan.o)
 .ARM.attributes
                0x000006f8       0x2c c:/nxp/lpcxpresso_7.6.2_326/lpcxpresso/tools/bin/../lib/gcc/arm-none-eabi/4.9.3/../../../../arm-none-eabi/lib/armv6-m\libc_nano.a(lib_a-sprintf.o)
 .ARM.attributes
                0x00000724       0x2c c:/nxp/lpcxpresso_7.6.2_326/lpcxpresso/tools/bin/../lib/gcc/arm-none-eabi/4.9.3/../../../../arm-none-eabi/lib/armv6-m\libc_nano.a(lib_a-strlen.o)
 .ARM.attributes
                0x00000750       0x2c c:/nxp/lpcxpresso_7.6.2_326/lpcxpresso/tools/bin/../lib/gcc/arm-none-eabi/4.9.3/../../../../arm-none-eabi/lib/armv6-m\libc_nano.a(lib_a-strtod.o)
 .ARM.attributes
                0x0000077c       0x2c c:/nxp/lpcxpresso_7.6.2_326/lpcxpresso/tools/bin/../lib/gcc/arm-none-eabi/4.9.3/../../../../arm-none-eabi/lib/armv6-m\libc_nano.a(lib_a-strtol.o)
 .ARM.attributes
                0x000007a8       0x2c c:/nxp/lpcxpresso_7.6.2_326/lpcxpresso/tools/bin/../lib/gcc/arm-none-eabi/4.9.3/../../../../arm-none-eabi/lib/armv6-m\libc_nano.a(lib_a-vsscanf.o)
 .ARM.attributes
                0x000007d4       0x2c c:/nxp/lpcxpresso_7.6.2_326/lpcxpresso/tools/bin/../lib/gcc/arm-none-eabi/4.9.3/../../../../arm-none-eabi/lib/armv6-m\libc_nano.a(lib_a-ctype_.o)
 .ARM.attributes
                0x00000800       0x2c c:/nxp/lpcxpresso_7.6.2_326/lpcxpresso/tools/bin/../lib/gcc/arm-none-eabi/4.9.3/../../../../arm-none-eabi/lib/armv6-m\libc_nano.a(lib_a-dtoa.o)
 .ARM.attributes
                0x0000082c       0x2c c:/nxp/lpcxpresso_7.6.2_326/lpcxpresso/tools/bin/../lib/gcc/arm-none-eabi/4.9.3/../../../../arm-none-eabi/lib/armv6-m\libc_nano.a(lib_a-findfp.o)
 .ARM.attributes
                0x00000858       0x2c c:/nxp/lpcxpresso_7.6.2_326/lpcxpresso/tools/bin/../lib/gcc/arm-none-eabi/4.9.3/../../../../arm-none-eabi/lib/armv6-m\libc_nano.a(lib_a-fwalk.o)
 .ARM.attributes
                0x00000884       0x2c c:/nxp/lpcxpresso_7.6.2_326/lpcxpresso/tools/bin/../lib/gcc/arm-none-eabi/4.9.3/../../../../arm-none-eabi/lib/armv6-m\libc_nano.a(lib_a-gdtoa-gethex.o)
 .ARM.attributes
                0x000008b0       0x2c c:/nxp/lpcxpresso_7.6.2_326/lpcxpresso/tools/bin/../lib/gcc/arm-none-eabi/4.9.3/../../../../arm-none-eabi/lib/armv6-m\libc_nano.a(lib_a-gdtoa-hexnan.o)
 .ARM.attributes
                0x000008dc       0x2c c:/nxp/lpcxpresso_7.6.2_326/lpcxpresso/tools/bin/../lib/gcc/arm-none-eabi/4.9.3/../../../../arm-none-eabi/lib/armv6-m\libc_nano.a(lib_a-impure.o)
 .ARM.attributes
                0x00000908       0x2c c:/nxp/lpcxpresso_7.6.2_326/lpcxpresso/tools/bin/../lib/gcc/arm-none-eabi/4.9.3/../../../../arm-none-eabi/lib/armv6-m\libc_nano.a(lib_a-locale.o)
 .ARM.attributes
                0x00000934       0x2c c:/nxp/lpcxpresso_7.6.2_326/lpcxpresso/tools/bin/../lib/gcc/arm-none-eabi/4.9.3/../../../../arm-none-eabi/lib/armv6-m\libc_nano.a(lib_a-malloc.o)
 .ARM.attributes
                0x00000960       0x2c c:/nxp/lpcxpresso_7.6.2_326/lpcxpresso/tools/bin/../lib/gcc/arm-none-eabi/4.9.3/../../../../arm-none-eabi/lib/armv6-m\libc_nano.a(lib_a-memchr.o)
 .ARM.attributes
                0x0000098c       0x2c c:/nxp/lpcxpresso_7.6.2_326/lpcxpresso/tools/bin/../lib/gcc/arm-none-eabi/4.9.3/../../../../arm-none-eabi/lib/armv6-m\libc_nano.a(lib_a-mprec.o)
 .ARM.attributes
                0x000009b8       0x2c c:/nxp/lpcxpresso_7.6.2_326/lpcxpresso/tools/bin/../lib/gcc/arm-none-eabi/4.9.3/../../../../arm-none-eabi/lib/armv6-m\libc_nano.a(lib_a-nano-callocr.o)
 .ARM.attributes
                0x000009e4       0x2c c:/nxp/lpcxpresso_7.6.2_326/lpcxpresso/tools/bin/../lib/gcc/arm-none-eabi/4.9.3/../../../../arm-none-eabi/lib/armv6-m\libc_nano.a(lib_a-nano-freer.o)
 .ARM.attributes
                0x00000a10       0x2c c:/nxp/lpcxpresso_7.6.2_326/lpcxpresso/tools/bin/../lib/gcc/arm-none-eabi/4.9.3/../../../../arm-none-eabi/lib/armv6-m\libc_nano.a(lib_a-nano-mallocr.o)
 .ARM.attributes
                0x00000a3c       0x2c c:/nxp/lpcxpresso_7.6.2_326/lpcxpresso/tools/bin/../lib/gcc/arm-none-eabi/4.9.3/../../../../arm-none-eabi/lib/armv6-m\libc_nano.a(lib_a-nano-svfprintf.o)
 .ARM.attributes
                0x00000a68       0x2c c:/nxp/lpcxpresso_7.6.2_326/lpcxpresso/tools/bin/../lib/gcc/arm-none-eabi/4.9.3/../../../../arm-none-eabi/lib/armv6-m\libc_nano.a(lib_a-nano-svfscanf.o)
 .ARM.attributes
                0x00000a94       0x2c c:/nxp/lpcxpresso_7.6.2_326/lpcxpresso/tools/bin/../lib/gcc/arm-none-eabi/4.9.3/../../../../arm-none-eabi/lib/armv6-m\libc_nano.a(lib_a-nano-vfprintf.o)
 .ARM.attributes
                0x00000ac0       0x2c c:/nxp/lpcxpresso_7.6.2_326/lpcxpresso/tools/bin/../lib/gcc/arm-none-eabi/4.9.3/../../../../arm-none-eabi/lib/armv6-m\libc_nano.a(lib_a-nano-vfscanf_i.o)
 .ARM.attributes
                0x00000aec       0x2c c:/nxp/lpcxpresso_7.6.2_326/lpcxpresso/tools/bin/../lib/gcc/arm-none-eabi/4.9.3/../../../../arm-none-eabi/lib/armv6-m\libc_nano.a(lib_a-sbrkr.o)
 .ARM.attributes
                0x00000b18       0x2c c:/nxp/lpcxpresso_7.6.2_326/lpcxpresso/tools/bin/../lib/gcc/arm-none-eabi/4.9.3/../../../../arm-none-eabi/lib/armv6-m\libc_nano.a(lib_a-sccl.o)
 .ARM.attributes
                0x00000b44       0x2c c:/nxp/lpcxpresso_7.6.2_326/lpcxpresso/tools/bin/../lib/gcc/arm-none-eabi/4.9.3/../../../../arm-none-eabi/lib/armv6-m\libc_nano.a(lib_a-stdio.o)
 .ARM.attributes
                0x00000b70       0x2c c:/nxp/lpcxpresso_7.6.2_326/lpcxpresso/tools/bin/../lib/gcc/arm-none-eabi/4.9.3/../../../../arm-none-eabi/lib/armv6-m\libc_nano.a(lib_a-strncmp.o)
 .ARM.attributes
                0x00000b9c       0x2c c:/nxp/lpcxpresso_7.6.2_326/lpcxpresso/tools/bin/../lib/gcc/arm-none-eabi/4.9.3/../../../../arm-none-eabi/lib/armv6-m\libc_nano.a(lib_a-strtoul.o)
 .ARM.attributes
                0x00000bc8       0x2c c:/nxp/lpcxpresso_7.6.2_326/lpcxpresso/tools/bin/../lib/gcc/arm-none-eabi/4.9.3/../../../../arm-none-eabi/lib/armv6-m\libc_nano.a(lib_a-ungetc.o)
 .ARM.attributes
                0x00000bf4       0x2c c:/nxp/lpcxpresso_7.6.2_326/lpcxpresso/tools/bin/../lib/gcc/arm-none-eabi/4.9.3/../../../../arm-none-eabi/lib/armv6-m\libc_nano.a(lib_a-wbuf.o)
 .ARM.attributes
                0x00000c20       0x2c c:/nxp/lpcxpresso_7.6.2_326/lpcxpresso/tools/bin/../lib/gcc/arm-none-eabi/4.9.3/../../../../arm-none-eabi/lib/armv6-m\libc_nano.a(lib_a-writer.o)
 .ARM.attributes
                0x00000c4c       0x2c c:/nxp/lpcxpresso_7.6.2_326/lpcxpresso/tools/bin/../lib/gcc/arm-none-eabi/4.9.3/../../../../arm-none-eabi/lib/armv6-m\libc_nano.a(lib_a-wsetup.o)
 .ARM.attributes
                0x00000c78       0x2c c:/nxp/lpcxpresso_7.6.2_326/lpcxpresso/tools/bin/../lib/gcc/arm-none-eabi/4.9.3/../../../../arm-none-eabi/lib/armv6-m\libc_nano.a(lib_a-closer.o)
 .ARM.attributes
                0x00000ca4       0x2c c:/nxp/lpcxpresso_7.6.2_326/lpcxpresso/tools/bin/../lib/gcc/arm-none-eabi/4.9.3/../../../../arm-none-eabi/lib/armv6-m\libc_nano.a(lib_a-fflush.o)
 .ARM.attributes
                0x00000cd0       0x2c c:/nxp/lpcxpresso_7.6.2_326/lpcxpresso/tools/bin/../lib/gcc/arm-none-eabi/4.9.3/../../../../arm-none-eabi/lib/armv6-m\libc_nano.a(lib_a-lseekr.o)
 .ARM.attributes
                0x00000cfc       0x2c c:/nxp/lpcxpresso_7.6.2_326/lpcxpresso/tools/bin/../lib/gcc/arm-none-eabi/4.9.3/../../../../arm-none-eabi/lib/armv6-m\libc_nano.a(lib_a-makebuf.o)
 .ARM.attributes
                0x00000d28       0x2c c:/nxp/lpcxpresso_7.6.2_326/lpcxpresso/tools/bin/../lib/gcc/arm-none-eabi/4.9.3/../../../../arm-none-eabi/lib/armv6-m\libc_nano.a(lib_a-memmove.o)
 .ARM.attributes
                0x00000d54       0x2c c:/nxp/lpcxpresso_7.6.2_326/lpcxpresso/tools/bin/../lib/gcc/arm-none-eabi/4.9.3/../../../../arm-none-eabi/lib/armv6-m\libc_nano.a(lib_a-nano-reallocr.o)
 .ARM.attributes
                0x00000d80       0x2c c:/nxp/lpcxpresso_7.6.2_326/lpcxpresso/tools/bin/../lib/gcc/arm-none-eabi/4.9.3/../../../../arm-none-eabi/lib/armv6-m\libc_nano.a(lib_a-readr.o)
 .ARM.attributes
                0x00000dac       0x2c c:/nxp/lpcxpresso_7.6.2_326/lpcxpresso/tools/bin/../lib/gcc/arm-none-eabi/4.9.3/../../../../arm-none-eabi/lib/armv6-m\libc_nano.a(lib_a-reent.o)
 .ARM.attributes
                0x00000dd8       0x2c c:/nxp/lpcxpresso_7.6.2_326/lpcxpresso/tools/bin/../lib/gcc/arm-none-eabi/4.9.3/../../../../arm-none-eabi/lib/armv6-m\libc_nano.a(lib_a-fstatr.o)
 .ARM.attributes
                0x00000e04       0x2c c:/nxp/lpcxpresso_7.6.2_326/lpcxpresso/tools/bin/../lib/gcc/arm-none-eabi/4.9.3/../../../../arm-none-eabi/lib/armv6-m\libc_nano.a(lib_a-isattyr.o)
 .ARM.attributes
                0x00000e30       0x2c c:/nxp/lpcxpresso_7.6.2_326/lpcxpresso/tools/bin/../lib/gcc/arm-none-eabi/4.9.3/../../../../arm-none-eabi/lib/armv6-m\libc_nano.a(lib_a-nano-msizer.o)
 .ARM.attributes
                0x00000e5c       0x2c c:/nxp/lpcxpresso_7.6.2_326/lpcxpresso/tools/bin/../lib/gcc/arm-none-eabi/4.9.3/../../../../arm-none-eabi/lib/armv6-m\libm.a(lib_a-s_cos.o)
 .ARM.attributes
                0x00000e88       0x2c c:/nxp/lpcxpresso_7.6.2_326/lpcxpresso/tools/bin/../lib/gcc/arm-none-eabi/4.9.3/../../../../arm-none-eabi/lib/armv6-m\libm.a(lib_a-s_sin.o)
 .ARM.attributes
                0x00000eb4       0x2c c:/nxp/lpcxpresso_7.6.2_326/lpcxpresso/tools/bin/../lib/gcc/arm-none-eabi/4.9.3/../../../../arm-none-eabi/lib/armv6-m\libm.a(lib_a-s_tan.o)
 .ARM.attributes
                0x00000ee0       0x2c c:/nxp/lpcxpresso_7.6.2_326/lpcxpresso/tools/bin/../lib/gcc/arm-none-eabi/4.9.3/../../../../arm-none-eabi/lib/armv6-m\libm.a(lib_a-w_acos.o)
 .ARM.attributes
                0x00000f0c       0x2c c:/nxp/lpcxpresso_7.6.2_326/lpcxpresso/tools/bin/../lib/gcc/arm-none-eabi/4.9.3/../../../../arm-none-eabi/lib/armv6-m\libm.a(lib_a-w_asin.o)
 .ARM.attributes
                0x00000f38       0x2c c:/nxp/lpcxpresso_7.6.2_326/lpcxpresso/tools/bin/../lib/gcc/arm-none-eabi/4.9.3/../../../../arm-none-eabi/lib/armv6-m\libm.a(lib_a-w_fmod.o)
 .ARM.attributes
                0x00000f64       0x2c c:/nxp/lpcxpresso_7.6.2_326/lpcxpresso/tools/bin/../lib/gcc/arm-none-eabi/4.9.3/../../../../arm-none-eabi/lib/armv6-m\libm.a(lib_a-e_acos.o)
 .ARM.attributes
                0x00000f90       0x2c c:/nxp/lpcxpresso_7.6.2_326/lpcxpresso/tools/bin/../lib/gcc/arm-none-eabi/4.9.3/../../../../arm-none-eabi/lib/armv6-m\libm.a(lib_a-e_asin.o)
 .ARM.attributes