Archive member included because of file (symbol)

C:\Users\mido2008\Documents\LPCXpresso_7.6.2_326\workspace2\arm_pro_mini_lib\Debug\libarm_pro_mini_lib.a(usb_serial.o)
                              ./src/Smart_Garden_Lights.o (usb_serial::setup())
C:\Users\mido2008\Documents\LPCXpresso_7.6.2_326\workspace2\arm_pro_mini_lib\Debug\libarm_pro_mini_lib.a(cr_startup_lpc11uxx.o)
                              (ResetISR)
C:\Users\mido2008\Documents\LPCXpresso_7.6.2_326\workspace2\arm_pro_mini_lib\Debug\libarm_pro_mini_lib.a(sysinit.o)
                              C:\Users\mido2008\Documents\LPCXpresso_7.6.2_326\workspace2\arm_pro_mini_lib\Debug\libarm_pro_mini_lib.a(cr_startup_lpc11uxx.o) (SystemInit)
C:\Users\mido2008\Documents\LPCXpresso_7.6.2_326\workspace2\arm_pro_mini_lib\Debug\libarm_pro_mini_lib.a(clock_11xx.o)
                              C:\Users\mido2008\Documents\LPCXpresso_7.6.2_326\workspace2\arm_pro_mini_lib\Debug\libarm_pro_mini_lib.a(usb_serial.o) (Chip_Clock_SetUSBClockSource)
C:\Users\mido2008\Documents\LPCXpresso_7.6.2_326\workspace2\arm_pro_mini_lib\Debug\libarm_pro_mini_lib.a(iocon_11xx.o)
                              ./src/Smart_Garden_Lights.o (Chip_IOCON_PinMuxSet)
C:\Users\mido2008\Documents\LPCXpresso_7.6.2_326\workspace2\arm_pro_mini_lib\Debug\libarm_pro_mini_lib.a(sysctl_11xx.o)
                              C:\Users\mido2008\Documents\LPCXpresso_7.6.2_326\workspace2\arm_pro_mini_lib\Debug\libarm_pro_mini_lib.a(usb_serial.o) (Chip_SYSCTL_PowerUp)
C:\Users\mido2008\Documents\LPCXpresso_7.6.2_326\workspace2\arm_pro_mini_lib\Debug\libarm_pro_mini_lib.a(timer_11xx.o)
                              ./src/Smart_Garden_Lights.o (Chip_TIMER_Init)
C:\Users\mido2008\Documents\LPCXpresso_7.6.2_326\workspace2\arm_pro_mini_lib\Debug\libarm_pro_mini_lib.a(board_sys_init.o)
                              C:\Users\mido2008\Documents\LPCXpresso_7.6.2_326\workspace2\arm_pro_mini_lib\Debug\libarm_pro_mini_lib.a(sysinit.o) (Board_SystemInit)
C:\Users\mido2008\Documents\LPCXpresso_7.6.2_326\workspace2\arm_pro_mini_lib\Debug\libarm_pro_mini_lib.a(arm_pro_mini.o)
                              C:\Users\mido2008\Documents\LPCXpresso_7.6.2_326\workspace2\arm_pro_mini_lib\Debug\libarm_pro_mini_lib.a(clock_11xx.o) (OscRateIn)
C:\Users\mido2008\Documents\LPCXpresso_7.6.2_326\workspace2\arm_pro_mini_lib\Debug\libarm_pro_mini_lib.a(isp_button_monitor.o)
                              ./src/Smart_Garden_Lights.o (isp_button_monitor::setup())
C:\Users\mido2008\Documents\LPCXpresso_7.6.2_326\workspace2\arm_pro_mini_lib\Debug\libarm_pro_mini_lib.a(cdc_desc.o)
                              C:\Users\mido2008\Documents\LPCXpresso_7.6.2_326\workspace2\arm_pro_mini_lib\Debug\libarm_pro_mini_lib.a(usb_serial.o) (USB_DeviceDescriptor)
C:\Users\mido2008\Documents\LPCXpresso_7.6.2_326\workspace2\arm_pro_mini_lib\Debug\libarm_pro_mini_lib.a(cdc_vcom.o)
                              C:\Users\mido2008\Documents\LPCXpresso_7.6.2_326\workspace2\arm_pro_mini_lib\Debug\libarm_pro_mini_lib.a(usb_serial.o) (g_vCOM)
C:\Users\mido2008\Documents\LPCXpresso_7.6.2_326\workspace2\arm_pro_mini_lib\Debug\libarm_pro_mini_lib.a(chip_11xx.o)
                              C:\Users\mido2008\Documents\LPCXpresso_7.6.2_326\workspace2\arm_pro_mini_lib\Debug\libarm_pro_mini_lib.a(arm_pro_mini.o) (SystemCoreClockUpdate)
C:\Users\mido2008\Documents\LPCXpresso_7.6.2_326\workspace2\arm_pro_mini_lib\Debug\libarm_pro_mini_lib.a(gpio_11xx_1.o)
                              C:\Users\mido2008\Documents\LPCXpresso_7.6.2_326\workspace2\arm_pro_mini_lib\Debug\libarm_pro_mini_lib.a(arm_pro_mini.o) (Chip_GPIO_Init)
C:\Users\mido2008\Documents\LPCXpresso_7.6.2_326\workspace2\arm_pro_mini_lib\Debug\libarm_pro_mini_lib.a(wwdt_11xx.o)
                              C:\Users\mido2008\Documents\LPCXpresso_7.6.2_326\workspace2\arm_pro_mini_lib\Debug\libarm_pro_mini_lib.a(arm_pro_mini.o) (Chip_WWDT_DeInit)
c:/nxp/lpcxpresso_7.6.2_326/lpcxpresso/tools/bin/../lib/gcc/arm-none-eabi/4.9.3/armv6-m\libgcc.a(_udivsi3.o)
                              ./src/Smart_Garden_Lights.o (__aeabi_uidiv)
c:/nxp/lpcxpresso_7.6.2_326/lpcxpresso/tools/bin/../lib/gcc/arm-none-eabi/4.9.3/armv6-m\libgcc.a(_divsi3.o)
                              ./src/Smart_Garden_Lights.o (__aeabi_idiv)
c:/nxp/lpcxpresso_7.6.2_326/lpcxpresso/tools/bin/../lib/gcc/arm-none-eabi/4.9.3/armv6-m\libgcc.a(_dvmd_tls.o)
                              c:/nxp/lpcxpresso_7.6.2_326/lpcxpresso/tools/bin/../lib/gcc/arm-none-eabi/4.9.3/armv6-m\libgcc.a(_udivsi3.o) (__aeabi_idiv0)
c:/nxp/lpcxpresso_7.6.2_326/lpcxpresso/tools/bin/../lib/gcc/arm-none-eabi/4.9.3/armv6-m\libgcc.a(divsf3.o)
                              ./src/Smart_Garden_Lights.o (__aeabi_fdiv)
c:/nxp/lpcxpresso_7.6.2_326/lpcxpresso/tools/bin/../lib/gcc/arm-none-eabi/4.9.3/armv6-m\libgcc.a(mulsf3.o)
                              ./src/Smart_Garden_Lights.o (__aeabi_fmul)
[...]
Memory Configuration

Name             Origin             Length             Attributes
MFlash64         0x00000000         0x00010000         xr
RamLoc8          0x10000000         0x00002000         xrw
RamUsb2          0x20004000         0x00000800         xrw
SRAM1_2          0x20000000         0x00000800         xrw
*default*        0x00000000         0xffffffff

Linker script and memory map

LOAD ./src/Smart_Garden_Lights.o
LOAD C:\Users\mido2008\Documents\LPCXpresso_7.6.2_326\workspace2\arm_pro_mini_lib\Debug\libarm_pro_mini_lib.a
START GROUP
LOAD c:/nxp/lpcxpresso_7.6.2_326/lpcxpresso/tools/bin/../lib/gcc/arm-none-eabi/4.9.3/armv6-m\libgcc.a
LOAD c:/nxp/lpcxpresso_7.6.2_326/lpcxpresso/tools/bin/../lib/gcc/arm-none-eabi/4.9.3/../../../../arm-none-eabi/lib/armv6-m\libc_nano.a
LOAD c:/nxp/lpcxpresso_7.6.2_326/lpcxpresso/tools/bin/../lib/gcc/arm-none-eabi/4.9.3/../../../../arm-none-eabi/lib/armv6-m\libstdc++_nano.a
LOAD c:/nxp/lpcxpresso_7.6.2_326/lpcxpresso/tools/bin/../lib/gcc/arm-none-eabi/4.9.3/../../../../arm-none-eabi/lib/armv6-m\libm.a
LOAD c:/nxp/lpcxpresso_7.6.2_326/lpcxpresso/tools/bin/../lib/gcc/arm-none-eabi/4.9.3/../../../../arm-none-eabi/lib/armv6-m\libcr_newlib_nohost.a
LOAD c:/nxp/lpcxpresso_7.6.2_326/lpcxpresso/tools/bin/../lib/gcc/arm-none-eabi/4.9.3/armv6-m\crti.o
LOAD c:/nxp/lpcxpresso_7.6.2_326/lpcxpresso/tools/bin/../lib/gcc/arm-none-eabi/4.9.3/armv6-m\crtn.o
LOAD c:/nxp/lpcxpresso_7.6.2_326/lpcxpresso/tools/bin/../lib/gcc/arm-none-eabi/4.9.3/armv6-m\crtbegin.o
LOAD c:/nxp/lpcxpresso_7.6.2_326/lpcxpresso/tools/bin/../lib/gcc/arm-none-eabi/4.9.3/armv6-m\crtend.o
END GROUP
                0x00010000                __top_MFlash64 = 0x10000
                0x10002000                __top_RamLoc8 = 0x10002000
                0x20004800                __top_RamUsb2 = 0x20004800
                0x20000800                __top_SRAM1_2 = 0x20000800

.text           0x00000000     0xd0e8
 FILL mask 0xff
                0x00000000                __vectors_start__ = ABSOLUTE (.)
 *(.isr_vector)
 .isr_vector    0x00000000       0xc0 C:\Users\mido2008\Documents\LPCXpresso_7.6.2_326\workspace2\arm_pro_mini_lib\Debug\libarm_pro_mini_lib.a(cr_startup_lpc11uxx.o)
                0x00000000                g_pfnVectors
                0x000000c0                . = ALIGN (0x4)
                0x000000c0                __section_table_start = .
                0x000000c0                __data_section_table = .
                0x000000c0        0x4 LONG 0xd0e8 LOADADDR (.data)
                0x000000c4        0x4 LONG 0x10000000 ADDR (.data)
                0x000000c8        0x4 LONG 0xf0 SIZEOF (.data)
                0x000000cc        0x4 LONG 0xd0e8 LOADADDR (.data_RAM2)
                0x000000d0        0x4 LONG 0x20004000 ADDR (.data_RAM2)
                0x000000d4        0x4 LONG 0x0 SIZEOF (.data_RAM2)
                0x000000d8        0x4 LONG 0xd0e8 LOADADDR (.data_RAM3)
                0x000000dc        0x4 LONG 0x20000000 ADDR (.data_RAM3)
                0x000000e0        0x4 LONG 0x0 SIZEOF (.data_RAM3)
                0x000000e4                __data_section_table_end = .
                0x000000e4                __bss_section_table = .
                0x000000e4        0x4 LONG 0x100000f0 ADDR (.bss)
                0x000000e8        0x4 LONG 0x228 SIZEOF (.bss)
                0x000000ec        0x4 LONG 0x20004000 ADDR (.bss_RAM2)
                0x000000f0        0x4 LONG 0x0 SIZEOF (.bss_RAM2)
                0x000000f4        0x4 LONG 0x20000000 ADDR (.bss_RAM3)
                0x000000f8        0x4 LONG 0x0 SIZEOF (.bss_RAM3)
                0x000000fc                __bss_section_table_end = .
                0x000000fc                __section_table_end = .
 *(.after_vectors*)
 .after_vectors
                0x000000fc      0x140 C:\Users\mido2008\Documents\LPCXpresso_7.6.2_326\workspace2\arm_pro_mini_lib\Debug\libarm_pro_mini_lib.a(cr_startup_lpc11uxx.o)
                0x000000fc                data_init(unsigned int, unsigned int, unsigned int)
                0x0000013c                bss_init(unsigned int, unsigned int)
                0x00000170                ResetISR
                0x0000020c                NMI_Handler
                0x00000214                HardFault_Handler
                0x0000021c                SVC_Handler
                0x00000224                PendSV_Handler
                0x0000022c                SysTick_Handler
                0x00000234                FLEX_INT1_IRQHandler
                0x00000234                IntDefaultHandler
                0x00000234                SSP0_IRQHandler
                0x00000234                USBWakeup_IRQHandler
                0x00000234                FLEX_INT0_IRQHandler
                0x00000234                FLEX_INT7_IRQHandler
                0x00000234                TIMER16_1_IRQHandler
                0x00000234                USB_FIQHandler
                0x00000234                FLEX_INT5_IRQHandler
                0x00000234                ADC_IRQHandler
                0x00000234                SSP1_IRQHandler
                0x00000234                FLEX_INT3_IRQHandler
                0x00000234                UART_IRQHandler
                0x00000234                BOD_IRQHandler
                0x00000234                I2C_IRQHandler
                0x00000234                TIMER32_0_IRQHandler
                0x00000234                WDT_IRQHandler
                0x00000234                FLEX_INT2_IRQHandler
                0x00000234                GINT0_IRQHandler
                0x00000234                FLEX_INT4_IRQHandler
                0x00000234                TIMER16_0_IRQHandler
                0x00000234                FLEX_INT6_IRQHandler
                0x00000234                FMC_IRQHandler
                0x00000234                GINT1_IRQHandler
 *(.text*)
 .text.NVIC_EnableIRQ
                0x0000023c       0x2c ./src/Smart_Garden_Lights.o
 .text.Chip_TIMER_ClearMatch
                0x00000268       0x28 ./src/Smart_Garden_Lights.o
 .text.Chip_TIMER_Enable
                0x00000290       0x1c ./src/Smart_Garden_Lights.o
 .text.Chip_TIMER_PrescaleSet
                0x000002ac       0x18 ./src/Smart_Garden_Lights.o
 .text.Chip_TIMER_SetMatch
                0x000002c4       0x2c ./src/Smart_Garden_Lights.o
 .text.Chip_TIMER_MatchEnableInt
                0x000002f0       0x34 ./src/Smart_Garden_Lights.o
 .text.Chip_TIMER_ResetOnMatchEnable
                0x00000324       0x34 ./src/Smart_Garden_Lights.o
 .text.Chip_GPIO_SetPinDIROutput
                0x00000358       0x50 ./src/Smart_Garden_Lights.o
 .text._ZN7io_pins8_private16pio_mod_functionEhh
                0x000003a8       0x38 ./src/Smart_Garden_Lights.o
                0x000003a8                io_pins::_private::pio_mod_function(unsigned char, unsigned char)
 .text._ZN7io_pins9OutputPinC2Ehh
                0x000003e0       0x84 ./src/Smart_Garden_Lights.o
                0x000003e0                io_pins::OutputPin::OutputPin(unsigned char, unsigned char)
                0x000003e0                io_pins::OutputPin::OutputPin(unsigned char, unsigned char)
 .text._ZN7io_pins9OutputPin3setEb
                0x00000464       0x20 ./src/Smart_Garden_Lights.o
                0x00000464                io_pins::OutputPin::set(bool)
 .text._Z7RADIANSd
                0x00000484       0x40 ./src/Smart_Garden_Lights.o
                0x00000484                RADIANS(double)
 .text._Z7DEGREESd
                0x000004c4       0x40 ./src/Smart_Garden_Lights.o
                0x000004c4                DEGREES(double)
 .text._Z6scanf3PKcz
                0x00000504       0xcc ./src/Smart_Garden_Lights.o
                0x00000504                scanf3(char const*, ...)
 .text._Z11Do_the_Mathv
                0x000005d0      0xd7c ./src/Smart_Garden_Lights.o
                0x000005d0                Do_the_Math()
 .text._ZL5setupv
                0x0000134c      0x2f0 ./src/Smart_Garden_Lights.o
 .text._ZL4loopv
                0x0000163c        0xc ./src/Smart_Garden_Lights.o
 .text._Z9INTERRUPTv
                0x00001648       0xd0 ./src/Smart_Garden_Lights.o
                0x00001648                INTERRUPT()
 .text.TIMER32_1_IRQHandler
                0x00001718       0x1c ./src/Smart_Garden_Lights.o
                0x00001718                TIMER32_1_IRQHandler
 .text.main     0x00001734       0x10 ./src/Smart_Garden_Lights.o
                0x00001734                main
 .text._Z41__static_initialization_and_destruction_0ii
                0x00001744       0x5c ./src/Smart_Garden_Lights.o
 .text._GLOBAL__sub_I__Z7RADIANSd
                0x000017a0       0x18 ./src/Smart_Garden_Lights.o
 .text.NVIC_EnableIRQ
                0x000017b8       0x2c C:\Users\mido2008\Documents\LPCXpresso_7.6.2_326\workspace2\arm_pro_mini_lib\Debug\libarm_pro_mini_lib.a(usb_serial.o)
 .text.Chip_Clock_EnablePeriphClock
                0x000017e4       0x30 C:\Users\mido2008\Documents\LPCXpresso_7.6.2_326\workspace2\arm_pro_mini_lib\Debug\libarm_pro_mini_lib.a(usb_serial.o)
 .text.vcom_connected
                0x00001814       0x1c C:\Users\mido2008\Documents\LPCXpresso_7.6.2_326\workspace2\arm_pro_mini_lib\Debug\libarm_pro_mini_lib.a(usb_serial.o)
 .text.find_IntfDesc
                0x00001830       0x58 C:\Users\mido2008\Documents\LPCXpresso_7.6.2_326\workspace2\arm_pro_mini_lib\Debug\libarm_pro_mini_lib.a(usb_serial.o)
                0x00001830                find_IntfDesc
 .text._ZN10usb_serialL16usb_pin_clk_initEv
                0x00001888       0x28 C:\Users\mido2008\Documents\LPCXpresso_7.6.2_326\workspace2\arm_pro_mini_lib\Debug\libarm_pro_mini_lib.a(usb_serial.o)
 .text.USB_IRQHandler
                0x000018b0       0x64 C:\Users\mido2008\Documents\LPCXpresso_7.6.2_326\workspace2\arm_pro_mini_lib\Debug\libarm_pro_mini_lib.a(usb_serial.o)
                0x000018b0                USB_IRQHandler
 .text._ZN10usb_serial5setupEv
                0x00001914       0xec C:\Users\mido2008\Documents\LPCXpresso_7.6.2_326\workspace2\arm_pro_mini_lib\Debug\libarm_pro_mini_lib.a(usb_serial.o)
                0x00001914                usb_serial::setup()
 .text._ZN10usb_serial11Read_SerialEPh
                0x00001a00       0x34 C:\Users\mido2008\Documents\LPCXpresso_7.6.2_326\workspace2\arm_pro_mini_lib\Debug\libarm_pro_mini_lib.a(usb_serial.o)
                0x00001a00                usb_serial::Read_Serial(unsigned char*)
 .text.SystemInit
                0x00001a34        0xc C:\Users\mido2008\Documents\LPCXpresso_7.6.2_326\workspace2\arm_pro_mini_lib\Debug\libarm_pro_mini_lib.a(sysinit.o)
                0x00001a34                SystemInit
 .text.Chip_Clock_GetMainOscRate
                0x00001a40       0x14 C:\Users\mido2008\Documents\LPCXpresso_7.6.2_326\workspace2\arm_pro_mini_lib\Debug\libarm_pro_mini_lib.a(clock_11xx.o)
 .text.Chip_Clock_GetIntOscRate
                0x00001a54       0x10 C:\Users\mido2008\Documents\LPCXpresso_7.6.2_326\workspace2\arm_pro_mini_lib\Debug\libarm_pro_mini_lib.a(clock_11xx.o)
 .text.Chip_Clock_GetWDTLFORate
                0x00001a64       0x48 C:\Users\mido2008\Documents\LPCXpresso_7.6.2_326\workspace2\arm_pro_mini_lib\Debug\libarm_pro_mini_lib.a(clock_11xx.o)
 .text.Chip_Clock_GetPLLFreq
                0x00001aac       0x24 C:\Users\mido2008\Documents\LPCXpresso_7.6.2_326\workspace2\arm_pro_mini_lib\Debug\libarm_pro_mini_lib.a(clock_11xx.o)
 .text.Chip_Clock_SetSystemPLLSource
                0x00001ad0       0x2c C:\Users\mido2008\Documents\LPCXpresso_7.6.2_326\workspace2\arm_pro_mini_lib\Debug\libarm_pro_mini_lib.a(clock_11xx.o)
                0x00001ad0                Chip_Clock_SetSystemPLLSource
 .text.Chip_Clock_SetUSBPLLSource
                0x00001afc       0x2c C:\Users\mido2008\Documents\LPCXpresso_7.6.2_326\workspace2\arm_pro_mini_lib\Debug\libarm_pro_mini_lib.a(clock_11xx.o)
                0x00001afc                Chip_Clock_SetUSBPLLSource
 .text.Chip_Clock_SetMainClockSource
                0x00001b28       0x2c C:\Users\mido2008\Documents\LPCXpresso_7.6.2_326\workspace2\arm_pro_mini_lib\Debug\libarm_pro_mini_lib.a(clock_11xx.o)
                0x00001b28                Chip_Clock_SetMainClockSource
 .text.Chip_Clock_SetUSBClockSource
                0x00001b54       0x3c C:\Users\mido2008\Documents\LPCXpresso_7.6.2_326\workspace2\arm_pro_mini_lib\Debug\libarm_pro_mini_lib.a(clock_11xx.o)
                0x00001b54                Chip_Clock_SetUSBClockSource
 .text.Chip_Clock_GetWDTOSCRate
                0x00001b90       0x1c C:\Users\mido2008\Documents\LPCXpresso_7.6.2_326\workspace2\arm_pro_mini_lib\Debug\libarm_pro_mini_lib.a(clock_11xx.o)
                0x00001b90                Chip_Clock_GetWDTOSCRate
 .text.Chip_Clock_GetSystemPLLInClockRate
                0x00001bac       0x40 C:\Users\mido2008\Documents\LPCXpresso_7.6.2_326\workspace2\arm_pro_mini_lib\Debug\libarm_pro_mini_lib.a(clock_11xx.o)
                0x00001bac                Chip_Clock_GetSystemPLLInClockRate
 .text.Chip_Clock_GetSystemPLLOutClockRate
                0x00001bec       0x24 C:\Users\mido2008\Documents\LPCXpresso_7.6.2_326\workspace2\arm_pro_mini_lib\Debug\libarm_pro_mini_lib.a(clock_11xx.o)
                0x00001bec                Chip_Clock_GetSystemPLLOutClockRate
 .text.Chip_Clock_GetMainClockRate
                0x00001c10       0x64 C:\Users\mido2008\Documents\LPCXpresso_7.6.2_326\workspace2\arm_pro_mini_lib\Debug\libarm_pro_mini_lib.a(clock_11xx.o)
                0x00001c10                Chip_Clock_GetMainClockRate
 .text.Chip_Clock_GetSystemClockRate
                0x00001c74       0x24 C:\Users\mido2008\Documents\LPCXpresso_7.6.2_326\workspace2\arm_pro_mini_lib\Debug\libarm_pro_mini_lib.a(clock_11xx.o)
                0x00001c74                Chip_Clock_GetSystemClockRate
 .text.Chip_IOCON_PinMuxSet
                0x00001c98       0x50 C:\Users\mido2008\Documents\LPCXpresso_7.6.2_326\workspace2\arm_pro_mini_lib\Debug\libarm_pro_mini_lib.a(iocon_11xx.o)
                0x00001c98                Chip_IOCON_PinMuxSet
 .text.Chip_SYSCTL_PowerDown
                0x00001ce8       0x40 C:\Users\mido2008\Documents\LPCXpresso_7.6.2_326\workspace2\arm_pro_mini_lib\Debug\libarm_pro_mini_lib.a(sysctl_11xx.o)
                0x00001ce8                Chip_SYSCTL_PowerDown
 .text.Chip_SYSCTL_PowerUp
                0x00001d28       0x44 C:\Users\mido2008\Documents\LPCXpresso_7.6.2_326\workspace2\arm_pro_mini_lib\Debug\libarm_pro_mini_lib.a(sysctl_11xx.o)
                0x00001d28                Chip_SYSCTL_PowerUp
 .text.Chip_Clock_EnablePeriphClock
                0x00001d6c       0x30 C:\Users\mido2008\Documents\LPCXpresso_7.6.2_326\workspace2\arm_pro_mini_lib\Debug\libarm_pro_mini_lib.a(timer_11xx.o)
 .text.Chip_TIMER_GetClock
                0x00001d9c       0x60 C:\Users\mido2008\Documents\LPCXpresso_7.6.2_326\workspace2\arm_pro_mini_lib\Debug\libarm_pro_mini_lib.a(timer_11xx.o)
 .text.Chip_TIMER_Init
                0x00001dfc       0x20 C:\Users\mido2008\Documents\LPCXpresso_7.6.2_326\workspace2\arm_pro_mini_lib\Debug\libarm_pro_mini_lib.a(timer_11xx.o)
                0x00001dfc                Chip_TIMER_Init
 .text.Chip_TIMER_Reset
                0x00001e1c       0x38 C:\Users\mido2008\Documents\LPCXpresso_7.6.2_326\workspace2\arm_pro_mini_lib\Debug\libarm_pro_mini_lib.a(timer_11xx.o)
                0x00001e1c                Chip_TIMER_Reset
 .text.Chip_FMC_SetFLASHAccess
                0x00001e54       0x2c C:\Users\mido2008\Documents\LPCXpresso_7.6.2_326\workspace2\arm_pro_mini_lib\Debug\libarm_pro_mini_lib.a(board_sys_init.o)
 .text.Chip_Clock_SetupSystemPLL
                0x00001e80       0x34 C:\Users\mido2008\Documents\LPCXpresso_7.6.2_326\workspace2\arm_pro_mini_lib\Debug\libarm_pro_mini_lib.a(board_sys_init.o)
 .text.Chip_Clock_IsSystemPLLLocked
                0x00001eb4       0x1c C:\Users\mido2008\Documents\LPCXpresso_7.6.2_326\workspace2\arm_pro_mini_lib\Debug\libarm_pro_mini_lib.a(board_sys_init.o)
 .text.Chip_Clock_SetupUSBPLL
                0x00001ed0       0x34 C:\Users\mido2008\Documents\LPCXpresso_7.6.2_326\workspace2\arm_pro_mini_lib\Debug\libarm_pro_mini_lib.a(board_sys_init.o)
 .text.Chip_Clock_IsUSBPLLLocked
                0x00001f04       0x1c C:\Users\mido2008\Documents\LPCXpresso_7.6.2_326\workspace2\arm_pro_mini_lib\Debug\libarm_pro_mini_lib.a(board_sys_init.o)
 .text.Chip_Clock_SetSysClockDiv
                0x00001f20       0x18 C:\Users\mido2008\Documents\LPCXpresso_7.6.2_326\workspace2\arm_pro_mini_lib\Debug\libarm_pro_mini_lib.a(board_sys_init.o)
 .text.Chip_Clock_EnablePeriphClock
                0x00001f38       0x30 C:\Users\mido2008\Documents\LPCXpresso_7.6.2_326\workspace2\arm_pro_mini_lib\Debug\libarm_pro_mini_lib.a(board_sys_init.o)
 .text.Chip_GPIO_SetPinDIROutput
                0x00001f68       0x50 C:\Users\mido2008\Documents\LPCXpresso_7.6.2_326\workspace2\arm_pro_mini_lib\Debug\libarm_pro_mini_lib.a(board_sys_init.o)
 .text.vcom_connected
                0x00001fb8       0x1c C:\Users\mido2008\Documents\LPCXpresso_7.6.2_326\workspace2\arm_pro_mini_lib\Debug\libarm_pro_mini_lib.a(board_sys_init.o)
 .text.SystemSetupClocking
                0x00001fd4       0x90 C:\Users\mido2008\Documents\LPCXpresso_7.6.2_326\workspace2\arm_pro_mini_lib\Debug\libarm_pro_mini_lib.a(board_sys_init.o)
 .text.SystemSetupMuxing
                0x00002064       0x74 C:\Users\mido2008\Documents\LPCXpresso_7.6.2_326\workspace2\arm_pro_mini_lib\Debug\libarm_pro_mini_lib.a(board_sys_init.o)
 .text.Board_SystemInit
                0x000020d8       0x18 C:\Users\mido2008\Documents\LPCXpresso_7.6.2_326\workspace2\arm_pro_mini_lib\Debug\libarm_pro_mini_lib.a(board_sys_init.o)
                0x000020d8                Board_SystemInit
 .text._read    0x000020f0       0x40 C:\Users\mido2008\Documents\LPCXpresso_7.6.2_326\workspace2\arm_pro_mini_lib\Debug\libarm_pro_mini_lib.a(board_sys_init.o)
                0x000020f0                _read
 .text._write   0x00002130       0x30 C:\Users\mido2008\Documents\LPCXpresso_7.6.2_326\workspace2\arm_pro_mini_lib\Debug\libarm_pro_mini_lib.a(board_sys_init.o)
                0x00002130                _write
 .text.NVIC_DisableIRQ
                0x00002160       0x30 C:\Users\mido2008\Documents\LPCXpresso_7.6.2_326\workspace2\arm_pro_mini_lib\Debug\libarm_pro_mini_lib.a(arm_pro_mini.o)
 .text.Chip_TIMER_MatchDisableInt
                0x00002190       0x34 C:\Users\mido2008\Documents\LPCXpresso_7.6.2_326\workspace2\arm_pro_mini_lib\Debug\libarm_pro_mini_lib.a(arm_pro_mini.o)
 .text.Chip_TIMER_ResetOnMatchDisable
                0x000021c4       0x38 C:\Users\mido2008\Documents\LPCXpresso_7.6.2_326\workspace2\arm_pro_mini_lib\Debug\libarm_pro_mini_lib.a(arm_pro_mini.o)
 .text.iap_entry
                0x000021fc       0x20 C:\Users\mido2008\Documents\LPCXpresso_7.6.2_326\workspace2\arm_pro_mini_lib\Debug\libarm_pro_mini_lib.a(arm_pro_mini.o)
 .text.setup    0x0000221c       0x18 C:\Users\mido2008\Documents\LPCXpresso_7.6.2_326\workspace2\arm_pro_mini_lib\Debug\libarm_pro_mini_lib.a(arm_pro_mini.o)
                0x0000221c                setup
 .text.ReinvokeISP
                0x00002234       0xcc C:\Users\mido2008\Documents\LPCXpresso_7.6.2_326\workspace2\arm_pro_mini_lib\Debug\libarm_pro_mini_lib.a(arm_pro_mini.o)
                0x00002234                ReinvokeISP
 .text.Chip_GPIO_ReadPortBit
                0x00002300       0x2c C:\Users\mido2008\Documents\LPCXpresso_7.6.2_326\workspace2\arm_pro_mini_lib\Debug\libarm_pro_mini_lib.a(isp_button_monitor.o)
 .text.Chip_GPIO_SetPinDIRInput
                0x0000232c       0x50 C:\Users\mido2008\Documents\LPCXpresso_7.6.2_326\workspace2\arm_pro_mini_lib\Debug\libarm_pro_mini_lib.a(isp_button_monitor.o)
 .text._ZN18isp_button_monitor5setupEv
                0x0000237c       0x18 C:\Users\mido2008\Documents\LPCXpresso_7.6.2_326\workspace2\arm_pro_mini_lib\Debug\libarm_pro_mini_lib.a(isp_button_monitor.o)
                0x0000237c                isp_button_monitor::setup()
 .text._ZN18isp_button_monitor4loopEv
                0x00002394       0x28 C:\Users\mido2008\Documents\LPCXpresso_7.6.2_326\workspace2\arm_pro_mini_lib\Debug\libarm_pro_mini_lib.a(isp_button_monitor.o)
                0x00002394                isp_button_monitor::loop()
 .text.NVIC_EnableIRQ
                0x000023bc       0x2c C:\Users\mido2008\Documents\LPCXpresso_7.6.2_326\workspace2\arm_pro_mini_lib\Debug\libarm_pro_mini_lib.a(cdc_vcom.o)
 .text.NVIC_DisableIRQ
                0x000023e8       0x30 C:\Users\mido2008\Documents\LPCXpresso_7.6.2_326\workspace2\arm_pro_mini_lib\Debug\libarm_pro_mini_lib.a(cdc_vcom.o)
 .text.VCOM_bulk_in_hdlr
                0x00002418       0x30 C:\Users\mido2008\Documents\LPCXpresso_7.6.2_326\workspace2\arm_pro_mini_lib\Debug\libarm_pro_mini_lib.a(cdc_vcom.o)
 .text.VCOM_bulk_out_hdlr
                0x00002448       0xec C:\Users\mido2008\Documents\LPCXpresso_7.6.2_326\workspace2\arm_pro_mini_lib\Debug\libarm_pro_mini_lib.a(cdc_vcom.o)
 .text.VCOM_SetLineCode
                0x00002534       0x24 C:\Users\mido2008\Documents\LPCXpresso_7.6.2_326\workspace2\arm_pro_mini_lib\Debug\libarm_pro_mini_lib.a(cdc_vcom.o)
 .text.vcom_init
                0x00002558      0x128 C:\Users\mido2008\Documents\LPCXpresso_7.6.2_326\workspace2\arm_pro_mini_lib\Debug\libarm_pro_mini_lib.a(cdc_vcom.o)
                0x00002558                vcom_init
 .text.vcom_bread
                0x00002680       0xa4 C:\Users\mido2008\Documents\LPCXpresso_7.6.2_326\workspace2\arm_pro_mini_lib\Debug\libarm_pro_mini_lib.a(cdc_vcom.o)
                0x00002680                vcom_bread
 .text.vcom_write_packet
                0x00002724       0x5c C:\Users\mido2008\Documents\LPCXpresso_7.6.2_326\workspace2\arm_pro_mini_lib\Debug\libarm_pro_mini_lib.a(cdc_vcom.o)
 .text.vcom_write
                0x00002780       0x78 C:\Users\mido2008\Documents\LPCXpresso_7.6.2_326\workspace2\arm_pro_mini_lib\Debug\libarm_pro_mini_lib.a(cdc_vcom.o)
                0x00002780                vcom_write
 .text.SystemCoreClockUpdate
                0x000027f8       0x18 C:\Users\mido2008\Documents\LPCXpresso_7.6.2_326\workspace2\arm_pro_mini_lib\Debug\libarm_pro_mini_lib.a(chip_11xx.o)
                0x000027f8                SystemCoreClockUpdate
 .text.Chip_Clock_EnablePeriphClock
                0x00002810       0x30 C:\Users\mido2008\Documents\LPCXpresso_7.6.2_326\workspace2\arm_pro_mini_lib\Debug\libarm_pro_mini_lib.a(gpio_11xx_1.o)
 .text.Chip_GPIO_Init
                0x00002840       0x14 C:\Users\mido2008\Documents\LPCXpresso_7.6.2_326\workspace2\arm_pro_mini_lib\Debug\libarm_pro_mini_lib.a(gpio_11xx_1.o)
                0x00002840                Chip_GPIO_Init
 .text.Chip_Clock_DisablePeriphClock
                0x00002854       0x30 C:\Users\mido2008\Documents\LPCXpresso_7.6.2_326\workspace2\arm_pro_mini_lib\Debug\libarm_pro_mini_lib.a(wwdt_11xx.o)
 .text.Chip_WWDT_DeInit
                0x00002884       0x14 C:\Users\mido2008\Documents\LPCXpresso_7.6.2_326\workspace2\arm_pro_mini_lib\Debug\libarm_pro_mini_lib.a(wwdt_11xx.o)
                0x00002884                Chip_WWDT_DeInit
 .text          0x00002898      0x120 c:/nxp/lpcxpresso_7.6.2_326/lpcxpresso/tools/bin/../lib/gcc/arm-none-eabi/4.9.3/armv6-m\libgcc.a(_udivsi3.o)
                0x00002898                __aeabi_uidiv
                0x00002898                __udivsi3
                0x000029a4                __aeabi_uidivmod
 .text          0x000029b8      0x1e0 c:/nxp/lpcxpresso_7.6.2_326/lpcxpresso/tools/bin/../lib/gcc/arm-none-eabi/4.9.3/armv6-m\libgcc.a(_divsi3.o)
                0x000029b8                __divsi3
                0x000029b8                __aeabi_idiv
                0x00002b84                __aeabi_idivmod
 .text          0x00002b98        0x4 c:/nxp/lpcxpresso_7.6.2_326/lpcxpresso/tools/bin/../lib/gcc/arm-none-eabi/4.9.3/armv6-m\libgcc.a(_dvmd_tls.o)
                0x00002b98                __aeabi_idiv0
                0x00002b98                __aeabi_ldiv0
 .text          0x00002b9c      0x270 c:/nxp/lpcxpresso_7.6.2_326/lpcxpresso/tools/bin/../lib/gcc/arm-none-eabi/4.9.3/armv6-m\libgcc.a(divsf3.o)
                0x00002b9c                __aeabi_fdiv
 .text          0x00002e0c      0x264 c:/nxp/lpcxpresso_7.6.2_326/lpcxpresso/tools/bin/../lib/gcc/arm-none-eabi/4.9.3/armv6-m\libgcc.a(mulsf3.o)
                0x00002e0c                __aeabi_fmul
 .text          0x00003070      0x2fc c:/nxp/lpcxpresso_7.6.2_326/lpcxpresso/tools/bin/../lib/gcc/arm-none-eabi/4.9.3/armv6-m\libgcc.a(subsf3.o)
                0x00003070                __aeabi_fsub
 .text          0x0000336c      0x650 c:/nxp/lpcxpresso_7.6.2_326/lpcxpresso/tools/bin/../lib/gcc/arm-none-eabi/4.9.3/armv6-m\libgcc.a(adddf3.o)
                0x0000336c                __aeabi_dadd
 .text          0x000039bc      0x648 c:/nxp/lpcxpresso_7.6.2_326/lpcxpresso/tools/bin/../lib/gcc/arm-none-eabi/4.9.3/armv6-m\libgcc.a(divdf3.o)
                0x000039bc                __aeabi_ddiv
 .text          0x00004004      0x534 c:/nxp/lpcxpresso_7.6.2_326/lpcxpresso/tools/bin/../lib/gcc/arm-none-eabi/4.9.3/armv6-m\libgcc.a(muldf3.o)
                0x00004004                __aeabi_dmul
 .text          0x00004538      0x6f4 c:/nxp/lpcxpresso_7.6.2_326/lpcxpresso/tools/bin/../lib/gcc/arm-none-eabi/4.9.3/armv6-m\libgcc.a(subdf3.o)
                0x00004538                __aeabi_dsub
 .text          0x00004c2c       0x6c c:/nxp/lpcxpresso_7.6.2_326/lpcxpresso/tools/bin/../lib/gcc/arm-none-eabi/4.9.3/armv6-m\libgcc.a(fixdfsi.o)
                0x00004c2c                __aeabi_d2iz
 .text          0x00004c98       0x78 c:/nxp/lpcxpresso_7.6.2_326/lpcxpresso/tools/bin/../lib/gcc/arm-none-eabi/4.9.3/armv6-m\libgcc.a(floatsidf.o)
                0x00004c98                __aeabi_i2d
 .text          0x00004d10       0xa8 c:/nxp/lpcxpresso_7.6.2_326/lpcxpresso/tools/bin/../lib/gcc/arm-none-eabi/4.9.3/armv6-m\libgcc.a(extendsfdf2.o)
                0x00004d10                __aeabi_f2d
 .text          0x00004db8       0x3c c:/nxp/lpcxpresso_7.6.2_326/lpcxpresso/tools/bin/../lib/gcc/arm-none-eabi/4.9.3/armv6-m\libgcc.a(_clzsi2.o)
                0x00004db8                __clzsi2
 .text.__libc_init_array
                0x00004df4       0x4c c:/nxp/lpcxpresso_7.6.2_326/lpcxpresso/tools/bin/../lib/gcc/arm-none-eabi/4.9.3/../../../../arm-none-eabi/lib/armv6-m\libc_nano.a(lib_a-init.o)
                0x00004df4                __libc_init_array
 .text.memcpy   0x00004e40       0x12 c:/nxp/lpcxpresso_7.6.2_326/lpcxpresso/tools/bin/../lib/gcc/arm-none-eabi/4.9.3/../../../../arm-none-eabi/lib/armv6-m\libc_nano.a(lib_a-memcpy.o)
                0x00004e40                memcpy
 .text.memset   0x00004e52       0x10 c:/nxp/lpcxpresso_7.6.2_326/lpcxpresso/tools/bin/../lib/gcc/arm-none-eabi/4.9.3/../../../../arm-none-eabi/lib/armv6-m\libc_nano.a(lib_a-memset.o)
                0x00004e52                memset
 .text.__cvt    0x00004e62       0xc8 c:/nxp/lpcxpresso_7.6.2_326/lpcxpresso/tools/bin/../lib/gcc/arm-none-eabi/4.9.3/../../../../arm-none-eabi/lib/armv6-m\libc_nano.a(lib_a-nano-vfprintf_float.o)
                0x00004e62                __cvt
 .text.__exponent
                0x00004f2a       0x62 c:/nxp/lpcxpresso_7.6.2_326/lpcxpresso/tools/bin/../lib/gcc/arm-none-eabi/4.9.3/../../../../arm-none-eabi/lib/armv6-m\libc_nano.a(lib_a-nano-vfprintf_float.o)
                0x00004f2a                __exponent
 .text._printf_float
                0x00004f8c      0x470 c:/nxp/lpcxpresso_7.6.2_326/lpcxpresso/tools/bin/../lib/gcc/arm-none-eabi/4.9.3/../../../../arm-none-eabi/lib/armv6-m\libc_nano.a(lib_a-nano-vfprintf_float.o)
                0x00004f8c                _printf_float
 .text._printf_common
                0x000053fc       0xdc c:/nxp/lpcxpresso_7.6.2_326/lpcxpresso/tools/bin/../lib/gcc/arm-none-eabi/4.9.3/../../../../arm-none-eabi/lib/armv6-m\libc_nano.a(lib_a-nano-vfprintf_i.o)
                0x000053fc                _printf_common
 .text._printf_i
                0x000054d8      0x230 c:/nxp/lpcxpresso_7.6.2_326/lpcxpresso/tools/bin/../lib/gcc/arm-none-eabi/4.9.3/../../../../arm-none-eabi/lib/armv6-m\libc_nano.a(lib_a-nano-vfprintf_i.o)
                0x000054d8                _printf_i
 .text._scanf_float
                0x00005708      0x3d4 c:/nxp/lpcxpresso_7.6.2_326/lpcxpresso/tools/bin/../lib/gcc/arm-none-eabi/4.9.3/../../../../arm-none-eabi/lib/armv6-m\libc_nano.a(lib_a-nano-vfscanf_float.o)
                0x00005708                _scanf_float
 .text.printf   0x00005adc       0x34 c:/nxp/lpcxpresso_7.6.2_326/lpcxpresso/tools/bin/../lib/gcc/arm-none-eabi/4.9.3/../../../../arm-none-eabi/lib/armv6-m\libc_nano.a(lib_a-printf.o)
                0x00005adc                iprintf
                0x00005adc                printf
 .text.__fpclassifyd
                0x00005b10       0x50 c:/nxp/lpcxpresso_7.6.2_326/lpcxpresso/tools/bin/../lib/gcc/arm-none-eabi/4.9.3/../../../../arm-none-eabi/lib/armv6-m\libc_nano.a(lib_a-s_fpclassify.o)
                0x00005b10                __fpclassifyd
 .text.modf     0x00005b60       0xa0 c:/nxp/lpcxpresso_7.6.2_326/lpcxpresso/tools/bin/../lib/gcc/arm-none-eabi/4.9.3/../../../../arm-none-eabi/lib/armv6-m\libc_nano.a(lib_a-s_modf.o)
                0x00005b60                modf
 .text.nanf     0x00005c00        0x8 c:/nxp/lpcxpresso_7.6.2_326/lpcxpresso/tools/bin/../lib/gcc/arm-none-eabi/4.9.3/../../../../arm-none-eabi/lib/armv6-m\libc_nano.a(lib_a-sf_nan.o)
                0x00005c00                nanf
 .text.sprintf  0x00005c08       0x44 c:/nxp/lpcxpresso_7.6.2_326/lpcxpresso/tools/bin/../lib/gcc/arm-none-eabi/4.9.3/../../../../arm-none-eabi/lib/armv6-m\libc_nano.a(lib_a-sprintf.o)
                0x00005c08                siprintf
                0x00005c08                sprintf
 .text.strlen   0x00005c4c        0xe c:/nxp/lpcxpresso_7.6.2_326/lpcxpresso/tools/bin/../lib/gcc/arm-none-eabi/4.9.3/../../../../arm-none-eabi/lib/armv6-m\libc_nano.a(lib_a-strlen.o)
                0x00005c4c                strlen
 .text.match    0x00005c5a       0x28 c:/nxp/lpcxpresso_7.6.2_326/lpcxpresso/tools/bin/../lib/gcc/arm-none-eabi/4.9.3/../../../../arm-none-eabi/lib/armv6-m\libc_nano.a(lib_a-strtod.o)
 *fill*         0x00005c82        0x2 
 .text.unlikely.sulp
                0x00005c84       0x2c c:/nxp/lpcxpresso_7.6.2_326/lpcxpresso/tools/bin/../lib/gcc/arm-none-eabi/4.9.3/../../../../arm-none-eabi/lib/armv6-m\libc_nano.a(lib_a-strtod.o)
 .text._strtod_r
                0x00005cb0      0xc34 c:/nxp/lpcxpresso_7.6.2_326/lpcxpresso/tools/bin/../lib/gcc/arm-none-eabi/4.9.3/../../../../arm-none-eabi/lib/armv6-m\libc_nano.a(lib_a-strtod.o)
                0x00005cb0                _strtod_r
 .text._strtol_r
                0x000068e4      0x120 c:/nxp/lpcxpresso_7.6.2_326/lpcxpresso/tools/bin/../lib/gcc/arm-none-eabi/4.9.3/../../../../arm-none-eabi/lib/armv6-m\libc_nano.a(lib_a-strtol.o)
                0x000068e4                _strtol_r
 .text._vsscanf_r
                0x00006a04       0x44 c:/nxp/lpcxpresso_7.6.2_326/lpcxpresso/tools/bin/../lib/gcc/arm-none-eabi/4.9.3/../../../../arm-none-eabi/lib/armv6-m\libc_nano.a(lib_a-vsscanf.o)
                0x00006a04                _vsscanf_r
                0x00006a04                _vsiscanf_r
 .text.vsscanf  0x00006a48       0x1c c:/nxp/lpcxpresso_7.6.2_326/lpcxpresso/tools/bin/../lib/gcc/arm-none-eabi/4.9.3/../../../../arm-none-eabi/lib/armv6-m\libc_nano.a(lib_a-vsscanf.o)
                0x00006a48                vsiscanf
                0x00006a48                vsscanf
 .text.quorem   0x00006a64      0x10e c:/nxp/lpcxpresso_7.6.2_326/lpcxpresso/tools/bin/../lib/gcc/arm-none-eabi/4.9.3/../../../../arm-none-eabi/lib/armv6-m\libc_nano.a(lib_a-dtoa.o)
 *fill*         0x00006b72        0x2 
 .text._dtoa_r  0x00006b74      0xc00 c:/nxp/lpcxpresso_7.6.2_326/lpcxpresso/tools/bin/../lib/gcc/arm-none-eabi/4.9.3/../../../../arm-none-eabi/lib/armv6-m\libc_nano.a(lib_a-dtoa.o)
                0x00006b74                _dtoa_r
 .text._cleanup_r
                0x00007774       0x10 c:/nxp/lpcxpresso_7.6.2_326/lpcxpresso/tools/bin/../lib/gcc/arm-none-eabi/4.9.3/../../../../arm-none-eabi/lib/armv6-m\libc_nano.a(lib_a-findfp.o)
                0x00007774                _cleanup_r
 .text.std.isra.0
                0x00007784       0x48 c:/nxp/lpcxpresso_7.6.2_326/lpcxpresso/tools/bin/../lib/gcc/arm-none-eabi/4.9.3/../../../../arm-none-eabi/lib/armv6-m\libc_nano.a(lib_a-findfp.o)
 .text.__sfmoreglue
                0x000077cc       0x2c c:/nxp/lpcxpresso_7.6.2_326/lpcxpresso/tools/bin/../lib/gcc/arm-none-eabi/4.9.3/../../../../arm-none-eabi/lib/armv6-m\libc_nano.a(lib_a-findfp.o)
                0x000077cc                __sfmoreglue
 .text.__sinit  0x000077f8       0x64 c:/nxp/lpcxpresso_7.6.2_326/lpcxpresso/tools/bin/../lib/gcc/arm-none-eabi/4.9.3/../../../../arm-none-eabi/lib/armv6-m\libc_nano.a(lib_a-findfp.o)
                0x000077f8                __sinit
 .text.__sfp    0x0000785c       0x7c c:/nxp/lpcxpresso_7.6.2_326/lpcxpresso/tools/bin/../lib/gcc/arm-none-eabi/4.9.3/../../../../arm-none-eabi/lib/armv6-m\libc_nano.a(lib_a-findfp.o)
                0x0000785c                __sfp
 .text._fwalk_reent
                0x000078d8       0x42 c:/nxp/lpcxpresso_7.6.2_326/lpcxpresso/tools/bin/../lib/gcc/arm-none-eabi/4.9.3/../../../../arm-none-eabi/lib/armv6-m\libc_nano.a(lib_a-fwalk.o)
                0x000078d8                _fwalk_reent
 .text.rshift   0x0000791a       0x68 c:/nxp/lpcxpresso_7.6.2_326/lpcxpresso/tools/bin/../lib/gcc/arm-none-eabi/4.9.3/../../../../arm-none-eabi/lib/armv6-m\libc_nano.a(lib_a-gdtoa-gethex.o)
 .text.__hexdig_fun
                0x00007982       0x2a c:/nxp/lpcxpresso_7.6.2_326/lpcxpresso/tools/bin/../lib/gcc/arm-none-eabi/4.9.3/../../../../arm-none-eabi/lib/armv6-m\libc_nano.a(lib_a-gdtoa-gethex.o)
                0x00007982                __hexdig_fun
 .text.__gethex
                0x000079ac      0x448 c:/nxp/lpcxpresso_7.6.2_326/lpcxpresso/tools/bin/../lib/gcc/arm-none-eabi/4.9.3/../../../../arm-none-eabi/lib/armv6-m\libc_nano.a(lib_a-gdtoa-gethex.o)
                0x000079ac                __gethex
 .text.L_shift  0x00007df4       0x24 c:/nxp/lpcxpresso_7.6.2_326/lpcxpresso/tools/bin/../lib/gcc/arm-none-eabi/4.9.3/../../../../arm-none-eabi/lib/armv6-m\libc_nano.a(lib_a-gdtoa-hexnan.o)
 .text.__hexnan
                0x00007e18      0x130 c:/nxp/lpcxpresso_7.6.2_326/lpcxpresso/tools/bin/../lib/gcc/arm-none-eabi/4.9.3/../../../../arm-none-eabi/lib/armv6-m\libc_nano.a(lib_a-gdtoa-hexnan.o)
                0x00007e18                __hexnan
 .text._localeconv_r
                0x00007f48        0x8 c:/nxp/lpcxpresso_7.6.2_326/lpcxpresso/tools/bin/../lib/gcc/arm-none-eabi/4.9.3/../../../../arm-none-eabi/lib/armv6-m\libc_nano.a(lib_a-locale.o)
                0x00007f48                _localeconv_r
 .text.malloc   0x00007f50       0x14 c:/nxp/lpcxpresso_7.6.2_326/lpcxpresso/tools/bin/../lib/gcc/arm-none-eabi/4.9.3/../../../../arm-none-eabi/lib/armv6-m\libc_nano.a(lib_a-malloc.o)
                0x00007f50                malloc
 .text.memchr   0x00007f64       0x16 c:/nxp/lpcxpresso_7.6.2_326/lpcxpresso/tools/bin/../lib/gcc/arm-none-eabi/4.9.3/../../../../arm-none-eabi/lib/armv6-m\libc_nano.a(lib_a-memchr.o)
                0x00007f64                memchr
 .text._Balloc  0x00007f7a       0x70 c:/nxp/lpcxpresso_7.6.2_326/lpcxpresso/tools/bin/../lib/gcc/arm-none-eabi/4.9.3/../../../../arm-none-eabi/lib/armv6-m\libc_nano.a(lib_a-mprec.o)
                0x00007f7a                _Balloc
 .text._Bfree   0x00007fea       0x32 c:/nxp/lpcxpresso_7.6.2_326/lpcxpresso/tools/bin/../lib/gcc/arm-none-eabi/4.9.3/../../../../arm-none-eabi/lib/armv6-m\libc_nano.a(lib_a-mprec.o)
                0x00007fea                _Bfree
 .text.__multadd
                0x0000801c       0x78 c:/nxp/lpcxpresso_7.6.2_326/lpcxpresso/tools/bin/../lib/gcc/arm-none-eabi/4.9.3/../../../../arm-none-eabi/lib/armv6-m\libc_nano.a(lib_a-mprec.o)
                0x0000801c                __multadd
 .text.__s2b    0x00008094       0x80 c:/nxp/lpcxpresso_7.6.2_326/lpcxpresso/tools/bin/../lib/gcc/arm-none-eabi/4.9.3/../../../../arm-none-eabi/lib/armv6-m\libc_nano.a(lib_a-mprec.o)
                0x00008094                __s2b
 .text.__hi0bits
                0x00008114       0x36 c:/nxp/lpcxpresso_7.6.2_326/lpcxpresso/tools/bin/../lib/gcc/arm-none-eabi/4.9.3/../../../../arm-none-eabi/lib/armv6-m\libc_nano.a(lib_a-mprec.o)
                0x00008114                __hi0bits
 .text.__lo0bits
                0x0000814a       0x5e c:/nxp/lpcxpresso_7.6.2_326/lpcxpresso/tools/bin/../lib/gcc/arm-none-eabi/4.9.3/../../../../arm-none-eabi/lib/armv6-m\libc_nano.a(lib_a-mprec.o)
                0x0000814a                __lo0bits
 .text.__i2b    0x000081a8       0x12 c:/nxp/lpcxpresso_7.6.2_326/lpcxpresso/tools/bin/../lib/gcc/arm-none-eabi/4.9.3/../../../../arm-none-eabi/lib/armv6-m\libc_nano.a(lib_a-mprec.o)
                0x000081a8                __i2b
 .text.__multiply
                0x000081ba      0x11a c:/nxp/lpcxpresso_7.6.2_326/lpcxpresso/tools/bin/../lib/gcc/arm-none-eabi/4.9.3/../../../../arm-none-eabi/lib/armv6-m\libc_nano.a(lib_a-mprec.o)
                0x000081ba                __multiply
 .text.__pow5mult
                0x000082d4       0xa4 c:/nxp/lpcxpresso_7.6.2_326/lpcxpresso/tools/bin/../lib/gcc/arm-none-eabi/4.9.3/../../../../arm-none-eabi/lib/armv6-m\libc_nano.a(lib_a-mprec.o)
                0x000082d4                __pow5mult
 .text.__lshift
                0x00008378       0xa4 c:/nxp/lpcxpresso_7.6.2_326/lpcxpresso/tools/bin/../lib/gcc/arm-none-eabi/4.9.3/../../../../arm-none-eabi/lib/armv6-m\libc_nano.a(lib_a-mprec.o)
                0x00008378                __lshift
 .text.__mcmp   0x0000841c       0x36 c:/nxp/lpcxpresso_7.6.2_326/lpcxpresso/tools/bin/../lib/gcc/arm-none-eabi/4.9.3/../../../../arm-none-eabi/lib/armv6-m\libc_nano.a(lib_a-mprec.o)
                0x0000841c                __mcmp
 .text.__mdiff  0x00008452       0xd6 c:/nxp/lpcxpresso_7.6.2_326/lpcxpresso/tools/bin/../lib/gcc/arm-none-eabi/4.9.3/../../../../arm-none-eabi/lib/armv6-m\libc_nano.a(lib_a-mprec.o)
                0x00008452                __mdiff
 .text.__ulp    0x00008528       0x48 c:/nxp/lpcxpresso_7.6.2_326/lpcxpresso/tools/bin/../lib/gcc/arm-none-eabi/4.9.3/../../../../arm-none-eabi/lib/armv6-m\libc_nano.a(lib_a-mprec.o)
                0x00008528                __ulp
 .text.__b2d    0x00008570       0xa4 c:/nxp/lpcxpresso_7.6.2_326/lpcxpresso/tools/bin/../lib/gcc/arm-none-eabi/4.9.3/../../../../arm-none-eabi/lib/armv6-m\libc_nano.a(lib_a-mprec.o)
                0x00008570                __b2d
 .text.__d2b    0x00008614       0xa8 c:/nxp/lpcxpresso_7.6.2_326/lpcxpresso/tools/bin/../lib/gcc/arm-none-eabi/4.9.3/../../../../arm-none-eabi/lib/armv6-m\libc_nano.a(lib_a-mprec.o)
                0x00008614                __d2b
 .text.__ratio  0x000086bc       0x54 c:/nxp/lpcxpresso_7.6.2_326/lpcxpresso/tools/bin/../lib/gcc/arm-none-eabi/4.9.3/../../../../arm-none-eabi/lib/armv6-m\libc_nano.a(lib_a-mprec.o)
                0x000086bc                __ratio
 .text.__copybits
                0x00008710       0x2c c:/nxp/lpcxpresso_7.6.2_326/lpcxpresso/tools/bin/../lib/gcc/arm-none-eabi/4.9.3/../../../../arm-none-eabi/lib/armv6-m\libc_nano.a(lib_a-mprec.o)
                0x00008710                __copybits
 .text.__any_on
                0x0000873c       0x42 c:/nxp/lpcxpresso_7.6.2_326/lpcxpresso/tools/bin/../lib/gcc/arm-none-eabi/4.9.3/../../../../arm-none-eabi/lib/armv6-m\libc_nano.a(lib_a-mprec.o)
                0x0000873c                __any_on
 .text._calloc_r
                0x0000877e       0x1c c:/nxp/lpcxpresso_7.6.2_326/lpcxpresso/tools/bin/../lib/gcc/arm-none-eabi/4.9.3/../../../../arm-none-eabi/lib/armv6-m\libc_nano.a(lib_a-nano-callocr.o)
                0x0000877e                _calloc_r
 *fill*         0x0000879a        0x2 
 .text._free_r  0x0000879c       0x8c c:/nxp/lpcxpresso_7.6.2_326/lpcxpresso/tools/bin/../lib/gcc/arm-none-eabi/4.9.3/../../../../arm-none-eabi/lib/armv6-m\libc_nano.a(lib_a-nano-freer.o)
                0x0000879c                _free_r
 .text._malloc_r
                0x00008828       0xb0 c:/nxp/lpcxpresso_7.6.2_326/lpcxpresso/tools/bin/../lib/gcc/arm-none-eabi/4.9.3/../../../../arm-none-eabi/lib/armv6-m\libc_nano.a(lib_a-nano-mallocr.o)
                0x00008828                _malloc_r
 .text.__ssputs_r
                0x000088d8       0xc0 c:/nxp/lpcxpresso_7.6.2_326/lpcxpresso/tools/bin/../lib/gcc/arm-none-eabi/4.9.3/../../../../arm-none-eabi/lib/armv6-m\libc_nano.a(lib_a-nano-svfprintf.o)
                0x000088d8                __ssputs_r
 .text._svfprintf_r
                0x00008998      0x1ec c:/nxp/lpcxpresso_7.6.2_326/lpcxpresso/tools/bin/../lib/gcc/arm-none-eabi/4.9.3/../../../../arm-none-eabi/lib/armv6-m\libc_nano.a(lib_a-nano-svfprintf.o)
                0x00008998                _svfiprintf_r
                0x00008998                _svfprintf_r
 .text._sungetc_r
                0x00008b84       0x7a c:/nxp/lpcxpresso_7.6.2_326/lpcxpresso/tools/bin/../lib/gcc/arm-none-eabi/4.9.3/../../../../arm-none-eabi/lib/armv6-m\libc_nano.a(lib_a-nano-svfscanf.o)
                0x00008b84                _sungetc_r
 .text.__ssrefill_r
                0x00008bfe       0x3e c:/nxp/lpcxpresso_7.6.2_326/lpcxpresso/tools/bin/../lib/gcc/arm-none-eabi/4.9.3/../../../../arm-none-eabi/lib/armv6-m\libc_nano.a(lib_a-nano-svfscanf.o)
                0x00008bfe                __ssrefill_r
 .text.__ssvfscanf_r
                0x00008c3c      0x2f0 c:/nxp/lpcxpresso_7.6.2_326/lpcxpresso/tools/bin/../lib/gcc/arm-none-eabi/4.9.3/../../../../arm-none-eabi/lib/armv6-m\libc_nano.a(lib_a-nano-svfscanf.o)
                0x00008c3c                __ssvfiscanf_r
                0x00008c3c                __ssvfscanf_r
 .text.__sfputc_r
                0x00008f2c       0x2a c:/nxp/lpcxpresso_7.6.2_326/lpcxpresso/tools/bin/../lib/gcc/arm-none-eabi/4.9.3/../../../../arm-none-eabi/lib/armv6-m\libc_nano.a(lib_a-nano-vfprintf.o)
 .text.__sfputs_r
                0x00008f56       0x24 c:/nxp/lpcxpresso_7.6.2_326/lpcxpresso/tools/bin/../lib/gcc/arm-none-eabi/4.9.3/../../../../arm-none-eabi/lib/armv6-m\libc_nano.a(lib_a-nano-vfprintf.o)
                0x00008f56                __sfputs_r
 *fill*         0x00008f7a        0x2 
 .text._vfprintf_r
                0x00008f7c      0x220 c:/nxp/lpcxpresso_7.6.2_326/lpcxpresso/tools/bin/../lib/gcc/arm-none-eabi/4.9.3/../../../../arm-none-eabi/lib/armv6-m\libc_nano.a(lib_a-nano-vfprintf.o)
                0x00008f7c                _vfprintf_r
                0x00008f7c                _vfiprintf_r
 .text._scanf_chars
                0x0000919c       0xbc c:/nxp/lpcxpresso_7.6.2_326/lpcxpresso/tools/bin/../lib/gcc/arm-none-eabi/4.9.3/../../../../arm-none-eabi/lib/armv6-m\libc_nano.a(lib_a-nano-vfscanf_i.o)
                0x0000919c                _scanf_chars
 .text._scanf_i
                0x00009258      0x1f4 c:/nxp/lpcxpresso_7.6.2_326/lpcxpresso/tools/bin/../lib/gcc/arm-none-eabi/4.9.3/../../../../arm-none-eabi/lib/armv6-m\libc_nano.a(lib_a-nano-vfscanf_i.o)
                0x00009258                _scanf_i
 .text._sbrk_r  0x0000944c       0x24 c:/nxp/lpcxpresso_7.6.2_326/lpcxpresso/tools/bin/../lib/gcc/arm-none-eabi/4.9.3/../../../../arm-none-eabi/lib/armv6-m\libc_nano.a(lib_a-sbrkr.o)
                0x0000944c                _sbrk_r
 .text.__sccl   0x00009470       0x66 c:/nxp/lpcxpresso_7.6.2_326/lpcxpresso/tools/bin/../lib/gcc/arm-none-eabi/4.9.3/../../../../arm-none-eabi/lib/armv6-m\libc_nano.a(lib_a-sccl.o)
                0x00009470                __sccl
 *fill*         0x000094d6        0x2 
 .text.__sread  0x000094d8       0x28 c:/nxp/lpcxpresso_7.6.2_326/lpcxpresso/tools/bin/../lib/gcc/arm-none-eabi/4.9.3/../../../../arm-none-eabi/lib/armv6-m\libc_nano.a(lib_a-stdio.o)
                0x000094d8                __sread
 .text.__seofread
                0x00009500        0x4 c:/nxp/lpcxpresso_7.6.2_326/lpcxpresso/tools/bin/../lib/gcc/arm-none-eabi/4.9.3/../../../../arm-none-eabi/lib/armv6-m\libc_nano.a(lib_a-stdio.o)
                0x00009500                __seofread
 .text.__swrite
                0x00009504       0x38 c:/nxp/lpcxpresso_7.6.2_326/lpcxpresso/tools/bin/../lib/gcc/arm-none-eabi/4.9.3/../../../../arm-none-eabi/lib/armv6-m\libc_nano.a(lib_a-stdio.o)
                0x00009504                __swrite
 .text.__sseek  0x0000953c       0x2c c:/nxp/lpcxpresso_7.6.2_326/lpcxpresso/tools/bin/../lib/gcc/arm-none-eabi/4.9.3/../../../../arm-none-eabi/lib/armv6-m\libc_nano.a(lib_a-stdio.o)
                0x0000953c                __sseek
 .text.__sclose
                0x00009568        0xc c:/nxp/lpcxpresso_7.6.2_326/lpcxpresso/tools/bin/../lib/gcc/arm-none-eabi/4.9.3/../../../../arm-none-eabi/lib/armv6-m\libc_nano.a(lib_a-stdio.o)
                0x00009568                __sclose
 .text.strncmp  0x00009574       0x28 c:/nxp/lpcxpresso_7.6.2_326/lpcxpresso/tools/bin/../lib/gcc/arm-none-eabi/4.9.3/../../../../arm-none-eabi/lib/armv6-m\libc_nano.a(lib_a-strncmp.o)
                0x00009574                strncmp
 .text._strtoul_r
                0x0000959c      0x104 c:/nxp/lpcxpresso_7.6.2_326/lpcxpresso/tools/bin/../lib/gcc/arm-none-eabi/4.9.3/../../../../arm-none-eabi/lib/armv6-m\libc_nano.a(lib_a-strtoul.o)
                0x0000959c                _strtoul_r
 .text.__submore
                0x000096a0       0x7c c:/nxp/lpcxpresso_7.6.2_326/lpcxpresso/tools/bin/../lib/gcc/arm-none-eabi/4.9.3/../../../../arm-none-eabi/lib/armv6-m\libc_nano.a(lib_a-ungetc.o)
                0x000096a0                __submore
 .text.__swbuf_r
                0x0000971c       0xb0 c:/nxp/lpcxpresso_7.6.2_326/lpcxpresso/tools/bin/../lib/gcc/arm-none-eabi/4.9.3/../../../../arm-none-eabi/lib/armv6-m\libc_nano.a(lib_a-wbuf.o)
                0x0000971c                __swbuf_r
 .text._write_r
                0x000097cc       0x28 c:/nxp/lpcxpresso_7.6.2_326/lpcxpresso/tools/bin/../lib/gcc/arm-none-eabi/4.9.3/../../../../arm-none-eabi/lib/armv6-m\libc_nano.a(lib_a-writer.o)
                0x000097cc                _write_r
 .text.__swsetup_r
                0x000097f4       0xe8 c:/nxp/lpcxpresso_7.6.2_326/lpcxpresso/tools/bin/../lib/gcc/arm-none-eabi/4.9.3/../../../../arm-none-eabi/lib/armv6-m\libc_nano.a(lib_a-wsetup.o)
                0x000097f4                __swsetup_r
 .text._close_r
                0x000098dc       0x24 c:/nxp/lpcxpresso_7.6.2_326/lpcxpresso/tools/bin/../lib/gcc/arm-none-eabi/4.9.3/../../../../arm-none-eabi/lib/armv6-m\libc_nano.a(lib_a-closer.o)
                0x000098dc                _close_r
 .text.__sflush_r
                0x00009900      0x112 c:/nxp/lpcxpresso_7.6.2_326/lpcxpresso/tools/bin/../lib/gcc/arm-none-eabi/4.9.3/../../../../arm-none-eabi/lib/armv6-m\libc_nano.a(lib_a-fflush.o)
                0x00009900                __sflush_r
 *fill*         0x00009a12        0x2 
 .text._fflush_r
                0x00009a14       0x58 c:/nxp/lpcxpresso_7.6.2_326/lpcxpresso/tools/bin/../lib/gcc/arm-none-eabi/4.9.3/../../../../arm-none-eabi/lib/armv6-m\libc_nano.a(lib_a-fflush.o)
                0x00009a14                _fflush_r
 .text._lseek_r
                0x00009a6c       0x28 c:/nxp/lpcxpresso_7.6.2_326/lpcxpresso/tools/bin/../lib/gcc/arm-none-eabi/4.9.3/../../../../arm-none-eabi/lib/armv6-m\libc_nano.a(lib_a-lseekr.o)
                0x00009a6c                _lseek_r
 .text.__smakebuf_r
                0x00009a94       0xb0 c:/nxp/lpcxpresso_7.6.2_326/lpcxpresso/tools/bin/../lib/gcc/arm-none-eabi/4.9.3/../../../../arm-none-eabi/lib/armv6-m\libc_nano.a(lib_a-makebuf.o)
                0x00009a94                __smakebuf_r
 .text.memmove  0x00009b44       0x28 c:/nxp/lpcxpresso_7.6.2_326/lpcxpresso/tools/bin/../lib/gcc/arm-none-eabi/4.9.3/../../../../arm-none-eabi/lib/armv6-m\libc_nano.a(lib_a-memmove.o)
                0x00009b44                memmove
 .text._realloc_r
                0x00009b6c       0x4c c:/nxp/lpcxpresso_7.6.2_326/lpcxpresso/tools/bin/../lib/gcc/arm-none-eabi/4.9.3/../../../../arm-none-eabi/lib/armv6-m\libc_nano.a(lib_a-nano-reallocr.o)
                0x00009b6c                _realloc_r
 .text._read_r  0x00009bb8       0x28 c:/nxp/lpcxpresso_7.6.2_326/lpcxpresso/tools/bin/../lib/gcc/arm-none-eabi/4.9.3/../../../../arm-none-eabi/lib/armv6-m\libc_nano.a(lib_a-readr.o)
                0x00009bb8                _read_r
 .text._fstat_r
                0x00009be0       0x24 c:/nxp/lpcxpresso_7.6.2_326/lpcxpresso/tools/bin/../lib/gcc/arm-none-eabi/4.9.3/../../../../arm-none-eabi/lib/armv6-m\libc_nano.a(lib_a-fstatr.o)
                0x00009be0                _fstat_r
 .text._isatty_r
                0x00009c04       0x24 c:/nxp/lpcxpresso_7.6.2_326/lpcxpresso/tools/bin/../lib/gcc/arm-none-eabi/4.9.3/../../../../arm-none-eabi/lib/armv6-m\libc_nano.a(lib_a-isattyr.o)
                0x00009c04                _isatty_r
 .text._malloc_usable_size_r
                0x00009c28       0x16 c:/nxp/lpcxpresso_7.6.2_326/lpcxpresso/tools/bin/../lib/gcc/arm-none-eabi/4.9.3/../../../../arm-none-eabi/lib/armv6-m\libc_nano.a(lib_a-nano-msizer.o)
                0x00009c28                _malloc_usable_size_r
 *fill*         0x00009c3e        0x2 
 .text.cos      0x00009c40       0x9c c:/nxp/lpcxpresso_7.6.2_326/lpcxpresso/tools/bin/../lib/gcc/arm-none-eabi/4.9.3/../../../../arm-none-eabi/lib/armv6-m\libm.a(lib_a-s_cos.o)
                0x00009c40                cos
 .text.sin      0x00009cdc       0xa0 c:/nxp/lpcxpresso_7.6.2_326/lpcxpresso/tools/bin/../lib/gcc/arm-none-eabi/4.9.3/../../../../arm-none-eabi/lib/armv6-m\libm.a(lib_a-s_sin.o)
                0x00009cdc                sin
 .text.tan      0x00009d7c       0x58 c:/nxp/lpcxpresso_7.6.2_326/lpcxpresso/tools/bin/../lib/gcc/arm-none-eabi/4.9.3/../../../../arm-none-eabi/lib/armv6-m\libm.a(lib_a-s_tan.o)
                0x00009d7c                tan
 .text.acos     0x00009dd4       0xb4 c:/nxp/lpcxpresso_7.6.2_326/lpcxpresso/tools/bin/../lib/gcc/arm-none-eabi/4.9.3/../../../../arm-none-eabi/lib/armv6-m\libm.a(lib_a-w_acos.o)
                0x00009dd4                acos
 .text.asin     0x00009e88       0xb4 c:/nxp/lpcxpresso_7.6.2_326/lpcxpresso/tools/bin/../lib/gcc/arm-none-eabi/4.9.3/../../../../arm-none-eabi/lib/armv6-m\libm.a(lib_a-w_asin.o)
                0x00009e88                asin
 .text.fmod     0x00009f3c       0xc8 c:/nxp/lpcxpresso_7.6.2_326/lpcxpresso/tools/bin/../lib/gcc/arm-none-eabi/4.9.3/../../../../arm-none-eabi/lib/armv6-m\libm.a(lib_a-w_fmod.o)
                0x00009f3c                fmod
 .text.__ieee754_acos
                0x0000a004      0x404 c:/nxp/lpcxpresso_7.6.2_326/lpcxpresso/tools/bin/../lib/gcc/arm-none-eabi/4.9.3/../../../../arm-none-eabi/lib/armv6-m\libm.a(lib_a-e_acos.o)
                0x0000a004                __ieee754_acos
 .text.__ieee754_asin
                0x0000a408      0x3d4 c:/nxp/lpcxpresso_7.6.2_326/lpcxpresso/tools/bin/../lib/gcc/arm-none-eabi/4.9.3/../../../../arm-none-eabi/lib/armv6-m\libm.a(lib_a-e_asin.o)
                0x0000a408                __ieee754_asin
 .text.__ieee754_fmod
                0x0000a7dc      0x288 c:/nxp/lpcxpresso_7.6.2_326/lpcxpresso/tools/bin/../lib/gcc/arm-none-eabi/4.9.3/../../../../arm-none-eabi/lib/armv6-m\libm.a(lib_a-e_fmod.o)
                0x0000a7dc                __ieee754_fmod
 .text.__ieee754_rem_pio2
                0x0000aa64      0x430 c:/nxp/lpcxpresso_7.6.2_326/lpcxpresso/tools/bin/../lib/gcc/arm-none-eabi/4.9.3/../../../../arm-none-eabi/lib/armv6-m\libm.a(lib_a-e_rem_pio2.o)
                0x0000aa64                __ieee754_rem_pio2
 .text.__ieee754_sqrt
                0x0000ae94      0x1ec c:/nxp/lpcxpresso_7.6.2_326/lpcxpresso/tools/bin/../lib/gcc/arm-none-eabi/4.9.3/../../../../arm-none-eabi/lib/armv6-m\libm.a(lib_a-e_sqrt.o)
                0x0000ae94                __ieee754_sqrt
 .text.__kernel_cos
                0x0000b080      0x234 c:/nxp/lpcxpresso_7.6.2_326/lpcxpresso/tools/bin/../lib/gcc/arm-none-eabi/4.9.3/../../../../arm-none-eabi/lib/armv6-m\libm.a(lib_a-k_cos.o)
                0x0000b080                __kernel_cos
 .text.__kernel_rem_pio2
                0x0000b2b4      0x890 c:/nxp/lpcxpresso_7.6.2_326/lpcxpresso/tools/bin/../lib/gcc/arm-none-eabi/4.9.3/../../../../arm-none-eabi/lib/armv6-m\libm.a(lib_a-k_rem_pio2.o)
                0x0000b2b4                __kernel_rem_pio2
 .text.__kernel_sin
                0x0000bb44      0x160 c:/nxp/lpcxpresso_7.6.2_326/lpcxpresso/tools/bin/../lib/gcc/arm-none-eabi/4.9.3/../../../../arm-none-eabi/lib/armv6-m\libm.a(lib_a-k_sin.o)
                0x0000bb44                __kernel_sin
 .text.__kernel_tan
                0x0000bca4      0x394 c:/nxp/lpcxpresso_7.6.2_326/lpcxpresso/tools/bin/../lib/gcc/arm-none-eabi/4.9.3/../../../../arm-none-eabi/lib/armv6-m\libm.a(lib_a-k_tan.o)
                0x0000bca4                __kernel_tan
 .text.fabs     0x0000c038        0x8 c:/nxp/lpcxpresso_7.6.2_326/lpcxpresso/tools/bin/../lib/gcc/arm-none-eabi/4.9.3/../../../../arm-none-eabi/lib/armv6-m\libm.a(lib_a-s_fabs.o)
                0x0000c038                fabs
 .text.floor    0x0000c040      0x14c c:/nxp/lpcxpresso_7.6.2_326/lpcxpresso/tools/bin/../lib/gcc/arm-none-eabi/4.9.3/../../../../arm-none-eabi/lib/armv6-m\libm.a(lib_a-s_floor.o)
                0x0000c040                floor
 .text.matherr  0x0000c18c        0x4 c:/nxp/lpcxpresso_7.6.2_326/lpcxpresso/tools/bin/../lib/gcc/arm-none-eabi/4.9.3/../../../../arm-none-eabi/lib/armv6-m\libm.a(lib_a-s_matherr.o)
                0x0000c18c                matherr
 .text.nan      0x0000c190        0xc c:/nxp/lpcxpresso_7.6.2_326/lpcxpresso/tools/bin/../lib/gcc/arm-none-eabi/4.9.3/../../../../arm-none-eabi/lib/armv6-m\libm.a(lib_a-s_nan.o)
                0x0000c190                nan
 .text.scalbn   0x0000c19c       0xf8 c:/nxp/lpcxpresso_7.6.2_326/lpcxpresso/tools/bin/../lib/gcc/arm-none-eabi/4.9.3/../../../../arm-none-eabi/lib/armv6-m\libm.a(lib_a-s_scalbn.o)
                0x0000c19c                scalbn
 .text.copysign
                0x0000c294       0x10 c:/nxp/lpcxpresso_7.6.2_326/lpcxpresso/tools/bin/../lib/gcc/arm-none-eabi/4.9.3/../../../../arm-none-eabi/lib/armv6-m\libm.a(lib_a-s_copysign.o)
                0x0000c294                copysign
 .text._sbrk    0x0000c2a4       0x40 c:/nxp/lpcxpresso_7.6.2_326/lpcxpresso/tools/bin/../lib/gcc/arm-none-eabi/4.9.3/../../../../arm-none-eabi/lib/armv6-m\libcr_newlib_nohost.a(_cr_sbrk.o)
                0x0000c2a4                _sbrk
 .text._close   0x0000c2e4       0x10 c:/nxp/lpcxpresso_7.6.2_326/lpcxpresso/tools/bin/../lib/gcc/arm-none-eabi/4.9.3/../../../../arm-none-eabi/lib/armv6-m\libcr_newlib_nohost.a(close.o)
                0x0000c2e4                _close
 .text._fstat   0x0000c2f4       0x10 c:/nxp/lpcxpresso_7.6.2_326/lpcxpresso/tools/bin/../lib/gcc/arm-none-eabi/4.9.3/../../../../arm-none-eabi/lib/armv6-m\libcr_newlib_nohost.a(fstat.o)
                0x0000c2f4                _fstat
 .text._isatty  0x0000c304       0x10 c:/nxp/lpcxpresso_7.6.2_326/lpcxpresso/tools/bin/../lib/gcc/arm-none-eabi/4.9.3/../../../../arm-none-eabi/lib/armv6-m\libcr_newlib_nohost.a(isatty.o)
                0x0000c304                _isatty
 .text._lseek   0x0000c314       0x10 c:/nxp/lpcxpresso_7.6.2_326/lpcxpresso/tools/bin/../lib/gcc/arm-none-eabi/4.9.3/../../../../arm-none-eabi/lib/armv6-m\libcr_newlib_nohost.a(lseek.o)
                0x0000c314                _lseek
 .text.__check_heap_overflow
                0x0000c324       0x14 c:/nxp/lpcxpresso_7.6.2_326/lpcxpresso/tools/bin/../lib/gcc/arm-none-eabi/4.9.3/../../../../arm-none-eabi/lib/armv6-m\libcr_newlib_nohost.a(_cr_check_heap.o)
                0x0000c324                __check_heap_overflow
 .text          0x0000c338       0x60 c:/nxp/lpcxpresso_7.6.2_326/lpcxpresso/tools/bin/../lib/gcc/arm-none-eabi/4.9.3/armv6-m\crtbegin.o
 .text          0x0000c398       0x14 c:/nxp/lpcxpresso_7.6.2_326/lpcxpresso/tools/bin/../lib/gcc/arm-none-eabi/4.9.3/armv6-m\libgcc.a(_thumb1_case_uqi.o)
                0x0000c398                __gnu_thumb1_case_uqi
 .text          0x0000c3ac       0x7c c:/nxp/lpcxpresso_7.6.2_326/lpcxpresso/tools/bin/../lib/gcc/arm-none-eabi/4.9.3/armv6-m\libgcc.a(_arm_cmpdf2.o)
                0x0000c3ac                __aeabi_cdrcmple
                0x0000c3bc                __aeabi_cdcmple
                0x0000c3bc                __aeabi_cdcmpeq
                0x0000c3cc                __aeabi_dcmpeq
                0x0000c3d8                __aeabi_dcmplt
                0x0000c3ec                __aeabi_dcmple
                0x0000c400                __aeabi_dcmpgt
                0x0000c414                __aeabi_dcmpge
 .text          0x0000c428       0x3c c:/nxp/lpcxpresso_7.6.2_326/lpcxpresso/tools/bin/../lib/gcc/arm-none-eabi/4.9.3/armv6-m\libgcc.a(_fixunsdfsi.o)
                0x0000c428                __aeabi_d2uiz
                0x0000c428                __fixunsdfsi
 .text          0x0000c464       0x88 c:/nxp/lpcxpresso_7.6.2_326/lpcxpresso/tools/bin/../lib/gcc/arm-none-eabi/4.9.3/armv6-m\libgcc.a(eqdf2.o)
                0x0000c464                __nedf2
                0x0000c464                __eqdf2
 .text          0x0000c4ec       0xe0 c:/nxp/lpcxpresso_7.6.2_326/lpcxpresso/tools/bin/../lib/gcc/arm-none-eabi/4.9.3/armv6-m\libgcc.a(gedf2.o)
                0x0000c4ec                __gedf2
                0x0000c4ec                __gtdf2
 .text          0x0000c5cc       0xcc c:/nxp/lpcxpresso_7.6.2_326/lpcxpresso/tools/bin/../lib/gcc/arm-none-eabi/4.9.3/armv6-m\libgcc.a(ledf2.o)
                0x0000c5cc                __ledf2
                0x0000c5cc                __ltdf2
 .text          0x0000c698       0x64 c:/nxp/lpcxpresso_7.6.2_326/lpcxpresso/tools/bin/../lib/gcc/arm-none-eabi/4.9.3/armv6-m\libgcc.a(floatunsidf.o)
                0x0000c698                __aeabi_ui2d
 .text          0x0000c6fc      0x120 c:/nxp/lpcxpresso_7.6.2_326/lpcxpresso/tools/bin/../lib/gcc/arm-none-eabi/4.9.3/armv6-m\libgcc.a(truncdfsf2.o)
                0x0000c6fc                __aeabi_d2f
 .text.__errno  0x0000c81c        0xc c:/nxp/lpcxpresso_7.6.2_326/lpcxpresso/tools/bin/../lib/gcc/arm-none-eabi/4.9.3/../../../../arm-none-eabi/lib/armv6-m\libc_nano.a(lib_a-errno.o)
                0x0000c81c                __errno
 *(.rodata .rodata.* .constdata .constdata.*)
 .rodata        0x0000c828      0x164 ./src/Smart_Garden_Lights.o
 .rodata.wdtOSCRate
                0x0000c98c       0x40 C:\Users\mido2008\Documents\LPCXpresso_7.6.2_326\workspace2\arm_pro_mini_lib\Debug\libarm_pro_mini_lib.a(clock_11xx.o)
 .rodata.pinmuxing
                0x0000c9cc       0x14 C:\Users\mido2008\Documents\LPCXpresso_7.6.2_326\workspace2\arm_pro_mini_lib\Debug\libarm_pro_mini_lib.a(board_sys_init.o)
 .rodata        0x0000c9e0       0x10 C:\Users\mido2008\Documents\LPCXpresso_7.6.2_326\workspace2\arm_pro_mini_lib\Debug\libarm_pro_mini_lib.a(board_sys_init.o)
 .rodata.OscRateIn
                0x0000c9f0        0x4 C:\Users\mido2008\Documents\LPCXpresso_7.6.2_326\workspace2\arm_pro_mini_lib\Debug\libarm_pro_mini_lib.a(arm_pro_mini.o)
                0x0000c9f0                OscRateIn
 .rodata.USB_DeviceDescriptor
                0x0000c9f4       0x14 C:\Users\mido2008\Documents\LPCXpresso_7.6.2_326\workspace2\arm_pro_mini_lib\Debug\libarm_pro_mini_lib.a(cdc_desc.o)
                0x0000c9f4                USB_DeviceDescriptor
 .rodata.USB_StringDescriptor
                0x0000ca08       0x38 C:\Users\mido2008\Documents\LPCXpresso_7.6.2_326\workspace2\arm_pro_mini_lib\Debug\libarm_pro_mini_lib.a(cdc_desc.o)
                0x0000ca08                USB_StringDescriptor
 .rodata        0x0000ca40       0x80 c:/nxp/lpcxpresso_7.6.2_326/lpcxpresso/tools/bin/../lib/gcc/arm-none-eabi/4.9.3/armv6-m\libgcc.a(divsf3.o)
 .rodata        0x0000cac0       0x40 c:/nxp/lpcxpresso_7.6.2_326/lpcxpresso/tools/bin/../lib/gcc/arm-none-eabi/4.9.3/armv6-m\libgcc.a(mulsf3.o)
 .rodata        0x0000cb00       0x40 c:/nxp/lpcxpresso_7.6.2_326/lpcxpresso/tools/bin/../lib/gcc/arm-none-eabi/4.9.3/armv6-m\libgcc.a(divdf3.o)
 .rodata        0x0000cb40       0x40 c:/nxp/lpcxpresso_7.6.2_326/lpcxpresso/tools/bin/../lib/gcc/arm-none-eabi/4.9.3/armv6-m\libgcc.a(muldf3.o)
 .rodata.str1.1
                0x0000cb80       0x10 c:/nxp/lpcxpresso_7.6.2_326/lpcxpresso/tools/bin/../lib/gcc/arm-none-eabi/4.9.3/../../../../arm-none-eabi/lib/armv6-m\libc_nano.a(lib_a-nano-vfprintf_float.o)
                                 0x12 (size before relaxing)
 .rodata.str1.1
                0x0000cb90       0x22 c:/nxp/lpcxpresso_7.6.2_326/lpcxpresso/tools/bin/../lib/gcc/arm-none-eabi/4.9.3/../../../../arm-none-eabi/lib/armv6-m\libc_nano.a(lib_a-nano-vfprintf_i.o)
 .rodata.str1.1
                0x0000cbb2        0x5 c:/nxp/lpcxpresso_7.6.2_326/lpcxpresso/tools/bin/../lib/gcc/arm-none-eabi/4.9.3/../../../../arm-none-eabi/lib/armv6-m\libc_nano.a(lib_a-nano-vfscanf_float.o)
 *fill*         0x0000cbb7        0x1 
 .rodata.fpi.5242
                0x0000cbb8       0x14 c:/nxp/lpcxpresso_7.6.2_326/lpcxpresso/tools/bin/../lib/gcc/arm-none-eabi/4.9.3/../../../../arm-none-eabi/lib/armv6-m\libc_nano.a(lib_a-strtod.o)
 .rodata.str1.1
                0x00000000        0x5 c:/nxp/lpcxpresso_7.6.2_326/lpcxpresso/tools/bin/../lib/gcc/arm-none-eabi/4.9.3/../../../../arm-none-eabi/lib/armv6-m\libc_nano.a(lib_a-strtod.o)
                                  0xc (size before relaxing)
 *fill*         0x0000cbcc        0x4 
 .rodata.tinytens
                0x0000cbd0       0x28 c:/nxp/lpcxpresso_7.6.2_326/lpcxpresso/tools/bin/../lib/gcc/arm-none-eabi/4.9.3/../../../../arm-none-eabi/lib/armv6-m\libc_nano.a(lib_a-strtod.o)
 .rodata.fpinan.5278
                0x0000cbf8       0x14 c:/nxp/lpcxpresso_7.6.2_326/lpcxpresso/tools/bin/../lib/gcc/arm-none-eabi/4.9.3/../../../../arm-none-eabi/lib/armv6-m\libc_nano.a(lib_a-strtod.o)
 .rodata._ctype_
                0x0000cc0c      0x101 c:/nxp/lpcxpresso_7.6.2_326/lpcxpresso/tools/bin/../lib/gcc/arm-none-eabi/4.9.3/../../../../arm-none-eabi/lib/armv6-m\libc_nano.a(lib_a-ctype_.o)
                0x0000cc0c                _ctype_
 .rodata.str1.1
                0x0000cd0d        0xd c:/nxp/lpcxpresso_7.6.2_326/lpcxpresso/tools/bin/../lib/gcc/arm-none-eabi/4.9.3/../../../../arm-none-eabi/lib/armv6-m\libc_nano.a(lib_a-dtoa.o)
                                  0xf (size before relaxing)
 *fill*         0x0000cd1a        0x2 
 .rodata.__sf_fake_stdin
                0x0000cd1c       0x20 c:/nxp/lpcxpresso_7.6.2_326/lpcxpresso/tools/bin/../lib/gcc/arm-none-eabi/4.9.3/../../../../arm-none-eabi/lib/armv6-m\libc_nano.a(lib_a-findfp.o)
                0x0000cd1c                __sf_fake_stdin
 .rodata.__sf_fake_stdout
                0x0000cd3c       0x20 c:/nxp/lpcxpresso_7.6.2_326/lpcxpresso/tools/bin/../lib/gcc/arm-none-eabi/4.9.3/../../../../arm-none-eabi/lib/armv6-m\libc_nano.a(lib_a-findfp.o)
                0x0000cd3c                __sf_fake_stdout
 .rodata.__sf_fake_stderr
                0x0000cd5c       0x20 c:/nxp/lpcxpresso_7.6.2_326/lpcxpresso/tools/bin/../lib/gcc/arm-none-eabi/4.9.3/../../../../arm-none-eabi/lib/armv6-m\libc_nano.a(lib_a-findfp.o)
                0x0000cd5c                __sf_fake_stderr
 .rodata.str1.1
                0x0000cd7c        0x2 c:/nxp/lpcxpresso_7.6.2_326/lpcxpresso/tools/bin/../lib/gcc/arm-none-eabi/4.9.3/../../../../arm-none-eabi/lib/armv6-m\libc_nano.a(lib_a-impure.o)
 *fill*         0x0000cd7e        0x2 
 .rodata._global_impure_ptr
                0x0000cd80        0x4 c:/nxp/lpcxpresso_7.6.2_326/lpcxpresso/tools/bin/../lib/gcc/arm-none-eabi/4.9.3/../../../../arm-none-eabi/lib/armv6-m\libc_nano.a(lib_a-impure.o)
                0x0000cd80                _global_impure_ptr
 .rodata.str1.1
                0x0000cd84        0x8 c:/nxp/lpcxpresso_7.6.2_326/lpcxpresso/tools/bin/../lib/gcc/arm-none-eabi/4.9.3/../../../../arm-none-eabi/lib/armv6-m\libc_nano.a(lib_a-locale.o)
                                  0xb (size before relaxing)
 *fill*         0x0000cd8c        0x4 
 .rodata.__mprec_tens
                0x0000cd90       0xc8 c:/nxp/lpcxpresso_7.6.2_326/lpcxpresso/tools/bin/../lib/gcc/arm-none-eabi/4.9.3/../../../../arm-none-eabi/lib/armv6-m\libc_nano.a(lib_a-mprec.o)
                0x0000cd90                __mprec_tens
 .rodata.__mprec_bigtens
                0x0000ce58       0x28 c:/nxp/lpcxpresso_7.6.2_326/lpcxpresso/tools/bin/../lib/gcc/arm-none-eabi/4.9.3/../../../../arm-none-eabi/lib/armv6-m\libc_nano.a(lib_a-mprec.o)
                0x0000ce58                __mprec_bigtens
 .rodata.p05.5277
                0x0000ce80        0xc c:/nxp/lpcxpresso_7.6.2_326/lpcxpresso/tools/bin/../lib/gcc/arm-none-eabi/4.9.3/../../../../arm-none-eabi/lib/armv6-m\libc_nano.a(lib_a-mprec.o)
 .rodata.str1.1
                0x0000ce8c       0x11 c:/nxp/lpcxpresso_7.6.2_326/lpcxpresso/tools/bin/../lib/gcc/arm-none-eabi/4.9.3/../../../../arm-none-eabi/lib/armv6-m\libc_nano.a(lib_a-nano-svfprintf.o)
 .rodata.str1.1
                0x00000000        0x4 c:/nxp/lpcxpresso_7.6.2_326/lpcxpresso/tools/bin/../lib/gcc/arm-none-eabi/4.9.3/../../../../arm-none-eabi/lib/armv6-m\libc_nano.a(lib_a-nano-svfscanf.o)
 .rodata.str1.1
                0x00000000       0x11 c:/nxp/lpcxpresso_7.6.2_326/lpcxpresso/tools/bin/../lib/gcc/arm-none-eabi/4.9.3/../../../../arm-none-eabi/lib/armv6-m\libc_nano.a(lib_a-nano-vfprintf.o)
 *fill*         0x0000ce9d        0x3 
 .rodata        0x0000cea0        0xc c:/nxp/lpcxpresso_7.6.2_326/lpcxpresso/tools/bin/../lib/gcc/arm-none-eabi/4.9.3/../../../../arm-none-eabi/lib/armv6-m\libc_nano.a(lib_a-nano-vfscanf_i.o)
 .rodata.str1.1
                0x0000ceac       0x1b c:/nxp/lpcxpresso_7.6.2_326/lpcxpresso/tools/bin/../lib/gcc/arm-none-eabi/4.9.3/../../../../arm-none-eabi/lib/armv6-m\libc_nano.a(lib_a-nano-vfscanf_i.o)
 *fill*         0x0000cec7        0x1 
 .rodata.str1.4
                0x0000cec8        0x5 c:/nxp/lpcxpresso_7.6.2_326/lpcxpresso/tools/bin/../lib/gcc/arm-none-eabi/4.9.3/../../../../arm-none-eabi/lib/armv6-m\libm.a(lib_a-w_acos.o)
                                  0xc (size before relaxing)
 *fill*         0x0000cecd        0x3 
 .rodata.str1.4
                0x0000ced0        0x5 c:/nxp/lpcxpresso_7.6.2_326/lpcxpresso/tools/bin/../lib/gcc/arm-none-eabi/4.9.3/../../../../arm-none-eabi/lib/armv6-m\libm.a(lib_a-w_asin.o)
                                  0xc (size before relaxing)
 *fill*         0x0000ced5        0x3 
 .rodata.str1.4
                0x0000ced8        0x8 c:/nxp/lpcxpresso_7.6.2_326/lpcxpresso/tools/bin/../lib/gcc/arm-none-eabi/4.9.3/../../../../arm-none-eabi/lib/armv6-m\libm.a(lib_a-w_fmod.o)
 .rodata.Zero   0x0000cee0       0x10 c:/nxp/lpcxpresso_7.6.2_326/lpcxpresso/tools/bin/../lib/gcc/arm-none-eabi/4.9.3/../../../../arm-none-eabi/lib/armv6-m\libm.a(lib_a-e_fmod.o)
 .rodata.npio2_hw
                0x0000cef0       0x80 c:/nxp/lpcxpresso_7.6.2_326/lpcxpresso/tools/bin/../lib/gcc/arm-none-eabi/4.9.3/../../../../arm-none-eabi/lib/armv6-m\libm.a(lib_a-e_rem_pio2.o)
 .rodata.two_over_pi
                0x0000cf70      0x108 c:/nxp/lpcxpresso_7.6.2_326/lpcxpresso/tools/bin/../lib/gcc/arm-none-eabi/4.9.3/../../../../arm-none-eabi/lib/armv6-m\libm.a(lib_a-e_rem_pio2.o)
 .rodata.init_jk
                0x0000d078       0x10 c:/nxp/lpcxpresso_7.6.2_326/lpcxpresso/tools/bin/../lib/gcc/arm-none-eabi/4.9.3/../../../../arm-none-eabi/lib/armv6-m\libm.a(lib_a-k_rem_pio2.o)
 .rodata.PIo2   0x0000d088       0x40 c:/nxp/lpcxpresso_7.6.2_326/lpcxpresso/tools/bin/../lib/gcc/arm-none-eabi/4.9.3/../../../../arm-none-eabi/lib/armv6-m\libm.a(lib_a-k_rem_pio2.o)
                0x0000d0c8                . = ALIGN (0x4)
                0x0000d0c8                . = ALIGN (0x4)
 *(.init)
 .init          0x0000d0c8        0x4 c:/nxp/lpcxpresso_7.6.2_326/lpcxpresso/tools/bin/../lib/gcc/arm-none-eabi/4.9.3/armv6-m\crti.o
                0x0000d0c8                _init
 .init          0x0000d0cc        0x8 c:/nxp/lpcxpresso_7.6.2_326/lpcxpresso/tools/bin/../lib/gcc/arm-none-eabi/4.9.3/armv6-m\crtn.o
                0x0000d0d4                . = ALIGN (0x4)
                0x0000d0d4                __preinit_array_start = .
 *(.preinit_array)
                0x0000d0d4                __preinit_array_end = .
                0x0000d0d4                . = ALIGN (0x4)
                0x0000d0d4                __init_array_start = .
 *(SORT(.init_array.*))
 *(.init_array)
 .init_array    0x0000d0d4        0x4 ./src/Smart_Garden_Lights.o
 .init_array    0x0000d0d8        0x4 c:/nxp/lpcxpresso_7.6.2_326/lpcxpresso/tools/bin/../lib/gcc/arm-none-eabi/4.9.3/armv6-m\crtbegin.o
                0x0000d0dc                __init_array_end = .
 *(.fini)
 .fini          0x0000d0dc        0x4 c:/nxp/lpcxpresso_7.6.2_326/lpcxpresso/tools/bin/../lib/gcc/arm-none-eabi/4.9.3/armv6-m\crti.o
                0x0000d0dc                _fini
 .fini          0x0000d0e0        0x8 c:/nxp/lpcxpresso_7.6.2_326/lpcxpresso/tools/bin/../lib/gcc/arm-none-eabi/4.9.3/armv6-m\crtn.o
                0x0000d0e8                . = ALIGN (0x4)
 *crtbegin.o(.ctors)
 *(EXCLUDE_FILE(*crtend.o) .ctors)
 *(SORT(.ctors.*))
 *crtend.o(.ctors)
                0x0000d0e8                . = ALIGN (0x4)
 *crtbegin.o(.dtors)
 *(EXCLUDE_FILE(*crtend.o) .dtors)
 *(SORT(.dtors.*))
 *crtend.o(.dtors)
                0x0000d0e8                . = ALIGN (0x4)

.glue_7         0x0000d0e8        0x0
 .glue_7        0x00000000        0x0 linker stubs

.glue_7t        0x0000d0e8        0x0
 .glue_7t       0x00000000        0x0 linker stubs

.vfp11_veneer   0x0000d0e8        0x0
 .vfp11_veneer  0x00000000        0x0 linker stubs

.v4_bx          0x0000d0e8        0x0
 .v4_bx         0x00000000        0x0 linker stubs

.iplt           0x0000d0e8        0x0
 .iplt          0x00000000        0x0 ./src/Smart_Garden_Lights.o

.rel.dyn        0x0000d0e8        0x0
 .rel.iplt      0x00000000        0x0 ./src/Smart_Garden_Lights.o

.eh_frame       0x0000d0e8        0x0
 .eh_frame      0x0000d0e8        0x0 c:/nxp/lpcxpresso_7.6.2_326/lpcxpresso/tools/bin/../lib/gcc/arm-none-eabi/4.9.3/armv6-m\crtbegin.o

.ARM.extab
 *(.ARM.extab* .gnu.linkonce.armextab.*)
                0x0000d0e8                __exidx_start = .

.ARM.exidx
 *(.ARM.exidx* .gnu.linkonce.armexidx.*)
                0x0000d0e8                __exidx_end = .
                0x0000d0e8                _etext = .

.data_RAM2      0x20004000        0x0 load address 0x0000d0e8
 FILL mask 0xff
                0x20004000                PROVIDE (__start_data_RAM2, .)
 *(.ramfunc.$RAM2)
 *(.ramfunc.$RamUsb2)
 *(.data.$RAM2*)
 *(.data.$RamUsb2*)
                0x20004000                . = ALIGN (0x4)
                0x20004000                PROVIDE (__end_data_RAM2, .)

.data_RAM3      0x20000000        0x0 load address 0x0000d0e8
 FILL mask 0xff
                0x20000000                PROVIDE (__start_data_RAM3, .)
 *(.ramfunc.$RAM3)
 *(.ramfunc.$SRAM1_2)
 *(.data.$RAM3*)
 *(.data.$SRAM1_2*)
                0x20000000                . = ALIGN (0x4)
                0x20000000                PROVIDE (__end_data_RAM3, .)

.uninit_RESERVED
                0x10000000        0x0
 *(.bss.$RESERVED*)
                0x10000000                . = ALIGN (0x4)
                0x10000000                _end_uninit_RESERVED = .

.data           0x10000000       0xf0 load address 0x0000d0e8
 FILL mask 0xff
                0x10000000                _data = .
 *(vtable)
 *(.ramfunc*)
 *(.data*)
 .data.USB_FsConfigDescriptor
                0x10000000       0x4c C:\Users\mido2008\Documents\LPCXpresso_7.6.2_326\workspace2\arm_pro_mini_lib\Debug\libarm_pro_mini_lib.a(cdc_desc.o)
                0x10000000                USB_FsConfigDescriptor
 .data.__ctype_ptr__
                0x1000004c        0x4 c:/nxp/lpcxpresso_7.6.2_326/lpcxpresso/tools/bin/../lib/gcc/arm-none-eabi/4.9.3/../../../../arm-none-eabi/lib/armv6-m\libc_nano.a(lib_a-ctype_.o)
                0x1000004c                __ctype_ptr__
 .data.impure_data
                0x10000050       0x60 c:/nxp/lpcxpresso_7.6.2_326/lpcxpresso/tools/bin/../lib/gcc/arm-none-eabi/4.9.3/../../../../arm-none-eabi/lib/armv6-m\libc_nano.a(lib_a-impure.o)
 .data._impure_ptr
                0x100000b0        0x4 c:/nxp/lpcxpresso_7.6.2_326/lpcxpresso/tools/bin/../lib/gcc/arm-none-eabi/4.9.3/../../../../arm-none-eabi/lib/armv6-m\libc_nano.a(lib_a-impure.o)
                0x100000b0                _impure_ptr
 .data.lconv    0x100000b4       0x38 c:/nxp/lpcxpresso_7.6.2_326/lpcxpresso/tools/bin/../lib/gcc/arm-none-eabi/4.9.3/../../../../arm-none-eabi/lib/armv6-m\libc_nano.a(lib_a-locale.o)
 .data.__fdlib_version
                0x100000ec        0x1 c:/nxp/lpcxpresso_7.6.2_326/lpcxpresso/tools/bin/../lib/gcc/arm-none-eabi/4.9.3/../../../../arm-none-eabi/lib/armv6-m\libm.a(lib_a-s_lib_ver.o)
                0x100000ec                __fdlib_version
                0x100000f0                . = ALIGN (0x4)
 *fill*         0x100000ed        0x3 ff
                0x100000f0                _edata = .

.igot.plt       0x100000f0        0x0 load address 0x0000d1d8
 .igot.plt      0x00000000        0x0 ./src/Smart_Garden_Lights.o

.jcr            0x100000f0        0x0 load address 0x0000d1d8
 .jcr           0x100000f0        0x0 c:/nxp/lpcxpresso_7.6.2_326/lpcxpresso/tools/bin/../lib/gcc/arm-none-eabi/4.9.3/armv6-m\crtbegin.o

.bss_RAM2       0x20004000        0x0
                0x20004000                PROVIDE (__start_bss_RAM2, .)
 *(.bss.$RAM2*)
 *(.bss.$RamUsb2*)
                0x20004000                . = ALIGN (0x4)
                0x20004000                PROVIDE (__end_bss_RAM2, .)

.bss_RAM3       0x20000000        0x0
                0x20000000                PROVIDE (__start_bss_RAM3, .)
 *(.bss.$RAM3*)
 *(.bss.$SRAM1_2*)
                0x20000000                . = ALIGN (0x4)
                0x20000000                PROVIDE (__end_bss_RAM3, .)

.bss            0x100000f0      0x228
                0x100000f0                _bss = .
 *(.bss*)
 .bss._ZL15system_clock_hz
                0x100000f0        0x4 ./src/Smart_Garden_Lights.o
 .bss._ZL8prescale
                0x100000f4        0x4 ./src/Smart_Garden_Lights.o
 .bss._ZL7scanf_m
                0x100000f8        0x4 ./src/Smart_Garden_Lights.o
 .bss._ZL8Latitude
                0x100000fc        0x4 ./src/Smart_Garden_Lights.o
 .bss._ZL9Longitude
                0x10000100        0x4 ./src/Smart_Garden_Lights.o
 .bss._ZL6T_Zone
                0x10000104        0x4 ./src/Smart_Garden_Lights.o
 .bss._ZL4Date  0x10000108        0x8 ./src/Smart_Garden_Lights.o
 .bss._ZL10Julian_Day
                0x10000110        0x8 ./src/Smart_Garden_Lights.o
 .bss._ZL14Julian_Century
                0x10000118        0x8 ./src/Smart_Garden_Lights.o
 .bss._ZL18Geom_Mean_Long_Sun
                0x10000120        0x8 ./src/Smart_Garden_Lights.o
 .bss._ZL18Geom_Mean_Anom_Sun
                0x10000128        0x8 ./src/Smart_Garden_Lights.o
 .bss._ZL18Eccent_Earth_Orbit
                0x10000130        0x8 ./src/Smart_Garden_Lights.o
 .bss._ZL13Sun_Eq_of_Ctr
                0x10000138        0x8 ./src/Smart_Garden_Lights.o
 .bss._ZL13Sun_True_Long
                0x10000140        0x8 ./src/Smart_Garden_Lights.o
 .bss._ZL12Sun_App_Long
                0x10000148        0x8 ./src/Smart_Garden_Lights.o
 .bss._ZL19Mean_Obliq_Ecliptic
                0x10000150        0x8 ./src/Smart_Garden_Lights.o
 .bss._ZL10Obliq_Corr
                0x10000158        0x8 ./src/Smart_Garden_Lights.o
 .bss._ZL10Sun_Declin
                0x10000160        0x8 ./src/Smart_Garden_Lights.o
 .bss._ZL5var_y
                0x10000168        0x8 ./src/Smart_Garden_Lights.o
 .bss._ZL10Eq_of_Time
                0x10000170        0x8 ./src/Smart_Garden_Lights.o
 .bss._ZL9HA_Sunris
                0x10000178        0x8 ./src/Smart_Garden_Lights.o
 .bss._ZL10Solar_Noon
                0x10000180        0x8 ./src/Smart_Garden_Lights.o
 .bss._ZL12Sunrise_Time
                0x10000188        0x8 ./src/Smart_Garden_Lights.o
 .bss._ZL11Sunset_Time
                0x10000190        0x8 ./src/Smart_Garden_Lights.o
 .bss._ZL5dumpZ
                0x10000198        0x8 ./src/Smart_Garden_Lights.o
 .bss._ZL14Sunrise_TimeHH
                0x100001a0        0x4 ./src/Smart_Garden_Lights.o
 .bss._ZL14Sunrise_TimeMM
                0x100001a4        0x4 ./src/Smart_Garden_Lights.o
 .bss._ZL13Sunset_TimeHH
                0x100001a8        0x4 ./src/Smart_Garden_Lights.o
 .bss._ZL13Sunset_TimeMM
                0x100001ac        0x4 ./src/Smart_Garden_Lights.o
 .bss._ZL4Year  0x100001b0        0x4 ./src/Smart_Garden_Lights.o
 .bss._ZL5Month
                0x100001b4        0x4 ./src/Smart_Garden_Lights.o
 .bss._ZL3Day   0x100001b8        0x4 ./src/Smart_Garden_Lights.o
 .bss._ZL4Hour  0x100001bc        0x4 ./src/Smart_Garden_Lights.o
 .bss._ZL6Minute
                0x100001c0        0x4 ./src/Smart_Garden_Lights.o
 .bss._ZL5dummy
                0x100001c4        0x1 ./src/Smart_Garden_Lights.o
 .bss._ZL9SyS_Ready
                0x100001c5        0x1 ./src/Smart_Garden_Lights.o
 *fill*         0x100001c6        0x2 
 .bss._ZL3led   0x100001c8        0x4 ./src/Smart_Garden_Lights.o
 .bss._ZZ6scanf3PKczE3buf
                0x100001cc        0x4 ./src/Smart_Garden_Lights.o
 .bss._ZZ6scanf3PKczE4buf2
                0x100001d0       0x80 ./src/Smart_Garden_Lights.o
 .bss._ZL6g_hUsb
                0x10000250        0x4 C:\Users\mido2008\Documents\LPCXpresso_7.6.2_326\workspace2\arm_pro_mini_lib\Debug\libarm_pro_mini_lib.a(usb_serial.o)
 .bss.g_pUsbApi
                0x10000254        0x4 C:\Users\mido2008\Documents\LPCXpresso_7.6.2_326\workspace2\arm_pro_mini_lib\Debug\libarm_pro_mini_lib.a(usb_serial.o)
                0x10000254                g_pUsbApi
 .bss._ZZN10usb_serial5setupEvE9usb_param
                0x10000258       0x44 C:\Users\mido2008\Documents\LPCXpresso_7.6.2_326\workspace2\arm_pro_mini_lib\Debug\libarm_pro_mini_lib.a(usb_serial.o)
 .bss._ZZN10usb_serial5setupEvE4desc
                0x1000029c       0x14 C:\Users\mido2008\Documents\LPCXpresso_7.6.2_326\workspace2\arm_pro_mini_lib\Debug\libarm_pro_mini_lib.a(usb_serial.o)
 .bss._ZN12arm_pro_miniL7commandE
                0x100002b0       0x14 C:\Users\mido2008\Documents\LPCXpresso_7.6.2_326\workspace2\arm_pro_mini_lib\Debug\libarm_pro_mini_lib.a(arm_pro_mini.o)
 .bss._ZN12arm_pro_miniL6resultE
                0x100002c4       0x10 C:\Users\mido2008\Documents\LPCXpresso_7.6.2_326\workspace2\arm_pro_mini_lib\Debug\libarm_pro_mini_lib.a(arm_pro_mini.o)
 .bss.__malloc_sbrk_start
                0x100002d4        0x4 c:/nxp/lpcxpresso_7.6.2_326/lpcxpresso/tools/bin/../lib/gcc/arm-none-eabi/4.9.3/../../../../arm-none-eabi/lib/armv6-m\libc_nano.a(lib_a-nano-mallocr.o)
                0x100002d4                __malloc_sbrk_start
 .bss.__malloc_free_list
                0x100002d8        0x4 c:/nxp/lpcxpresso_7.6.2_326/lpcxpresso/tools/bin/../lib/gcc/arm-none-eabi/4.9.3/../../../../arm-none-eabi/lib/armv6-m\libc_nano.a(lib_a-nano-mallocr.o)
                0x100002d8                __malloc_free_list
 .bss           0x100002dc       0x1c c:/nxp/lpcxpresso_7.6.2_326/lpcxpresso/tools/bin/../lib/gcc/arm-none-eabi/4.9.3/armv6-m\crtbegin.o
 *(COMMON)
 COMMON         0x100002f8       0x14 C:\Users\mido2008\Documents\LPCXpresso_7.6.2_326\workspace2\arm_pro_mini_lib\Debug\libarm_pro_mini_lib.a(cdc_vcom.o)
                0x100002f8                g_vCOM
 COMMON         0x1000030c        0x4 C:\Users\mido2008\Documents\LPCXpresso_7.6.2_326\workspace2\arm_pro_mini_lib\Debug\libarm_pro_mini_lib.a(chip_11xx.o)
                0x1000030c                SystemCoreClock
 COMMON         0x10000310        0x4 c:/nxp/lpcxpresso_7.6.2_326/lpcxpresso/tools/bin/../lib/gcc/arm-none-eabi/4.9.3/../../../../arm-none-eabi/lib/armv6-m\libc_nano.a(lib_a-reent.o)
                0x10000310                errno
 COMMON         0x10000314        0x4 c:/nxp/lpcxpresso_7.6.2_326/lpcxpresso/tools/bin/../lib/gcc/arm-none-eabi/4.9.3/../../../../arm-none-eabi/lib/armv6-m\libcr_newlib_nohost.a(_cr_sbrk.o)
                0x10000314                __end_of_heap
                0x10000318                . = ALIGN (0x4)
                0x10000318                _ebss = .
                0x10000318                PROVIDE (end, .)

.noinit_RAM2    0x20004000        0x0
 *(.noinit.$RAM2*)
 *(.noinit.$RamUsb2*)
                0x20004000                . = ALIGN (0x4)

.noinit_RAM3    0x20000000        0x0
 *(.noinit.$RAM3*)
 *(.noinit.$SRAM1_2*)
                0x20000000                . = ALIGN (0x4)

.noinit         0x10000318        0x0
                0x10000318                _noinit = .
 *(.noinit*)
                0x10000318                . = ALIGN (0x4)
                0x10000318                _end_noinit = .
                0x10000318                PROVIDE (_pvHeapStart, DEFINED (__user_heap_base)?__user_heap_base:.)
                0x10002000                PROVIDE (_vStackTop, DEFINED (__user_stack_top)?__user_stack_top:(__top_RamLoc8 - 0x0))
OUTPUT(Smart_Garden_Lights.axf elf32-littlearm)

.debug_info     0x00000000     0x9b62
 .debug_info    0x00000000     0x1050 ./src/Smart_Garden_Lights.o
 .debug_info    0x00001050     0x1ef5 C:\Users\mido2008\Documents\LPCXpresso_7.6.2_326\workspace2\arm_pro_mini_lib\Debug\libarm_pro_mini_lib.a(usb_serial.o)
 .debug_info    0x00002f45      0x23d C:\Users\mido2008\Documents\LPCXpresso_7.6.2_326\workspace2\arm_pro_mini_lib\Debug\libarm_pro_mini_lib.a(cr_startup_lpc11uxx.o)
 .debug_info    0x00003182       0xbc C:\Users\mido2008\Documents\LPCXpresso_7.6.2_326\workspace2\arm_pro_mini_lib\Debug\libarm_pro_mini_lib.a(sysinit.o)
 .debug_info    0x0000323e      0x8d5 C:\Users\mido2008\Documents\LPCXpresso_7.6.2_326\workspace2\arm_pro_mini_lib\Debug\libarm_pro_mini_lib.a(clock_11xx.o)
 .debug_info    0x00003b13      0x16b C:\Users\mido2008\Documents\LPCXpresso_7.6.2_326\workspace2\arm_pro_mini_lib\Debug\libarm_pro_mini_lib.a(iocon_11xx.o)
 .debug_info    0x00003c7e      0x58e C:\Users\mido2008\Documents\LPCXpresso_7.6.2_326\workspace2\arm_pro_mini_lib\Debug\libarm_pro_mini_lib.a(sysctl_11xx.o)
 .debug_info    0x0000420c      0x831 C:\Users\mido2008\Documents\LPCXpresso_7.6.2_326\workspace2\arm_pro_mini_lib\Debug\libarm_pro_mini_lib.a(timer_11xx.o)
 .debug_info    0x00004a3d      0xbd7 C:\Users\mido2008\Documents\LPCXpresso_7.6.2_326\workspace2\arm_pro_mini_lib\Debug\libarm_pro_mini_lib.a(board_sys_init.o)
 .debug_info    0x00005614      0xeb2 C:\Users\mido2008\Documents\LPCXpresso_7.6.2_326\workspace2\arm_pro_mini_lib\Debug\libarm_pro_mini_lib.a(arm_pro_mini.o)
 .debug_info    0x000064c6      0x699 C:\Users\mido2008\Documents\LPCXpresso_7.6.2_326\workspace2\arm_pro_mini_lib\Debug\libarm_pro_mini_lib.a(isp_button_monitor.o)
 .debug_info    0x00006b5f       0xf9 C:\Users\mido2008\Documents\LPCXpresso_7.6.2_326\workspace2\arm_pro_mini_lib\Debug\libarm_pro_mini_lib.a(cdc_desc.o)
 .debug_info    0x00006c58     0x17ed C:\Users\mido2008\Documents\LPCXpresso_7.6.2_326\workspace2\arm_pro_mini_lib\Debug\libarm_pro_mini_lib.a(cdc_vcom.o)
 .debug_info    0x00008445       0xcd C:\Users\mido2008\Documents\LPCXpresso_7.6.2_326\workspace2\arm_pro_mini_lib\Debug\libarm_pro_mini_lib.a(chip_11xx.o)
 .debug_info    0x00008512      0x985 C:\Users\mido2008\Documents\LPCXpresso_7.6.2_326\workspace2\arm_pro_mini_lib\Debug\libarm_pro_mini_lib.a(gpio_11xx_1.o)
 .debug_info    0x00008e97      0x6e1 C:\Users\mido2008\Documents\LPCXpresso_7.6.2_326\workspace2\arm_pro_mini_lib\Debug\libarm_pro_mini_lib.a(wwdt_11xx.o)
 .debug_info    0x00009578      0x12d c:/nxp/lpcxpresso_7.6.2_326/lpcxpresso/tools/bin/../lib/gcc/arm-none-eabi/4.9.3/../../../../arm-none-eabi/lib/armv6-m\libcr_newlib_nohost.a(_cr_sbrk.o)
 .debug_info    0x000096a5       0xae c:/nxp/lpcxpresso_7.6.2_326/lpcxpresso/tools/bin/../lib/gcc/arm-none-eabi/4.9.3/../../../../arm-none-eabi/lib/armv6-m\libcr_newlib_nohost.a(close.o)
 .debug_info    0x00009753      0x22d c:/nxp/lpcxpresso_7.6.2_326/lpcxpresso/tools/bin/../lib/gcc/arm-none-eabi/4.9.3/../../../../arm-none-eabi/lib/armv6-m\libcr_newlib_nohost.a(fstat.o)
 .debug_info    0x00009980       0xae c:/nxp/lpcxpresso_7.6.2_326/lpcxpresso/tools/bin/../lib/gcc/arm-none-eabi/4.9.3/../../../../arm-none-eabi/lib/armv6-m\libcr_newlib_nohost.a(isatty.o)
 .debug_info    0x00009a2e       0xca c:/nxp/lpcxpresso_7.6.2_326/lpcxpresso/tools/bin/../lib/gcc/arm-none-eabi/4.9.3/../../../../arm-none-eabi/lib/armv6-m\libcr_newlib_nohost.a(lseek.o)
 .debug_info    0x00009af8       0x6a c:/nxp/lpcxpresso_7.6.2_326/lpcxpresso/tools/bin/../lib/gcc/arm-none-eabi/4.9.3/../../../../arm-none-eabi/lib/armv6-m\libcr_newlib_nohost.a(_cr_check_heap.o)

.debug_abbrev   0x00000000     0x1c5b
 .debug_abbrev  0x00000000      0x3a0 ./src/Smart_Garden_Lights.o
 .debug_abbrev  0x000003a0      0x312 C:\Users\mido2008\Documents\LPCXpresso_7.6.2_326\workspace2\arm_pro_mini_lib\Debug\libarm_pro_mini_lib.a(usb_serial.o)
 .debug_abbrev  0x000006b2       0xf0 C:\Users\mido2008\Documents\LPCXpresso_7.6.2_326\workspace2\arm_pro_mini_lib\Debug\libarm_pro_mini_lib.a(cr_startup_lpc11uxx.o)
 .debug_abbrev  0x000007a2       0x6a C:\Users\mido2008\Documents\LPCXpresso_7.6.2_326\workspace2\arm_pro_mini_lib\Debug\libarm_pro_mini_lib.a(sysinit.o)
 .debug_abbrev  0x0000080c      0x1bc C:\Users\mido2008\Documents\LPCXpresso_7.6.2_326\workspace2\arm_pro_mini_lib\Debug\libarm_pro_mini_lib.a(clock_11xx.o)
 .debug_abbrev  0x000009c8       0xc8 C:\Users\mido2008\Documents\LPCXpresso_7.6.2_326\workspace2\arm_pro_mini_lib\Debug\libarm_pro_mini_lib.a(iocon_11xx.o)
 .debug_abbrev  0x00000a90       0xce C:\Users\mido2008\Documents\LPCXpresso_7.6.2_326\workspace2\arm_pro_mini_lib\Debug\libarm_pro_mini_lib.a(sysctl_11xx.o)
 .debug_abbrev  0x00000b5e      0x191 C:\Users\mido2008\Documents\LPCXpresso_7.6.2_326\workspace2\arm_pro_mini_lib\Debug\libarm_pro_mini_lib.a(timer_11xx.o)
 .debug_abbrev  0x00000cef      0x224 C:\Users\mido2008\Documents\LPCXpresso_7.6.2_326\workspace2\arm_pro_mini_lib\Debug\libarm_pro_mini_lib.a(board_sys_init.o)
 .debug_abbrev  0x00000f13      0x256 C:\Users\mido2008\Documents\LPCXpresso_7.6.2_326\workspace2\arm_pro_mini_lib\Debug\libarm_pro_mini_lib.a(arm_pro_mini.o)
 .debug_abbrev  0x00001169      0x183 C:\Users\mido2008\Documents\LPCXpresso_7.6.2_326\workspace2\arm_pro_mini_lib\Debug\libarm_pro_mini_lib.a(isp_button_monitor.o)
 .debug_abbrev  0x000012ec       0x60 C:\Users\mido2008\Documents\LPCXpresso_7.6.2_326\workspace2\arm_pro_mini_lib\Debug\libarm_pro_mini_lib.a(cdc_desc.o)
 .debug_abbrev  0x0000134c      0x274 C:\Users\mido2008\Documents\LPCXpresso_7.6.2_326\workspace2\arm_pro_mini_lib\Debug\libarm_pro_mini_lib.a(cdc_vcom.o)
 .debug_abbrev  0x000015c0       0x7b C:\Users\mido2008\Documents\LPCXpresso_7.6.2_326\workspace2\arm_pro_mini_lib\Debug\libarm_pro_mini_lib.a(chip_11xx.o)
 .debug_abbrev  0x0000163b      0x173 C:\Users\mido2008\Documents\LPCXpresso_7.6.2_326\workspace2\arm_pro_mini_lib\Debug\libarm_pro_mini_lib.a(gpio_11xx_1.o)
 .debug_abbrev  0x000017ae      0x14a C:\Users\mido2008\Documents\LPCXpresso_7.6.2_326\workspace2\arm_pro_mini_lib\Debug\libarm_pro_mini_lib.a(wwdt_11xx.o)
 .debug_abbrev  0x000018f8       0xf6 c:/nxp/lpcxpresso_7.6.2_326/lpcxpresso/tools/bin/../lib/gcc/arm-none-eabi/4.9.3/../../../../arm-none-eabi/lib/armv6-m\libcr_newlib_nohost.a(_cr_sbrk.o)
 .debug_abbrev  0x000019ee       0x66 c:/nxp/lpcxpresso_7.6.2_326/lpcxpresso/tools/bin/../lib/gcc/arm-none-eabi/4.9.3/../../../../arm-none-eabi/lib/armv6-m\libcr_newlib_nohost.a(close.o)
 .debug_abbrev  0x00001a54       0xbb c:/nxp/lpcxpresso_7.6.2_326/lpcxpresso/tools/bin/../lib/gcc/arm-none-eabi/4.9.3/../../../../arm-none-eabi/lib/armv6-m\libcr_newlib_nohost.a(fstat.o)
 .debug_abbrev  0x00001b0f       0x66 c:/nxp/lpcxpresso_7.6.2_326/lpcxpresso/tools/bin/../lib/gcc/arm-none-eabi/4.9.3/../../../../arm-none-eabi/lib/armv6-m\libcr_newlib_nohost.a(isatty.o)
 .debug_abbrev  0x00001b75       0x84 c:/nxp/lpcxpresso_7.6.2_326/lpcxpresso/tools/bin/../lib/gcc/arm-none-eabi/4.9.3/../../../../arm-none-eabi/lib/armv6-m\libcr_newlib_nohost.a(lseek.o)
 .debug_abbrev  0x00001bf9       0x62 c:/nxp/lpcxpresso_7.6.2_326/lpcxpresso/tools/bin/../lib/gcc/arm-none-eabi/4.9.3/../../../../arm-none-eabi/lib/armv6-m\libcr_newlib_nohost.a(_cr_check_heap.o)

.debug_aranges  0x00000000      0x618
 .debug_aranges
                0x00000000       0xc8 ./src/Smart_Garden_Lights.o
 .debug_aranges
                0x000000c8       0x60 C:\Users\mido2008\Documents\LPCXpresso_7.6.2_326\workspace2\arm_pro_mini_lib\Debug\libarm_pro_mini_lib.a(usb_serial.o)
 .debug_aranges
                0x00000128       0x60 C:\Users\mido2008\Documents\LPCXpresso_7.6.2_326\workspace2\arm_pro_mini_lib\Debug\libarm_pro_mini_lib.a(cr_startup_lpc11uxx.o)
 .debug_aranges
                0x00000188       0x20 C:\Users\mido2008\Documents\LPCXpresso_7.6.2_326\workspace2\arm_pro_mini_lib\Debug\libarm_pro_mini_lib.a(sysinit.o)
 .debug_aranges
                0x000001a8       0xa0 C:\Users\mido2008\Documents\LPCXpresso_7.6.2_326\workspace2\arm_pro_mini_lib\Debug\libarm_pro_mini_lib.a(clock_11xx.o)
 .debug_aranges
                0x00000248       0x20 C:\Users\mido2008\Documents\LPCXpresso_7.6.2_326\workspace2\arm_pro_mini_lib\Debug\libarm_pro_mini_lib.a(iocon_11xx.o)
 .debug_aranges
                0x00000268       0x38 C:\Users\mido2008\Documents\LPCXpresso_7.6.2_326\workspace2\arm_pro_mini_lib\Debug\libarm_pro_mini_lib.a(sysctl_11xx.o)
 .debug_aranges
                0x000002a0       0x50 C:\Users\mido2008\Documents\LPCXpresso_7.6.2_326\workspace2\arm_pro_mini_lib\Debug\libarm_pro_mini_lib.a(timer_11xx.o)
 .debug_aranges
                0x000002f0       0x88 C:\Users\mido2008\Documents\LPCXpresso_7.6.2_326\workspace2\arm_pro_mini_lib\Debug\libarm_pro_mini_lib.a(board_sys_init.o)
 .debug_aranges
                0x00000378       0x48 C:\Users\mido2008\Documents\LPCXpresso_7.6.2_326\workspace2\arm_pro_mini_lib\Debug\libarm_pro_mini_lib.a(arm_pro_mini.o)
 .debug_aranges
                0x000003c0       0x38 C:\Users\mido2008\Documents\LPCXpresso_7.6.2_326\workspace2\arm_pro_mini_lib\Debug\libarm_pro_mini_lib.a(isp_button_monitor.o)
 .debug_aranges
                0x000003f8       0x18 C:\Users\mido2008\Documents\LPCXpresso_7.6.2_326\workspace2\arm_pro_mini_lib\Debug\libarm_pro_mini_lib.a(cdc_desc.o)
 .debug_aranges
                0x00000410       0x70 C:\Users\mido2008\Documents\LPCXpresso_7.6.2_326\workspace2\arm_pro_mini_lib\Debug\libarm_pro_mini_lib.a(cdc_vcom.o)
 .debug_aranges
                0x00000480       0x20 C:\Users\mido2008\Documents\LPCXpresso_7.6.2_326\workspace2\arm_pro_mini_lib\Debug\libarm_pro_mini_lib.a(chip_11xx.o)
 .debug_aranges
                0x000004a0       0x78 C:\Users\mido2008\Documents\LPCXpresso_7.6.2_326\workspace2\arm_pro_mini_lib\Debug\libarm_pro_mini_lib.a(gpio_11xx_1.o)
 .debug_aranges
                0x00000518       0x40 C:\Users\mido2008\Documents\LPCXpresso_7.6.2_326\workspace2\arm_pro_mini_lib\Debug\libarm_pro_mini_lib.a(wwdt_11xx.o)
 .debug_aranges
                0x00000558       0x20 c:/nxp/lpcxpresso_7.6.2_326/lpcxpresso/tools/bin/../lib/gcc/arm-none-eabi/4.9.3/../../../../arm-none-eabi/lib/armv6-m\libcr_newlib_nohost.a(_cr_sbrk.o)
 .debug_aranges
                0x00000578       0x20 c:/nxp/lpcxpresso_7.6.2_326/lpcxpresso/tools/bin/../lib/gcc/arm-none-eabi/4.9.3/../../../../arm-none-eabi/lib/armv6-m\libcr_newlib_nohost.a(close.o)
 .debug_aranges
                0x00000598       0x20 c:/nxp/lpcxpresso_7.6.2_326/lpcxpresso/tools/bin/../lib/gcc/arm-none-eabi/4.9.3/../../../../arm-none-eabi/lib/armv6-m\libcr_newlib_nohost.a(fstat.o)
 .debug_aranges
                0x000005b8       0x20 c:/nxp/lpcxpresso_7.6.2_326/lpcxpresso/tools/bin/../lib/gcc/arm-none-eabi/4.9.3/../../../../arm-none-eabi/lib/armv6-m\libcr_newlib_nohost.a(isatty.o)
 .debug_aranges
                0x000005d8       0x20 c:/nxp/lpcxpresso_7.6.2_326/lpcxpresso/tools/bin/../lib/gcc/arm-none-eabi/4.9.3/../../../../arm-none-eabi/lib/armv6-m\libcr_newlib_nohost.a(lseek.o)
 .debug_aranges
                0x000005f8       0x20 c:/nxp/lpcxpresso_7.6.2_326/lpcxpresso/tools/bin/../lib/gcc/arm-none-eabi/4.9.3/../../../../arm-none-eabi/lib/armv6-m\libcr_newlib_nohost.a(_cr_check_heap.o)

.debug_ranges   0x00000000      0x4b0
 .debug_ranges  0x00000000       0xb8 ./src/Smart_Garden_Lights.o
 .debug_ranges  0x000000b8       0x50 C:\Users\mido2008\Documents\LPCXpresso_7.6.2_326\workspace2\arm_pro_mini_lib\Debug\libarm_pro_mini_lib.a(usb_serial.o)
 .debug_ranges  0x00000108       0x50 C:\Users\mido2008\Documents\LPCXpresso_7.6.2_326\workspace2\arm_pro_mini_lib\Debug\libarm_pro_mini_lib.a(cr_startup_lpc11uxx.o)
 .debug_ranges  0x00000158       0x10 C:\Users\mido2008\Documents\LPCXpresso_7.6.2_326\workspace2\arm_pro_mini_lib\Debug\libarm_pro_mini_lib.a(sysinit.o)
 .debug_ranges  0x00000168       0x90 C:\Users\mido2008\Documents\LPCXpresso_7.6.2_326\workspace2\arm_pro_mini_lib\Debug\libarm_pro_mini_lib.a(clock_11xx.o)
 .debug_ranges  0x000001f8       0x10 C:\Users\mido2008\Documents\LPCXpresso_7.6.2_326\workspace2\arm_pro_mini_lib\Debug\libarm_pro_mini_lib.a(iocon_11xx.o)
 .debug_ranges  0x00000208       0x28 C:\Users\mido2008\Documents\LPCXpresso_7.6.2_326\workspace2\arm_pro_mini_lib\Debug\libarm_pro_mini_lib.a(sysctl_11xx.o)
 .debug_ranges  0x00000230       0x40 C:\Users\mido2008\Documents\LPCXpresso_7.6.2_326\workspace2\arm_pro_mini_lib\Debug\libarm_pro_mini_lib.a(timer_11xx.o)
 .debug_ranges  0x00000270       0x78 C:\Users\mido2008\Documents\LPCXpresso_7.6.2_326\workspace2\arm_pro_mini_lib\Debug\libarm_pro_mini_lib.a(board_sys_init.o)
 .debug_ranges  0x000002e8       0x38 C:\Users\mido2008\Documents\LPCXpresso_7.6.2_326\workspace2\arm_pro_mini_lib\Debug\libarm_pro_mini_lib.a(arm_pro_mini.o)
 .debug_ranges  0x00000320       0x28 C:\Users\mido2008\Documents\LPCXpresso_7.6.2_326\workspace2\arm_pro_mini_lib\Debug\libarm_pro_mini_lib.a(isp_button_monitor.o)
 .debug_ranges  0x00000348       0x60 C:\Users\mido2008\Documents\LPCXpresso_7.6.2_326\workspace2\arm_pro_mini_lib\Debug\libarm_pro_mini_lib.a(cdc_vcom.o)
 .debug_ranges  0x000003a8       0x10 C:\Users\mido2008\Documents\LPCXpresso_7.6.2_326\workspace2\arm_pro_mini_lib\Debug\libarm_pro_mini_lib.a(chip_11xx.o)
 .debug_ranges  0x000003b8       0x68 C:\Users\mido2008\Documents\LPCXpresso_7.6.2_326\workspace2\arm_pro_mini_lib\Debug\libarm_pro_mini_lib.a(gpio_11xx_1.o)